Component: ARM Compiler 5.06 update 4 (build 422) Tool: armlink [4d35d2]

==============================================================================

Section Cross References

    los_priqueue.o(i.LOS_PriqueueEnqueue) refers to los_priqueue.o(.data) for g_pstLosPriorityQueueList
    los_priqueue.o(i.LOS_PriqueueSize) refers to los_priqueue.o(.data) for g_pstLosPriorityQueueList
    los_priqueue.o(i.LOS_PriqueueTop) refers to los_priqueue.o(.data) for g_pstLosPriorityQueueList
    los_priqueue.o(i.LOS_PriqueueTotalSize) refers to los_priqueue.o(i.LOS_PriqueueSize) for LOS_PriqueueSize
    los_priqueue.o(i.osPriqueueInit) refers to los_memory.o(i.LOS_MemAlloc) for LOS_MemAlloc
    los_priqueue.o(i.osPriqueueInit) refers to los_config.o(.data) for m_aucSysMem0
    los_priqueue.o(i.osPriqueueInit) refers to los_priqueue.o(.data) for g_pstLosPriorityQueueList
    los_swtmr.o(i.LOS_SwtmrCreate) refers to los_dispatch_keil.o(.text) for LOS_IntLock
    los_swtmr.o(i.LOS_SwtmrCreate) refers to los_swtmr.o(.data) for m_pstSwtmrFreeList
    los_swtmr.o(i.LOS_SwtmrDelete) refers to los_dispatch_keil.o(.text) for LOS_IntLock
    los_swtmr.o(i.LOS_SwtmrDelete) refers to los_swtmr.o(i.osSwtmrStop) for osSwtmrStop
    los_swtmr.o(i.LOS_SwtmrDelete) refers to los_swtmr.o(i.osSwtmrDelete) for osSwtmrDelete
    los_swtmr.o(i.LOS_SwtmrDelete) refers to los_swtmr.o(.data) for m_pstSwtmrCBArray
    los_swtmr.o(i.LOS_SwtmrStart) refers to los_dispatch_keil.o(.text) for LOS_IntLock
    los_swtmr.o(i.LOS_SwtmrStart) refers to los_swtmr.o(i.osSwtmrStop) for osSwtmrStop
    los_swtmr.o(i.LOS_SwtmrStart) refers to los_swtmr.o(i.osSwTmrStart) for osSwTmrStart
    los_swtmr.o(i.LOS_SwtmrStart) refers to los_swtmr.o(.data) for m_pstSwtmrCBArray
    los_swtmr.o(i.LOS_SwtmrStop) refers to los_dispatch_keil.o(.text) for LOS_IntLock
    los_swtmr.o(i.LOS_SwtmrStop) refers to los_swtmr.o(i.osSwtmrStop) for osSwtmrStop
    los_swtmr.o(i.LOS_SwtmrStop) refers to los_swtmr.o(.data) for m_pstSwtmrCBArray
    los_swtmr.o(i.osSwTmrAdjust) refers to los_swtmr.o(i.osSwTmrTimeoutHandle) for osSwTmrTimeoutHandle
    los_swtmr.o(i.osSwTmrAdjust) refers to los_swtmr.o(.data) for m_pstSwtmrSortList
    los_swtmr.o(i.osSwTmrGetNextTimeout) refers to los_swtmr.o(.data) for m_pstSwtmrSortList
    los_swtmr.o(i.osSwTmrInit) refers to los_memory.o(i.LOS_MemAlloc) for LOS_MemAlloc
    los_swtmr.o(i.osSwTmrInit) refers to memseta.o(.text) for __aeabi_memclr4
    los_swtmr.o(i.osSwTmrInit) refers to los_membox.o(i.LOS_MemboxInit) for LOS_MemboxInit
    los_swtmr.o(i.osSwTmrInit) refers to los_queue.o(i.LOS_QueueCreate) for LOS_QueueCreate
    los_swtmr.o(i.osSwTmrInit) refers to los_swtmr.o(i.osSwTmrTaskCreate) for osSwTmrTaskCreate
    los_swtmr.o(i.osSwTmrInit) refers to los_swtmr.o(.data) for m_pstSwtmrSortList
    los_swtmr.o(i.osSwTmrInit) refers to los_config.o(.data) for m_aucSysMem0
    los_swtmr.o(i.osSwTmrInit) refers to los_swtmr.o(.bss) for m_aucSwTmrHandlerPool
    los_swtmr.o(i.osSwTmrStart) refers to los_swtmr.o(.data) for m_pstSwtmrSortList
    los_swtmr.o(i.osSwTmrTask) refers to los_queue.o(i.LOS_QueueRead) for LOS_QueueRead
    los_swtmr.o(i.osSwTmrTask) refers to los_membox.o(i.LOS_MemboxFree) for LOS_MemboxFree
    los_swtmr.o(i.osSwTmrTask) refers to los_swtmr.o(.data) for m_uwSwTmrHandlerQueue
    los_swtmr.o(i.osSwTmrTask) refers to los_swtmr.o(.bss) for m_aucSwTmrHandlerPool
    los_swtmr.o(i.osSwTmrTaskCreate) refers to memseta.o(.text) for __aeabi_memclr4
    los_swtmr.o(i.osSwTmrTaskCreate) refers to los_task.o(i.LOS_TaskCreate) for LOS_TaskCreate
    los_swtmr.o(i.osSwTmrTaskCreate) refers to los_swtmr.o(i.osSwTmrTask) for osSwTmrTask
    los_swtmr.o(i.osSwTmrTaskCreate) refers to los_task.o(.data) for g_uwSwtmrTaskID
    los_swtmr.o(i.osSwTmrTimeoutHandle) refers to los_membox.o(i.LOS_MemboxAlloc) for LOS_MemboxAlloc
    los_swtmr.o(i.osSwTmrTimeoutHandle) refers to los_queue.o(i.LOS_QueueWrite) for LOS_QueueWrite
    los_swtmr.o(i.osSwTmrTimeoutHandle) refers to los_membox.o(i.LOS_MemboxFree) for LOS_MemboxFree
    los_swtmr.o(i.osSwTmrTimeoutHandle) refers to los_swtmr.o(i.osSwtmrDelete) for osSwtmrDelete
    los_swtmr.o(i.osSwTmrTimeoutHandle) refers to los_swtmr.o(i.osSwTmrStart) for osSwTmrStart
    los_swtmr.o(i.osSwTmrTimeoutHandle) refers to los_swtmr.o(.data) for m_pstSwtmrSortList
    los_swtmr.o(i.osSwTmrTimeoutHandle) refers to los_swtmr.o(.bss) for m_aucSwTmrHandlerPool
    los_swtmr.o(i.osSwtmrDelete) refers to los_swtmr.o(.data) for m_pstSwtmrFreeList
    los_swtmr.o(i.osSwtmrScan) refers to los_swtmr.o(i.osSwTmrTimeoutHandle) for osSwTmrTimeoutHandle
    los_swtmr.o(i.osSwtmrScan) refers to los_swtmr.o(.data) for m_pstSwtmrSortList
    los_swtmr.o(i.osSwtmrStop) refers to los_swtmr.o(.data) for m_pstSwtmrSortList
    los_sys.o(i.LOS_MS2Tick) refers to uldiv.o(.text) for __aeabi_uldivmod
[...]
    ADC3_IRQHandler                          0x080002bb   Thumb Code     0  startup_stm32l476xx.o(.text)
    CAN1_RX0_IRQHandler                      0x080002bb   Thumb Code     0  startup_stm32l476xx.o(.text)
    CAN1_RX1_IRQHandler                      0x080002bb   Thumb Code     0  startup_stm32l476xx.o(.text)
    CAN1_SCE_IRQHandler                      0x080002bb   Thumb Code     0  startup_stm32l476xx.o(.text)
    CAN1_TX_IRQHandler                       0x080002bb   Thumb Code     0  startup_stm32l476xx.o(.text)
    COMP_IRQHandler                          0x080002bb   Thumb Code     0  startup_stm32l476xx.o(.text)
    DFSDM1_FLT0_IRQHandler                   0x080002bb   Thumb Code     0  startup_stm32l476xx.o(.text)
    DFSDM1_FLT1_IRQHandler                   0x080002bb   Thumb Code     0  startup_stm32l476xx.o(.text)
    DFSDM1_FLT2_IRQHandler                   0x080002bb   Thumb Code     0  startup_stm32l476xx.o(.text)
    DFSDM1_FLT3_IRQHandler                   0x080002bb   Thumb Code     0  startup_stm32l476xx.o(.text)
    DMA1_Channel1_IRQHandler                 0x080002bb   Thumb Code     0  startup_stm32l476xx.o(.text)
    DMA1_Channel2_IRQHandler                 0x080002bb   Thumb Code     0  startup_stm32l476xx.o(.text)
    DMA1_Channel3_IRQHandler                 0x080002bb   Thumb Code     0  startup_stm32l476xx.o(.text)
    DMA1_Channel4_IRQHandler                 0x080002bb   Thumb Code     0  startup_stm32l476xx.o(.text)
    DMA1_Channel5_IRQHandler                 0x080002bb   Thumb Code     0  startup_stm32l476xx.o(.text)
    DMA1_Channel6_IRQHandler                 0x080002bb   Thumb Code     0  startup_stm32l476xx.o(.text)
    DMA1_Channel7_IRQHandler                 0x080002bb   Thumb Code     0  startup_stm32l476xx.o(.text)
    DMA2_Channel1_IRQHandler                 0x080002bb   Thumb Code     0  startup_stm32l476xx.o(.text)
    DMA2_Channel2_IRQHandler                 0x080002bb   Thumb Code     0  startup_stm32l476xx.o(.text)
    DMA2_Channel3_IRQHandler                 0x080002bb   Thumb Code     0  startup_stm32l476xx.o(.text)
    DMA2_Channel4_IRQHandler                 0x080002bb   Thumb Code     0  startup_stm32l476xx.o(.text)
    DMA2_Channel5_IRQHandler                 0x080002bb   Thumb Code     0  startup_stm32l476xx.o(.text)
    DMA2_Channel6_IRQHandler                 0x080002bb   Thumb Code     0  startup_stm32l476xx.o(.text)
    DMA2_Channel7_IRQHandler                 0x080002bb   Thumb Code     0  startup_stm32l476xx.o(.text)
    EXTI0_IRQHandler                         0x080002bb   Thumb Code     0  startup_stm32l476xx.o(.text)
    EXTI15_10_IRQHandler                     0x080002bb   Thumb Code     0  startup_stm32l476xx.o(.text)
    EXTI1_IRQHandler                         0x080002bb   Thumb Code     0  startup_stm32l476xx.o(.text)
    EXTI2_IRQHandler                         0x080002bb   Thumb Code     0  startup_stm32l476xx.o(.text)
    EXTI3_IRQHandler                         0x080002bb   Thumb Code     0  startup_stm32l476xx.o(.text)
    EXTI4_IRQHandler                         0x080002bb   Thumb Code     0  startup_stm32l476xx.o(.text)
    EXTI9_5_IRQHandler                       0x080002bb   Thumb Code     0  startup_stm32l476xx.o(.text)
    FLASH_IRQHandler                         0x080002bb   Thumb Code     0  startup_stm32l476xx.o(.text)
    FMC_IRQHandler                           0x080002bb   Thumb Code     0  startup_stm32l476xx.o(.text)
    FPU_IRQHandler                           0x080002bb   Thumb Code     0  startup_stm32l476xx.o(.text)
    I2C1_ER_IRQHandler                       0x080002bb   Thumb Code     0  startup_stm32l476xx.o(.text)
    I2C1_EV_IRQHandler                       0x080002bb   Thumb Code     0  startup_stm32l476xx.o(.text)
    I2C2_ER_IRQHandler                       0x080002bb   Thumb Code     0  startup_stm32l476xx.o(.text)
    I2C2_EV_IRQHandler                       0x080002bb   Thumb Code     0  startup_stm32l476xx.o(.text)
    I2C3_ER_IRQHandler                       0x080002bb   Thumb Code     0  startup_stm32l476xx.o(.text)
    I2C3_EV_IRQHandler                       0x080002bb   Thumb Code     0  startup_stm32l476xx.o(.text)
    LCD_IRQHandler                           0x080002bb   Thumb Code     0  startup_stm32l476xx.o(.text)
    LPTIM1_IRQHandler                        0x080002bb   Thumb Code     0  startup_stm32l476xx.o(.text)
    LPTIM2_IRQHandler                        0x080002bb   Thumb Code     0  startup_stm32l476xx.o(.text)
    LPUART1_IRQHandler                       0x080002bb   Thumb Code     0  startup_stm32l476xx.o(.text)
    OTG_FS_IRQHandler                        0x080002bb   Thumb Code     0  startup_stm32l476xx.o(.text)
    PVD_PVM_IRQHandler                       0x080002bb   Thumb Code     0  startup_stm32l476xx.o(.text)
    QUADSPI_IRQHandler                       0x080002bb   Thumb Code     0  startup_stm32l476xx.o(.text)
    RCC_IRQHandler                           0x080002bb   Thumb Code     0  startup_stm32l476xx.o(.text)
    RNG_IRQHandler                           0x080002bb   Thumb Code     0  startup_stm32l476xx.o(.text)
    RTC_Alarm_IRQHandler                     0x080002bb   Thumb Code     0  startup_stm32l476xx.o(.text)
    RTC_WKUP_IRQHandler                      0x080002bb   Thumb Code     0  startup_stm32l476xx.o(.text)
    SAI1_IRQHandler                          0x080002bb   Thumb Code     0  startup_stm32l476xx.o(.text)
    SAI2_IRQHandler                          0x080002bb   Thumb Code     0  startup_stm32l476xx.o(.text)
    SDMMC1_IRQHandler                        0x080002bb   Thumb Code     0  startup_stm32l476xx.o(.text)
    SPI3_IRQHandler                          0x080002bb   Thumb Code     0  startup_stm32l476xx.o(.text)
    SWPMI1_IRQHandler                        0x080002bb   Thumb Code     0  startup_stm32l476xx.o(.text)
    TAMP_STAMP_IRQHandler                    0x080002bb   Thumb Code     0  startup_stm32l476xx.o(.text)
    TIM1_BRK_TIM15_IRQHandler                0x080002bb   Thumb Code     0  startup_stm32l476xx.o(.text)
    TIM1_CC_IRQHandler                       0x080002bb   Thumb Code     0  startup_stm32l476xx.o(.text)
    TIM1_TRG_COM_TIM17_IRQHandler            0x080002bb   Thumb Code     0  startup_stm32l476xx.o(.text)
    TIM1_UP_TIM16_IRQHandler                 0x080002bb   Thumb Code     0  startup_stm32l476xx.o(.text)
    TIM2_IRQHandler                          0x080002bb   Thumb Code     0  startup_stm32l476xx.o(.text)
    TIM3_IRQHandler                          0x080002bb   Thumb Code     0  startup_stm32l476xx.o(.text)
    TIM4_IRQHandler                          0x080002bb   Thumb Code     0  startup_stm32l476xx.o(.text)
    TIM5_IRQHandler                          0x080002bb   Thumb Code     0  startup_stm32l476xx.o(.text)
    TIM6_DAC_IRQHandler                      0x080002bb   Thumb Code     0  startup_stm32l476xx.o(.text)
    TIM7_IRQHandler                          0x080002bb   Thumb Code     0  startup_stm32l476xx.o(.text)
    TIM8_BRK_IRQHandler                      0x080002bb   Thumb Code     0  startup_stm32l476xx.o(.text)
    TIM8_CC_IRQHandler                       0x080002bb   Thumb Code     0  startup_stm32l476xx.o(.text)
    TIM8_TRG_COM_IRQHandler                  0x080002bb   Thumb Code     0  startup_stm32l476xx.o(.text)
    TIM8_UP_IRQHandler                       0x080002bb   Thumb Code     0  startup_stm32l476xx.o(.text)
    TSC_IRQHandler                           0x080002bb   Thumb Code     0  startup_stm32l476xx.o(.text)
    UART4_IRQHandler                         0x080002bb   Thumb Code     0  startup_stm32l476xx.o(.text)
    UART5_IRQHandler                         0x080002bb   Thumb Code     0  startup_stm32l476xx.o(.text)
    USART1_IRQHandler                        0x080002bb   Thumb Code     0  startup_stm32l476xx.o(.text)
    WWDG_IRQHandler                          0x080002bb   Thumb Code     0  startup_stm32l476xx.o(.text)
    __aeabi_uldivmod                         0x080002c5   Thumb Code    98  uldiv.o(.text)
    rand                                     0x0800032d   Thumb Code    20  rand.o(.text)
    srand                                    0x08000341   Thumb Code     6  rand.o(.text)
    __aeabi_memcpy                           0x08000351   Thumb Code    36  memcpya.o(.text)
    __aeabi_memcpy4                          0x08000351   Thumb Code     0  memcpya.o(.text)
    __aeabi_memcpy8                          0x08000351   Thumb Code     0  memcpya.o(.text)
    __aeabi_memset                           0x08000375   Thumb Code    14  memseta.o(.text)
    __aeabi_memset4                          0x08000375   Thumb Code     0  memseta.o(.text)
    __aeabi_memset8                          0x08000375   Thumb Code     0  memseta.o(.text)
    __aeabi_memclr                           0x08000383   Thumb Code     4  memseta.o(.text)
    __aeabi_memclr4                          0x08000383   Thumb Code     0  memseta.o(.text)
    __aeabi_memclr8                          0x08000383   Thumb Code     0  memseta.o(.text)
    _memset$wrapper                          0x08000387   Thumb Code    18  memseta.o(.text)
    strstr                                   0x08000399   Thumb Code    36  strstr.o(.text)
    strlen                                   0x080003bd   Thumb Code    14  strlen.o(.text)
    memcmp                                   0x080003cb   Thumb Code    26  memcmp.o(.text)
    __0sscanf                                0x080003e5   Thumb Code    48  __0sscanf.o(.text)
    _scanf_int                               0x0800041d   Thumb Code   332  _scanf_int.o(.text)
    _scanf_string                            0x0800056f   Thumb Code   224  _scanf_str.o(.text)
    atoi                                     0x08000655   Thumb Code    26  atoi.o(.text)
    __aeabi_ddiv                             0x0800066f   Thumb Code   222  ddiv.o(.text)
    __aeabi_d2ulz                            0x0800074d   Thumb Code    48  dfixul.o(.text)
    __aeabi_uidiv                            0x0800077d   Thumb Code     0  uidiv.o(.text)
    __aeabi_uidivmod                         0x0800077d   Thumb Code    44  uidiv.o(.text)
    __aeabi_llsl                             0x080007a9   Thumb Code    30  llshl.o(.text)
    _ll_shift_l                              0x080007a9   Thumb Code     0  llshl.o(.text)
    __aeabi_llsr                             0x080007c7   Thumb Code    32  llushr.o(.text)
    _ll_ushift_r                             0x080007c7   Thumb Code     0  llushr.o(.text)
    _chval                                   0x080007e7   Thumb Code    28  _chval.o(.text)
    __vfscanf_char                           0x08000811   Thumb Code    20  scanf_char.o(.text)
    _sgetc                                   0x0800082d   Thumb Code    30  _sgetc.o(.text)
    _sbackspace                              0x0800084b   Thumb Code    34  _sgetc.o(.text)
    strtol                                   0x0800086d   Thumb Code   112  strtol.o(.text)
    __I$use$fp                               0x080008dd   Thumb Code     0  iusefp.o(.text)
    _double_round                            0x080008dd   Thumb Code    30  depilogue.o(.text)
    _double_epilogue                         0x080008fb   Thumb Code   156  depilogue.o(.text)
    __aeabi_dadd                             0x08000997   Thumb Code   322  dadd.o(.text)
    __aeabi_dsub                             0x08000ad9   Thumb Code     6  dadd.o(.text)
    __aeabi_drsub                            0x08000adf   Thumb Code     6  dadd.o(.text)
    __aeabi_dmul                             0x08000af5   Thumb Code   228  dmul.o(.text)
    __aeabi_cdrcmple                         0x08000be1   Thumb Code    48  cdrcmple.o(.text)
    __scatterload                            0x08000c11   Thumb Code    28  init.o(.text)
    __scatterload_rt2                        0x08000c11   Thumb Code     0  init.o(.text)
    __aeabi_lasr                             0x08000c35   Thumb Code    36  llsshr.o(.text)
    _ll_sshift_r                             0x08000c35   Thumb Code     0  llsshr.o(.text)
    __rt_ctype_table                         0x08000c59   Thumb Code     4  ctype_o.o(.text)
    isspace                                  0x08000c61   Thumb Code    18  isspace_o.o(.text)
    __vfscanf                                0x08000c75   Thumb Code   808  _scanf.o(.text)
    _strtoul                                 0x08000fa7   Thumb Code   158  _strtoul.o(.text)
    __decompress                             0x0800104b   Thumb Code     0  __dczerorl2.o(.text)
    __decompress1                            0x0800104b   Thumb Code    86  __dczerorl2.o(.text)
    BusFault_Handler                         0x080010a1   Thumb Code     4  stm32l4xx_it.o(i.BusFault_Handler)
    DebugMon_Handler                         0x080010a5   Thumb Code     2  stm32l4xx_it.o(i.DebugMon_Handler)
    HAL_GPIO_Init                            0x080010a9   Thumb Code   484  stm32l4xx_hal_gpio.o(i.HAL_GPIO_Init)
    HAL_GPIO_WritePin                        0x080012b1   Thumb Code    10  stm32l4xx_hal_gpio.o(i.HAL_GPIO_WritePin)
    HAL_GetTick                              0x080012bd   Thumb Code     6  stm32l4xx_hal.o(i.HAL_GetTick)
    HAL_IncTick                              0x080012c9   Thumb Code    12  stm32l4xx_hal.o(i.HAL_IncTick)
    HAL_Init                                 0x080012d9   Thumb Code    22  stm32l4xx_hal.o(i.HAL_Init)
    HAL_InitTick                             0x080012f1   Thumb Code    36  stm32l4xx_hal.o(i.HAL_InitTick)
    HAL_MspInit                              0x08001319   Thumb Code   140  stm32l4xx_hal_msp.o(i.HAL_MspInit)
    HAL_NVIC_EnableIRQ                       0x080013a9   Thumb Code    26  stm32l4xx_hal_cortex.o(i.HAL_NVIC_EnableIRQ)
    HAL_NVIC_SetPriority                     0x080013c3   Thumb Code   124  stm32l4xx_hal_cortex.o(i.HAL_NVIC_SetPriority)
    HAL_NVIC_SetPriorityGrouping             0x08001445   Thumb Code    32  stm32l4xx_hal_cortex.o(i.HAL_NVIC_SetPriorityGrouping)
    HAL_PWREx_ControlVoltageScaling          0x0800146d   Thumb Code   128  stm32l4xx_hal_pwr_ex.o(i.HAL_PWREx_ControlVoltageScaling)
    HAL_PWREx_GetVoltageRange                0x080014f9   Thumb Code    10  stm32l4xx_hal_pwr_ex.o(i.HAL_PWREx_GetVoltageRange)
    HAL_RCCEx_PeriphCLKConfig                0x08001509   Thumb Code  1230  stm32l4xx_hal_rcc_ex.o(i.HAL_RCCEx_PeriphCLKConfig)
    HAL_RCC_ClockConfig                      0x080019dd   Thumb Code   470  stm32l4xx_hal_rcc.o(i.HAL_RCC_ClockConfig)
    HAL_RCC_GetHCLKFreq                      0x08001bc5   Thumb Code     6  stm32l4xx_hal_rcc.o(i.HAL_RCC_GetHCLKFreq)
    HAL_RCC_GetPCLK1Freq                     0x08001bd1   Thumb Code    36  stm32l4xx_hal_rcc.o(i.HAL_RCC_GetPCLK1Freq)
    HAL_RCC_GetPCLK2Freq                     0x08001bfd   Thumb Code    36  stm32l4xx_hal_rcc.o(i.HAL_RCC_GetPCLK2Freq)
    HAL_RCC_GetSysClockFreq                  0x08001c29   Thumb Code   356  stm32l4xx_hal_rcc.o(i.HAL_RCC_GetSysClockFreq)
    HAL_RCC_OscConfig                        0x08001d9d   Thumb Code  1598  stm32l4xx_hal_rcc.o(i.HAL_RCC_OscConfig)
    HAL_SPI_Init                             0x080023e9   Thumb Code   192  stm32l4xx_hal_spi.o(i.HAL_SPI_Init)
    HAL_SPI_MspInit                          0x080024a9   Thumb Code   204  stm32l4xx_hal_msp.o(i.HAL_SPI_MspInit)
    HAL_SPI_TransmitReceive                  0x08002589   Thumb Code   648  stm32l4xx_hal_spi.o(i.HAL_SPI_TransmitReceive)
    HAL_SYSTICK_CLKSourceConfig              0x08002817   Thumb Code    40  stm32l4xx_hal_cortex.o(i.HAL_SYSTICK_CLKSourceConfig)
    HAL_SYSTICK_Config                       0x0800283f   Thumb Code    52  stm32l4xx_hal_cortex.o(i.HAL_SYSTICK_Config)
    HAL_UART_Init                            0x08002873   Thumb Code   120  stm32l4xx_hal_uart.o(i.HAL_UART_Init)
    HAL_UART_MspInit                         0x080028ed   Thumb Code   174  stm32l4xx_hal_msp.o(i.HAL_UART_MspInit)
    HAL_UART_Transmit_IT                     0x080029ad   Thumb Code   114  stm32l4xx_hal_uart.o(i.HAL_UART_Transmit_IT)
    HAL_UART_TxCpltCallback                  0x08002a1f   Thumb Code     2  stm32l4xx_hal_uart.o(i.HAL_UART_TxCpltCallback)
    HardFault_Handler                        0x08002a21   Thumb Code     4  stm32l4xx_it.o(i.HardFault_Handler)
    LOS_Align                                0x08002a25   Thumb Code    28  los_misc.o(i.LOS_Align)
    LOS_DLnkInitMultiHead                    0x08002a41   Thumb Code    30  los_multipledlinkhead.o(i.LOS_DLnkInitMultiHead)
    LOS_DLnkMultiHead                        0x08002a5f   Thumb Code    42  los_multipledlinkhead.o(i.LOS_DLnkMultiHead)
    LOS_EnableTick                           0x08002a89   Thumb Code    18  los_config.o(i.LOS_EnableTick)
    LOS_EvbKeyInit                           0x08002a9b   Thumb Code     2  los_bsp_key.o(i.LOS_EvbKeyInit)
    LOS_EvbLedInit                           0x08002a9d   Thumb Code     2  los_bsp_led.o(i.LOS_EvbLedInit)
    LOS_EvbSetup                             0x08002a9f   Thumb Code    16  los_bsp_adapter.o(i.LOS_EvbSetup)
    LOS_EvbUartInit                          0x08002aaf   Thumb Code     2  los_bsp_uart.o(i.LOS_EvbUartInit)
    LOS_KernelInit                           0x08002ab1   Thumb Code    18  los_config.o(i.LOS_KernelInit)
    LOS_MS2Tick                              0x08002d01   Thumb Code    40  los_sys.o(i.LOS_MS2Tick)
    LOS_MemAlloc                             0x08002d29   Thumb Code    58  los_memory.o(i.LOS_MemAlloc)
    LOS_MemAllocAlign                        0x08002d63   Thumb Code   108  los_memory.o(i.LOS_MemAllocAlign)
    LOS_MemFree                              0x08002dd5   Thumb Code    84  los_memory.o(i.LOS_MemFree)
    LOS_MemInit                              0x08002e29   Thumb Code   166  los_memory.o(i.LOS_MemInit)
    LOS_MemboxAlloc                          0x08002ed1   Thumb Code    60  los_membox.o(i.LOS_MemboxAlloc)
    LOS_MemboxFree                           0x08002f11   Thumb Code   158  los_membox.o(i.LOS_MemboxFree)
    LOS_MemboxInit                           0x08002fb5   Thumb Code   128  los_membox.o(i.LOS_MemboxInit)
    LOS_PriqueueDequeue                      0x08003035   Thumb Code    24  los_priqueue.o(i.LOS_PriqueueDequeue)
    LOS_PriqueueEnqueue                      0x0800304d   Thumb Code    32  los_priqueue.o(i.LOS_PriqueueEnqueue)
    LOS_PriqueueSize                         0x08003071   Thumb Code    36  los_priqueue.o(i.LOS_PriqueueSize)
    LOS_PriqueueTop                          0x08003099   Thumb Code    54  los_priqueue.o(i.LOS_PriqueueTop)
    LOS_QueueCreate                          0x080030d5   Thumb Code   118  los_queue.o(i.LOS_QueueCreate)
    LOS_QueueRead                            0x08003159   Thumb Code   282  los_queue.o(i.LOS_QueueRead)
    LOS_QueueWrite                           0x08003291   Thumb Code   296  los_queue.o(i.LOS_QueueWrite)
    LOS_Schedule                             0x080033d5   Thumb Code    56  los_hw.o(i.LOS_Schedule)
    LOS_SemCreate                            0x08003415   Thumb Code    98  los_sem.o(i.LOS_SemCreate)
    LOS_SemPend                              0x08003481   Thumb Code   236  los_sem.o(i.LOS_SemPend)
    LOS_SemPost                              0x08003581   Thumb Code   176  los_sem.o(i.LOS_SemPost)
    LOS_SetTickSycle                         0x08003639   Thumb Code     6  los_hw_tick.o(i.LOS_SetTickSycle)
    LOS_Start                                0x08003645   Thumb Code    12  los_config.o(i.LOS_Start)
    LOS_TaskCreate                           0x08003651   Thumb Code   140  los_task.o(i.LOS_TaskCreate)
    LOS_TaskCreateOnly                       0x080036ed   Thumb Code   368  los_task.o(i.LOS_TaskCreateOnly)
    LOS_TaskDelay                            0x08003879   Thumb Code   106  los_task.o(i.LOS_TaskDelay)
    LOS_TaskDelete                           0x080038f9   Thumb Code   320  los_task.o(i.LOS_TaskDelete)
    LOS_TaskLock                             0x08003a61   Thumb Code    26  los_task.o(i.LOS_TaskLock)
    LOS_TaskUnlock                           0x08003a81   Thumb Code    54  los_task.o(i.LOS_TaskUnlock)
    LOS_TaskYield                            0x08003abd   Thumb Code   118  los_task.o(i.LOS_TaskYield)
    LOS_TickCountGet                         0x08003b41   Thumb Code     6  los_sys.o(i.LOS_TickCountGet)
    LOS_TickHandler                          0x08003b4d   Thumb Code    52  los_hw_tick.o(i.LOS_TickHandler)
    LosAdapIntInit                           0x08003b85   Thumb Code     2  los_bsp_adapter.o(i.LosAdapIntInit)
    MemManage_Handler                        0x08003b87   Thumb Code     4  stm32l4xx_it.o(i.MemManage_Handler)
    NMI_Handler                              0x08003b8b   Thumb Code     2  stm32l4xx_it.o(i.NMI_Handler)
    SPI1_IRQHandler                          0x08003ffd   Thumb Code     2  stm32l4xx_it.o(i.SPI1_IRQHandler)
    SPI2_IRQHandler                          0x08003fff   Thumb Code     2  stm32l4xx_it.o(i.SPI2_IRQHandler)
    SVC_Handler                              0x080041bd   Thumb Code     2  stm32l4xx_it.o(i.SVC_Handler)
    SysTick_Handler                          0x080041bf   Thumb Code    12  los_bsp_adapter.o(i.SysTick_Handler)
    SystemClock_Config                       0x080041cd   Thumb Code   174  main.o(i.SystemClock_Config)
    SystemInit                               0x08004291   Thumb Code    68  system_stm32l4xx.o(i.SystemInit)
    UART_AdvFeatureConfig                    0x080042e1   Thumb Code   248  stm32l4xx_hal_uart.o(i.UART_AdvFeatureConfig)
    UART_CheckIdleState                      0x080043d9   Thumb Code   116  stm32l4xx_hal_uart.o(i.UART_CheckIdleState)
    UART_EndTransmit_IT                      0x0800444d   Thumb Code    48  stm32l4xx_hal_uart.o(i.UART_EndTransmit_IT)
    UART_SetConfig                           0x0800447d   Thumb Code  1156  stm32l4xx_hal_uart.o(i.UART_SetConfig)
    UART_Transmit_IT                         0x0800490b   Thumb Code   114  stm32l4xx_hal_uart.o(i.UART_Transmit_IT)
    UART_WaitOnFlagUntilTimeout              0x0800497d   Thumb Code   108  stm32l4xx_hal_uart.o(i.UART_WaitOnFlagUntilTimeout)
    UMini_Initial                            0x080049e9   Thumb Code   156  agenttiny.o(i.UMini_Initial)
    UMini_NetRecv                            0x08004a9d   Thumb Code    98  agenttiny.o(i.UMini_NetRecv)
    UMini_Report                             0x08004b0d   Thumb Code    42  agenttiny.o(i.UMini_Report)
    USART2_IRQHandler                        0x08004b45   Thumb Code    10  stm32l4xx_it.o(i.USART2_IRQHandler)
    USART3_IRQHandler                        0x08004b4f   Thumb Code    10  stm32l4xx_it.o(i.USART3_IRQHandler)
    UsageFault_Handler                       0x08004b59   Thumb Code     4  stm32l4xx_it.o(i.UsageFault_Handler)
    _Error_Handler                           0x08004b5d   Thumb Code     4  main.o(i._Error_Handler)
    __0sprintf                               0x08004b61   Thumb Code    34  printfa.o(i.__0sprintf)
    __1sprintf                               0x08004b61   Thumb Code     0  printfa.o(i.__0sprintf)
    __2sprintf                               0x08004b61   Thumb Code     0  printfa.o(i.__0sprintf)
    __c89sprintf                             0x08004b61   Thumb Code     0  printfa.o(i.__0sprintf)
    sprintf                                  0x08004b61   Thumb Code     0  printfa.o(i.__0sprintf)
    __aeabi_errno_addr                       0x08004b89   Thumb Code     4  errno.o(i.__aeabi_errno_addr)
    __rt_errno_addr                          0x08004b89   Thumb Code     0  errno.o(i.__aeabi_errno_addr)
    __scatterload_copy                       0x08004b91   Thumb Code    14  handlers.o(i.__scatterload_copy)
    __scatterload_null                       0x08004b9f   Thumb Code     2  handlers.o(i.__scatterload_null)
    __scatterload_zeroinit                   0x08004ba1   Thumb Code    14  handlers.o(i.__scatterload_zeroinit)
    agenttiny_res_init                       0x0800547d   Thumb Code   136  agent_client_interface.o(i.agenttiny_res_init)
    agenttiny_set_iotaddrinfo                0x08005549   Thumb Code    16  agent_client_interface.o(i.agenttiny_set_iotaddrinfo)
    checksum                                 0x08005559   Thumb Code    84  microtcpip.o(i.checksum)
    coap_all_build                           0x080055ad   Thumb Code    42  coap_liteos_port.o(i.coap_all_build)
    coap_alloc_source                        0x080055d9   Thumb Code   216  coap_liteos_port.o(i.coap_alloc_source)
    coap_build                               0x080056c9   Thumb Code   484  coap.o(i.coap_build)
    coap_findOptions                         0x080058b3   Thumb Code    70  coap.o(i.coap_findOptions)
    coap_free_pkt                            0x080058f9   Thumb Code    68  coap_liteos_port.o(i.coap_free_pkt)
    coap_free_source                         0x08005945   Thumb Code   130  coap_liteos_port.o(i.coap_free_source)
    coap_get_random                          0x080059cd   Thumb Code    36  coap_liteos_port.o(i.coap_get_random)
    coap_get_token                           0x080059f1   Thumb Code    52  coap_liteos_port.o(i.coap_get_token)
    coap_handle_req                          0x08005a25   Thumb Code   214  coap.o(i.coap_handle_req)
    coap_lowlevel_send                       0x08005b09   Thumb Code   112  coap_liteos_port.o(i.coap_lowlevel_send)
    coap_make_response                       0x08005b8b   Thumb Code   118  coap.o(i.coap_make_response)
    coap_malloc_pkt                          0x08005c01   Thumb Code    86  coap_liteos_port.o(i.coap_malloc_pkt)
    coap_option_nibble                       0x08005c61   Thumb Code    32  coap.o(i.coap_option_nibble)
    coap_parse                               0x08005c85   Thumb Code    84  coap.o(i.coap_parse)
    coap_parseHeader                         0x08005cd9   Thumb Code    60  coap.o(i.coap_parseHeader)
    coap_parseOption                         0x08005d15   Thumb Code   222  coap.o(i.coap_parseOption)
    coap_parseOptionsAndPayload              0x08005df3   Thumb Code   146  coap.o(i.coap_parseOptionsAndPayload)
    coap_parseToken                          0x08005e8b   Thumb Code    50  coap.o(i.coap_parseToken)
    coap_resource_init                       0x08005ebd   Thumb Code    54  coap_liteos_port.o(i.coap_resource_init)
    coap_set_header                          0x08005ef9   Thumb Code    30  coap_liteos_port.o(i.coap_set_header)
    coap_set_iotaddr_info                    0x08005f19   Thumb Code    60  coap_liteos_port.o(i.coap_set_iotaddr_info)
    coap_set_option                          0x08005f5d   Thumb Code    92  coap_liteos_port.o(i.coap_set_option)
    coap_set_payload                         0x08005fb9   Thumb Code    28  coap_liteos_port.o(i.coap_set_payload)
    coap_set_token                           0x08005fd5   Thumb Code    24  coap_liteos_port.o(i.coap_set_token)
    create_micro_socket                      0x08005fed   Thumb Code    24  microtcpip.o(i.create_micro_socket)
    dataReport                               0x0800600d   Thumb Code   136  agenttiny.o(i.dataReport)
    enc28j60Init                             0x080060ad   Thumb Code   370  spi_enc28j60.o(i.enc28j60Init)
    enc28j60PacketReceive                    0x08006229   Thumb Code   188  spi_enc28j60.o(i.enc28j60PacketReceive)
    enc28j60PacketSend                       0x080062e9   Thumb Code   102  spi_enc28j60.o(i.enc28j60PacketSend)
    enc28j60PhyWrite                         0x0800634f   Thumb Code    50  spi_enc28j60.o(i.enc28j60PhyWrite)
    enc28j60Read                             0x08006381   Thumb Code    20  spi_enc28j60.o(i.enc28j60Read)
    enc28j60ReadBuffer                       0x08006395   Thumb Code    64  spi_enc28j60.o(i.enc28j60ReadBuffer)
    enc28j60ReadOp                           0x080063d9   Thumb Code    80  spi_enc28j60.o(i.enc28j60ReadOp)
    enc28j60SetBank                          0x0800642d   Thumb Code    48  spi_enc28j60.o(i.enc28j60SetBank)
    enc28j60Write                            0x08006461   Thumb Code    24  spi_enc28j60.o(i.enc28j60Write)
    enc28j60WriteBuffer                      0x08006479   Thumb Code    58  spi_enc28j60.o(i.enc28j60WriteBuffer)
    enc28j60WriteOp                          0x080064b9   Thumb Code    66  spi_enc28j60.o(i.enc28j60WriteOp)
    enc28j60clkout                           0x08006501   Thumb Code    16  spi_enc28j60.o(i.enc28j60clkout)
    eth_type_is_arp_and_my_ip                0x08006511   Thumb Code    64  microtcpip.o(i.eth_type_is_arp_and_my_ip)
    eth_type_is_ip_and_my_ip                 0x08006555   Thumb Code    72  microtcpip.o(i.eth_type_is_ip_and_my_ip)
    fill_ip_hdr_checksum                     0x080065a1   Thumb Code    44  microtcpip.o(i.fill_ip_hdr_checksum)
    get_dest_mac                             0x080065cd   Thumb Code    30  microtcpip.o(i.get_dest_mac)
    init_ip_arp_udp_tcp                      0x080066fd   Thumb Code    48  microtcpip.o(i.init_ip_arp_udp_tcp)
    init_testethernet                        0x08006739   Thumb Code    90  main.o(i.init_testethernet)
    init_testuart                            0x080067ad   Thumb Code    68  main.o(i.init_testuart)
    los_bus_spi_devcs_init                   0x08006831   Thumb Code    64  los_dev_st_spi.o(i.los_bus_spi_devcs_init)
    los_bus_spi_init                         0x08006875   Thumb Code   308  los_dev_st_spi.o(i.los_bus_spi_init)
    los_bus_spi_rwonebyte                    0x080069b1   Thumb Code    54  los_dev_st_spi.o(i.los_bus_spi_rwonebyte)
    los_dev_uart_init                        0x08006a75   Thumb Code   428  los_dev_st_uart.o(i.los_dev_uart_init)
    los_dev_uart_irqhandler                  0x08006c29   Thumb Code   446  los_dev_st_uart.o(i.los_dev_uart_irqhandler)
    los_dev_uart_read                        0x08006ded   Thumb Code  1086  los_dev_st_uart.o(i.los_dev_uart_read)
    los_dev_uart_write                       0x080072c5   Thumb Code   132  los_dev_st_uart.o(i.los_dev_uart_write)
    los_oceancon_sample                      0x08007351   Thumb Code    38  ocean_sample.o(i.los_oceancon_sample)
    main                                     0x080074e1   Thumb Code    90  main.o(i.main)
    make_arp_answer_from_request             0x0800754d   Thumb Code    92  microtcpip.o(i.make_arp_answer_from_request)
    make_arp_request                         0x080075b1   Thumb Code   170  microtcpip.o(i.make_arp_request)
    make_eth                                 0x08007665   Thumb Code    30  microtcpip.o(i.make_eth)
    make_udp_and_send_pkg                    0x08007689   Thumb Code   156  microtcpip.o(i.make_udp_and_send_pkg)
    make_udp_ip_head                         0x08007731   Thumb Code    90  microtcpip.o(i.make_udp_ip_head)
    make_udp_send_eth                        0x08007795   Thumb Code    38  microtcpip.o(i.make_udp_send_eth)
    neul_bc95_active_network                 0x080077c5   Thumb Code   462  neul_bc95.o(i.neul_bc95_active_network)
    neul_bc95_get_netstat                    0x080079d5   Thumb Code   106  neul_bc95.o(i.neul_bc95_get_netstat)
    neul_bc95_get_unrmsg_count               0x08007a59   Thumb Code   128  neul_bc95.o(i.neul_bc95_get_unrmsg_count)
    neul_bc95_hw_detect                      0x08007b49   Thumb Code   118  neul_bc95.o(i.neul_bc95_hw_detect)
    neul_bc95_hw_init                        0x08007bdd   Thumb Code    60  neul_bc95.o(i.neul_bc95_hw_init)
    neul_bc95_prepare_transmit               0x08007c19   Thumb Code    74  neul_bc95.o(i.neul_bc95_prepare_transmit)
    neul_bc95_query_ip                       0x08007c71   Thumb Code   106  neul_bc95.o(i.neul_bc95_query_ip)
    neul_bc95_read_coap_msg                  0x08007cf9   Thumb Code   184  neul_bc95.o(i.neul_bc95_read_coap_msg)
    neul_bc95_reboot                         0x08007dd9   Thumb Code   108  neul_bc95.o(i.neul_bc95_reboot)
    neul_bc95_send_coap_paylaod              0x08007e5d   Thumb Code   324  neul_bc95.o(i.neul_bc95_send_coap_paylaod)
    neul_bc95_set_auto_connect               0x08007ff1   Thumb Code   136  neul_bc95.o(i.neul_bc95_set_auto_connect)
    neul_bc95_set_band                       0x080080c1   Thumb Code   162  neul_bc95.o(i.neul_bc95_set_band)
    neul_bc95_sleep                          0x08008181   Thumb Code    14  neul_bc95.o(i.neul_bc95_sleep)
    ocean_dev_control                        0x080081f5   Thumb Code   170  ocean_sample.o(i.ocean_dev_control)
    ocean_get_unread_pkg                     0x080082a9   Thumb Code    28  ocean_interface.o(i.ocean_get_unread_pkg)
    ocean_init_iot_addr                      0x080082cd   Thumb Code    44  ocean_interface.o(i.ocean_init_iot_addr)
    ocean_recv_data                          0x08008301   Thumb Code    52  ocean_interface.o(i.ocean_recv_data)
    ocean_report_cmd_status                  0x08008341   Thumb Code    80  ocean_sample.o(i.ocean_report_cmd_status)
    ocean_res_init                           0x08008391   Thumb Code   264  ocean_interface.o(i.ocean_res_init)
    ocean_send_data                          0x080084bd   Thumb Code    54  ocean_interface.o(i.ocean_send_data)
    oceancon_sampletask                      0x080084fd   Thumb Code   204  ocean_sample.o(i.oceancon_sampletask)
    osDelay                                  0x080085e1   Thumb Code    48  cmsis_liteos.o(i.osDelay)
    osHwiDefaultHandler                      0x08008615   Thumb Code     8  los_hwi.o(i.osHwiDefaultHandler)
    osHwiInit                                0x0800861d   Thumb Code    26  los_hwi.o(i.osHwiInit)
    osIdleTask                               0x08008641   Thumb Code     4  los_task.o(i.osIdleTask)
    osIdleTaskCreate                         0x08008645   Thumb Code    54  los_task.o(i.osIdleTaskCreate)
    osIntNumGet                              0x08008691   Thumb Code    12  los_hwi.o(i.osIntNumGet)
    osMain                                   0x0800869d   Thumb Code   108  los_config.o(i.osMain)
    osMemSystemInit                          0x080089e9   Thumb Code    26  los_memory.o(i.osMemSystemInit)
    osMuxInit                                0x08008a0d   Thumb Code    74  los_mux.o(i.osMuxInit)
    osPriqueueInit                           0x08008a69   Thumb Code    64  los_priqueue.o(i.osPriqueueInit)
    osQueueCreate                            0x08008ab1   Thumb Code   100  los_queue.o(i.osQueueCreate)
    osQueueInit                              0x08008b21   Thumb Code    44  los_queue.o(i.osQueueInit)
    osRegister                               0x08008c39   Thumb Code    14  los_config.o(i.osRegister)
    osSchedule                               0x08008c55   Thumb Code     8  los_hw.o(i.osSchedule)
    osSemInit                                0x08008c5d   Thumb Code    70  los_sem.o(i.osSemInit)
    osSwTmrInit                              0x08008cb5   Thumb Code   142  los_swtmr.o(i.osSwTmrInit)
    osSwTmrStart                             0x08008d61   Thumb Code    92  los_swtmr.o(i.osSwTmrStart)
    osSwTmrTask                              0x08008dc1   Thumb Code    70  los_swtmr.o(i.osSwTmrTask)
    osSwTmrTaskCreate                        0x08008e11   Thumb Code    52  los_swtmr.o(i.osSwTmrTaskCreate)
    osSwtmrScan                              0x08008ef9   Thumb Code    32  los_swtmr.o(i.osSwtmrScan)
    osTaskAdd2TimerList                      0x08008f1d   Thumb Code   188  los_task.o(i.osTaskAdd2TimerList)
    osTaskEntry                              0x08008fdd   Thumb Code   154  los_task.o(i.osTaskEntry)
    osTaskExit                               0x08009081   Thumb Code     8  los_hw.o(i.osTaskExit)
    osTaskInit                               0x08009089   Thumb Code   258  los_task.o(i.osTaskInit)
    osTaskMemUsedDec                         0x080091b1   Thumb Code    40  los_memstat.o(i.osTaskMemUsedDec)
    osTaskMemUsedInc                         0x080091e5   Thumb Code    48  los_memstat.o(i.osTaskMemUsedInc)
    osTaskScan                               0x08009221   Thumb Code   214  los_task.o(i.osTaskScan)
    osTaskSelfDelete                         0x080092fd   Thumb Code   236  los_task.o(i.osTaskSelfDelete)
    osThreadCreate                           0x080093f9   Thumb Code   116  cmsis_liteos.o(i.osThreadCreate)
    osTickHandler                            0x08009471   Thumb Code    34  los_tick.o(i.osTickHandler)
    osTickStart                              0x08009499   Thumb Code    92  los_bsp_adapter.o(i.osTickStart)
    osTimerListDelete                        0x08009505   Thumb Code    66  los_task.o(i.osTimerListDelete)
    osTimesliceCheck                         0x0800954d   Thumb Code    64  los_timeslice.o(i.osTimesliceCheck)
    osTimesliceInit                          0x08009599   Thumb Code    12  los_timeslice.o(i.osTimesliceInit)
    osTskStackInit                           0x080095a9   Thumb Code   306  los_hw.o(i.osTskStackInit)
    uart_data_flush                          0x080096e9   Thumb Code    16  neul_bc95.o(i.uart_data_flush)
    uart_data_read                           0x080096fd   Thumb Code    68  neul_bc95.o(i.uart_data_read)
    uart_data_write                          0x08009741   Thumb Code    36  neul_bc95.o(i.uart_data_write)
    udp_create_socket                        0x0800989d   Thumb Code    48  udp_coap_interface.o(i.udp_create_socket)
    udp_read_data                            0x08009955   Thumb Code   244  udp_coap_interface.o(i.udp_read_data)
    udp_send_data                            0x08009a55   Thumb Code    22  udp_coap_interface.o(i.udp_send_data)
    udp_set_local_addr                       0x08009a71   Thumb Code    26  udp_coap_interface.o(i.udp_set_local_addr)
    udp_stack_init                           0x08009a99   Thumb Code    60  udp_coap_interface.o(i.udp_stack_init)
    udp_stack_process                        0x08009aed   Thumb Code   276  udp_coap_interface.o(i.udp_stack_process)
    umini_bind                               0x08009c1d   Thumb Code   180  agenttiny.o(i.umini_bind)
    user_dev_get_sn                          0x08009cf1   Thumb Code    34  ocean_porting.o(i.user_dev_get_sn)
    user_dev_load_data                       0x08009d19   Thumb Code     6  ocean_porting.o(i.user_dev_load_data)
    user_dev_save_data                       0x08009d25   Thumb Code    46  ocean_porting.o(i.user_dev_save_data)
    user_recv_cmd                            0x08009d59   Thumb Code    26  ocean_porting.o(i.user_recv_cmd)
    sys_clk_freq                             0x08009d74   Data           4  los_bsp_adapter.o(.constdata)
    tick_per_second                          0x08009d78   Data           4  los_bsp_adapter.o(.constdata)
    g_use_ram_vect                           0x08009d7c   Data           1  los_bsp_adapter.o(.constdata)
    AHBPrescTable                            0x08009d80   Data          16  system_stm32l4xx.o(.constdata)
    APBPrescTable                            0x08009d90   Data           8  system_stm32l4xx.o(.constdata)
    MSIRangeTable                            0x08009d98   Data          48  system_stm32l4xx.o(.constdata)
    rsplen                                   0x08009dc8   Data           2  endpoints.o(.constdata)
    endpoints                                0x08009df0   Data          80  endpoints.o(.constdata)
    __ctype_table                            0x08009e40   Data         129  ctype_o.o(.constdata)
    Region$$Table$$Base                      0x08009ef4   Number         0  anon$$obj.o(Region$$Table)
    Region$$Table$$Limit                     0x08009f14   Number         0  anon$$obj.o(Region$$Table)
    g_pstLosPriorityQueueList                0x20000000   Data           4  los_priqueue.o(.data)
    m_uwSwTmrHandlerQueue                    0x20000004   Data           4  los_swtmr.o(.data)
    m_pstSwtmrCBArray                        0x20000008   Data           4  los_swtmr.o(.data)
    m_pstSwtmrFreeList                       0x2000000c   Data           4  los_swtmr.o(.data)
    m_pstSwtmrSortList                       0x20000010   Data           4  los_swtmr.o(.data)
    g_pstTaskCBArray                         0x20000014   Data           4  los_task.o(.data)
    g_stLosTask                              0x20000018   Data           8  los_task.o(.data)
    g_usLosTaskLock                          0x20000020   Data           2  los_task.o(.data)
    g_uwTskMaxNum                            0x20000024   Data           4  los_task.o(.data)
    g_uwIdleTaskID                           0x20000028   Data           4  los_task.o(.data)
    g_uwSwtmrTaskID                          0x2000002c   Data           4  los_task.o(.data)
    g_stTaskTimerList                        0x20000030   Data           8  los_task.o(.data)
    g_stLosFreeTask                          0x20000038   Data           8  los_task.o(.data)
    g_stTskRecyleList                        0x20000040   Data           8  los_task.o(.data)
    g_stTskSortLink                          0x20000048   Data           8  los_task.o(.data)
    g_bTaskScheduled                         0x20000050   Data           4  los_task.o(.data)
    g_pfnTskSwitchHook                       0x20000054   Data           4  los_task.o(.data)
    g_ullTickCount                           0x20000058   Data           8  los_tick.o(.data)
    g_uwTicksPerSec                          0x20000060   Data           4  los_tick.o(.data)
    g_uwCyclePerSec                          0x20000064   Data           4  los_tick.o(.data)
    g_stTaskTimeSlice                        0x20000068   Data           8  los_timeslice.o(.data)
    g_pstAllMux                              0x20000070   Data           4  los_mux.o(.data)
    g_stUnusedMuxList                        0x20000074   Data           8  los_mux.o(.data)
    g_pstAllQueue                            0x2000007c   Data           4  los_queue.o(.data)
    g_stUnusedSemList                        0x20000080   Data           8  los_sem.o(.data)
    g_pstAllSem                              0x20000088   Data           4  los_sem.o(.data)
    m_aucSysMem0                             0x2000008c   Data           4  los_config.o(.data)
    g_sys_mem_addr_end                       0x20000090   Data           4  los_config.o(.data)
    g_uwCyclesPerTick                        0x20000094   Data           4  los_hw_tick.o(.data)
    g_vuwIntCount                            0x20000098   Data           4  los_hwi.o(.data)
    spibus                                   0x200000a0   Data           8  los_dev_st_spi.o(.data)
    puarts                                   0x200000a8   Data          12  los_dev_st_uart.o(.data)
    SystemCoreClock                          0x200000b4   Data           4  system_stm32l4xx.o(.data)
    uwTick                                   0x200000b8   Data           4  stm32l4xx_hal.o(.data)
    g_pfnUminiOnRecv                         0x200000cc   Data           4  agenttiny.o(.data)
    g_flash                                  0x200000d0   Data           4  agenttiny.o(.data)
    g_Token                                  0x200000d4   Data           8  agenttiny.o(.data)
    g_Token_len                              0x200000dc   Data           1  agenttiny.o(.data)
    g_DeviceSNLen                            0x200000dd   Data           1  agenttiny.o(.data)
    lifetime                                 0x200000de   Data           1  agenttiny.o(.data)
    msgid                                    0x200000e0   Data           2  agenttiny.o(.data)
    g_udp_stack_task                         0x20000124   Data           4  udp_coap_interface.o(.data)
    g_udp_rsem                               0x2000013c   Data           4  udp_coap_interface.o(.data)
    g_IotIp                                  0x20000140   Data          32  coap_liteos_port.o(.data)
    g_IotPort                                0x20000160   Data           8  coap_liteos_port.o(.data)
    light_flag                               0x20000175   Data           1  endpoints.o(.data)
    testlip                                  0x200001cc   Data           4  main.o(.data)
    testlgw                                  0x200001d0   Data           4  main.o(.data)
    testlmsk                                 0x200001d4   Data           4  main.o(.data)
    get_cmd                                  0x200001d8   Data           4  ocean_sample.o(.data)
    uset_value                               0x200001dc   Data           4  ocean_sample.o(.data)
    scroll                                   0x200001e0   Data           4  ocean_sample.o(.data)
    g_local_ip                               0x200001e4   Data           4  ocean_sample.o(.data)
    g_local_gw                               0x200001e8   Data           4  ocean_sample.o(.data)
    g_local_msk                              0x200001ec   Data           4  ocean_sample.o(.data)
    g_macaddr                                0x200001f0   Data           6  ocean_sample.o(.data)
    g_devsn                                  0x200001f6   Data          16  ocean_sample.o(.data)
    m_pstHwiForm                             0x20000210   Data        1024  los_hwi.o(.vector.bss)
    m_aucSwTmrHandlerPool                    0x20000610   Data         208  los_swtmr.o(.bss)
    g_ucMemStart                             0x200006e0   Data       32768  los_memory.o(.bss)
    g_TskMemUsedInfo                         0x200086e0   Data          64  los_memstat.o(.bss)
    spibuses                                 0x20008720   Data         200  los_dev_st_spi.o(.bss)
    comx                                     0x200087e8   Data         560  los_dev_st_uart.o(.bss)
    los_uart_dualbuf                         0x20008a18   Data        1024  ocean_interface.o(.bss)
    g_board_func                             0x20008e18   Data          32  agenttiny.o(.bss)
    g_coap_func                              0x20008e38   Data          36  agenttiny.o(.bss)
    g_stUminiMgr                             0x20008e5c   Data        7556  agenttiny.o(.bss)
    g_DeviceSN                               0x2000abe0   Data          32  agenttiny.o(.bss)
    UM_outbuff                               0x2000ac00   Data         256  agenttiny.o(.bss)
    g_outbuf                                 0x2000ad00   Data         256  agenttiny.o(.bss)
    __initial_sp                             0x2000ddc8   Data           0  startup_stm32l476xx.o(STACK)



==============================================================================

Memory Map of the image

  Image Entry point : 0x08000189

  Load Region LR_IROM1 (Base: 0x08000000, Size: 0x0000a524, Max: 0x00080000, ABSOLUTE, COMPRESSED[0x00009fcc])

    Execution Region ER_IROM1 (Base: 0x08000000, Size: 0x00009f14, Max: 0x00080000, ABSOLUTE)

    Base Addr    Size         Type   Attr      Idx    E Section Name        Object

    0x08000000   0x00000188   Data   RO         6274    RESET               startup_stm32l476xx.o
    0x08000188   0x00000000   Code   RO         6551  * .ARM.Collect$$$$00000000  mc_w.l(entry.o)
    0x08000188   0x00000004   Code   RO         6876    .ARM.Collect$$$$00000001  mc_w.l(entry2.o)
    0x0800018c   0x00000004   Code   RO         6879    .ARM.Collect$$$$00000004  mc_w.l(entry5.o)
    0x08000190   0x00000000   Code   RO         6881    .ARM.Collect$$$$00000008  mc_w.l(entry7b.o)
    0x08000190   0x00000000   Code   RO         6883    .ARM.Collect$$$$0000000A  mc_w.l(entry8b.o)
    0x08000190   0x00000008   Code   RO         6884    .ARM.Collect$$$$0000000B  mc_w.l(entry9a.o)
    0x08000198   0x00000000   Code   RO         6886    .ARM.Collect$$$$0000000D  mc_w.l(entry10a.o)
    0x08000198   0x00000000   Code   RO         6888    .ARM.Collect$$$$0000000F  mc_w.l(entry11a.o)
    0x08000198   0x00000004   Code   RO         6877    .ARM.Collect$$$$00002712  mc_w.l(entry2.o)
    0x0800019c   0x00000102   Code   RO         1617    .text               los_dispatch_keil.o
    0x0800029e   0x00000002   PAD
    0x080002a0   0x00000024   Code   RO         6275    .text               startup_stm32l476xx.o
    0x080002c4   0x00000068   Code   RO         6554    .text               mc_w.l(uldiv.o)
    0x0800032c   0x00000024   Code   RO         6556    .text               mc_w.l(rand.o)
    0x08000350   0x00000024   Code   RO         6559    .text               mc_w.l(memcpya.o)
    0x08000374   0x00000024   Code   RO         6561    .text               mc_w.l(memseta.o)
    0x08000398   0x00000024   Code   RO         6563    .text               mc_w.l(strstr.o)
    0x080003bc   0x0000000e   Code   RO         6565    .text               mc_w.l(strlen.o)
    0x080003ca   0x0000001a   Code   RO         6567    .text               mc_w.l(memcmp.o)
    0x080003e4   0x00000038   Code   RO         6862    .text               mc_w.l(__0sscanf.o)
    0x0800041c   0x00000152   Code   RO         6864    .text               mc_w.l(_scanf_int.o)
    0x0800056e   0x000000e6   Code   RO         6866    .text               mc_w.l(_scanf_str.o)
    0x08000654   0x0000001a   Code   RO         6868    .text               mc_w.l(atoi.o)
    0x0800066e   0x000000de   Code   RO         6870    .text               mf_w.l(ddiv.o)
    0x0800074c   0x00000030   Code   RO         6874    .text               mf_w.l(dfixul.o)
    0x0800077c   0x0000002c   Code   RO         6893    .text               mc_w.l(uidiv.o)
    0x080007a8   0x0000001e   Code   RO         6895    .text               mc_w.l(llshl.o)
    0x080007c6   0x00000020   Code   RO         6897    .text               mc_w.l(llushr.o)
    0x080007e6   0x0000001c   Code   RO         6908    .text               mc_w.l(_chval.o)
    0x08000802   0x00000002   PAD
    0x08000804   0x00000028   Code   RO         6910    .text               mc_w.l(scanf_char.o)
    0x0800082c   0x00000040   Code   RO         6912    .text               mc_w.l(_sgetc.o)
    0x0800086c   0x00000070   Code   RO         6914    .text               mc_w.l(strtol.o)
    0x080008dc   0x00000000   Code   RO         6916    .text               mc_w.l(iusefp.o)
    0x080008dc   0x000000ba   Code   RO         6917    .text               mf_w.l(depilogue.o)
    0x08000996   0x0000015e   Code   RO         6919    .text               mf_w.l(dadd.o)
    0x08000af4   0x000000ea   Code   RO         6921    .text               mf_w.l(dmul.o)
    0x08000bde   0x00000002   PAD
    0x08000be0   0x00000030   Code   RO         6923    .text               mf_w.l(cdrcmple.o)
    0x08000c10   0x00000024   Code   RO         6925    .text               mc_w.l(init.o)
    0x08000c34   0x00000024   Code   RO         6928    .text               mc_w.l(llsshr.o)
    0x08000c58   0x00000008   Code   RO         6932    .text               mc_w.l(ctype_o.o)
    0x08000c60   0x00000012   Code   RO         6954    .text               mc_w.l(isspace_o.o)
    0x08000c72   0x00000002   PAD
    0x08000c74   0x00000332   Code   RO         6960    .text               mc_w.l(_scanf.o)
    0x08000fa6   0x000000a4   Code   RO         6962    .text               mc_w.l(_strtoul.o)
    0x0800104a   0x00000056   Code   RO         6976    .text               mc_w.l(__dczerorl2.o)
    0x080010a0   0x00000004   Code   RO         2072    i.BusFault_Handler  stm32l4xx_it.o
    0x080010a4   0x00000002   Code   RO         2073    i.DebugMon_Handler  stm32l4xx_it.o
    0x080010a6   0x00000002   PAD
    0x080010a8   0x00000208   Code   RO         2782    i.HAL_GPIO_Init     stm32l4xx_hal_gpio.o
    0x080012b0   0x0000000a   Code   RO         2786    i.HAL_GPIO_WritePin  stm32l4xx_hal_gpio.o
    0x080012ba   0x00000002   PAD
    0x080012bc   0x0000000c   Code   RO         2210    i.HAL_GetTick       stm32l4xx_hal.o
    0x080012c8   0x00000010   Code   RO         2214    i.HAL_IncTick       stm32l4xx_hal.o
    0x080012d8   0x00000016   Code   RO         2215    i.HAL_Init          stm32l4xx_hal.o
    0x080012ee   0x00000002   PAD
    0x080012f0   0x00000028   Code   RO         2216    i.HAL_InitTick      stm32l4xx_hal.o
    0x08001318   0x00000090   Code   RO         2014    i.HAL_MspInit       stm32l4xx_hal_msp.o
    0x080013a8   0x0000001a   Code   RO         2415    i.HAL_NVIC_EnableIRQ  stm32l4xx_hal_cortex.o
    0x080013c2   0x00000082   Code   RO         2421    i.HAL_NVIC_SetPriority  stm32l4xx_hal_cortex.o
    0x08001444   0x00000028   Code   RO         2422    i.HAL_NVIC_SetPriorityGrouping  stm32l4xx_hal_cortex.o
    0x0800146c   0x0000008c   Code   RO         3537    i.HAL_PWREx_ControlVoltageScaling  stm32l4xx_hal_pwr_ex.o
    0x080014f8   0x00000010   Code   RO         3568    i.HAL_PWREx_GetVoltageRange  stm32l4xx_hal_pwr_ex.o
    0x08001508   0x000004d4   Code   RO         4310    i.HAL_RCCEx_PeriphCLKConfig  stm32l4xx_hal_rcc_ex.o
    0x080019dc   0x000001e8   Code   RO         4195    i.HAL_RCC_ClockConfig  stm32l4xx_hal_rcc.o
    0x08001bc4   0x0000000c   Code   RO         4199    i.HAL_RCC_GetHCLKFreq  stm32l4xx_hal_rcc.o
    0x08001bd0   0x0000002c   Code   RO         4201    i.HAL_RCC_GetPCLK1Freq  stm32l4xx_hal_rcc.o
    0x08001bfc   0x0000002c   Code   RO         4202    i.HAL_RCC_GetPCLK2Freq  stm32l4xx_hal_rcc.o
    0x08001c28   0x00000174   Code   RO         4203    i.HAL_RCC_GetSysClockFreq  stm32l4xx_hal_rcc.o
    0x08001d9c   0x0000064c   Code   RO         4206    i.HAL_RCC_OscConfig  stm32l4xx_hal_rcc.o
    0x080023e8   0x000000c0   Code   RO         4442    i.HAL_SPI_Init      stm32l4xx_hal_spi.o
    0x080024a8   0x000000e0   Code   RO         2016    i.HAL_SPI_MspInit   stm32l4xx_hal_msp.o
    0x08002588   0x0000028e   Code   RO         4451    i.HAL_SPI_TransmitReceive  stm32l4xx_hal_spi.o
    0x08002816   0x00000028   Code   RO         2424    i.HAL_SYSTICK_CLKSourceConfig  stm32l4xx_hal_cortex.o
    0x0800283e   0x00000034   Code   RO         2426    i.HAL_SYSTICK_Config  stm32l4xx_hal_cortex.o
    0x08002872   0x00000078   Code   RO         3808    i.HAL_UART_Init     stm32l4xx_hal_uart.o
    0x080028ea   0x00000002   PAD
    0x080028ec   0x000000c0   Code   RO         2018    i.HAL_UART_MspInit  stm32l4xx_hal_msp.o
    0x080029ac   0x00000072   Code   RO         3818    i.HAL_UART_Transmit_IT  stm32l4xx_hal_uart.o
    0x08002a1e   0x00000002   Code   RO         3819    i.HAL_UART_TxCpltCallback  stm32l4xx_hal_uart.o
    0x08002a20   0x00000004   Code   RO         2074    i.HardFault_Handler  stm32l4xx_it.o
    0x08002a24   0x0000001c   Code   RO         1088    i.LOS_Align         los_misc.o
    0x08002a40   0x0000001e   Code   RO         1056    i.LOS_DLnkInitMultiHead  los_multipledlinkhead.o
    0x08002a5e   0x0000002a   Code   RO         1057    i.LOS_DLnkMultiHead  los_multipledlinkhead.o
    0x08002a88   0x00000012   Code   RO         1106    i.LOS_EnableTick    los_config.o
    0x08002a9a   0x00000002   Code   RO         1790    i.LOS_EvbKeyInit    los_bsp_key.o
    0x08002a9c   0x00000002   Code   RO         1808    i.LOS_EvbLedInit    los_bsp_led.o
    0x08002a9e   0x00000010   Code   RO         1624    i.LOS_EvbSetup      los_bsp_adapter.o
    0x08002aae   0x00000002   Code   RO         1825    i.LOS_EvbUartInit   los_bsp_uart.o
    0x08002ab0   0x00000012   Code   RO         1107    i.LOS_KernelInit    los_config.o
    0x08002ac2   0x0000000e   Code   RO          320    i.LOS_ListAdd       los_task.o
    0x08002ad0   0x0000000e   Code   RO          620    i.LOS_ListAdd       los_mux.o
    0x08002ade   0x0000000e   Code   RO          694    i.LOS_ListAdd       los_queue.o
    0x08002aec   0x0000000e   Code   RO          799    i.LOS_ListAdd       los_sem.o
    0x08002afa   0x0000000e   Code   RO          902    i.LOS_ListAdd       los_memory.o
    0x08002b08   0x00000014   Code   RO          321    i.LOS_ListDelete    los_task.o
    0x08002b1c   0x00000014   Code   RO          800    i.LOS_ListDelete    los_sem.o
    0x08002b30   0x00000014   Code   RO          903    i.LOS_ListDelete    los_memory.o
    0x08002b44   0x00000010   Code   RO          322    i.LOS_ListEmpty     los_task.o
    0x08002b54   0x00000010   Code   RO          695    i.LOS_ListEmpty     los_queue.o
    0x08002b64   0x00000010   Code   RO          801    i.LOS_ListEmpty     los_sem.o
    0x08002b74   0x00000006   Code   RO          323    i.LOS_ListInit      los_task.o
    0x08002b7a   0x00000006   Code   RO          623    i.LOS_ListInit      los_mux.o
    0x08002b80   0x00000006   Code   RO          696    i.LOS_ListInit      los_queue.o
    0x08002b86   0x00000006   Code   RO          802    i.LOS_ListInit      los_sem.o
    0x08002b8c   0x00000010   Code   RO          324    i.LOS_ListTailInsert  los_task.o
    0x08002b9c   0x00000010   Code   RO          624    i.LOS_ListTailInsert  los_mux.o
    0x08002bac   0x00000010   Code   RO          803    i.LOS_ListTailInsert  los_sem.o
    0x08002bbc   0x00000144   Code   RO         1058    i.LOS_Log2          los_multipledlinkhead.o
    0x08002d00   0x00000028   Code   RO          249    i.LOS_MS2Tick       los_sys.o
    0x08002d28   0x0000003a   Code   RO          904    i.LOS_MemAlloc      los_memory.o
    0x08002d62   0x00000072   Code   RO          905    i.LOS_MemAllocAlign  los_memory.o
    0x08002dd4   0x00000054   Code   RO          906    i.LOS_MemFree       los_memory.o
    0x08002e28   0x000000a6   Code   RO          907    i.LOS_MemInit       los_memory.o
    0x08002ece   0x00000002   PAD
    0x08002ed0   0x00000040   Code   RO          869    i.LOS_MemboxAlloc   los_membox.o
    0x08002f10   0x000000a4   Code   RO          871    i.LOS_MemboxFree    los_membox.o
    0x08002fb4   0x00000080   Code   RO          872    i.LOS_MemboxInit    los_membox.o
    0x08003034   0x00000018   Code   RO            1    i.LOS_PriqueueDequeue  los_priqueue.o
    0x0800304c   0x00000024   Code   RO            2    i.LOS_PriqueueEnqueue  los_priqueue.o
    0x08003070   0x00000028   Code   RO            3    i.LOS_PriqueueSize  los_priqueue.o
    0x08003098   0x0000003c   Code   RO            4    i.LOS_PriqueueTop   los_priqueue.o
    0x080030d4   0x00000082   Code   RO          697    i.LOS_QueueCreate   los_queue.o
    0x08003156   0x00000002   PAD
    0x08003158   0x00000136   Code   RO          699    i.LOS_QueueRead     los_queue.o
    0x0800328e   0x00000002   PAD
    0x08003290   0x00000142   Code   RO          700    i.LOS_QueueWrite    los_queue.o
    0x080033d2   0x00000002   PAD
    0x080033d4   0x00000040   Code   RO         1500    i.LOS_Schedule      los_hw.o
    0x08003414   0x0000006c   Code   RO          804    i.LOS_SemCreate     los_sem.o
    0x08003480   0x00000100   Code   RO          806    i.LOS_SemPend       los_sem.o
    0x08003580   0x000000b8   Code   RO          807    i.LOS_SemPost       los_sem.o
    0x08003638   0x0000000c   Code   RO         1534    i.LOS_SetTickSycle  los_hw_tick.o
    0x08003644   0x0000000c   Code   RO         1108    i.LOS_Start         los_config.o
    0x08003650   0x0000009c   Code   RO          325    i.LOS_TaskCreate    los_task.o
    0x080036ec   0x0000018a   Code   RO          326    i.LOS_TaskCreateOnly  los_task.o
    0x08003876   0x00000002   PAD
    0x08003878   0x00000080   Code   RO          327    i.LOS_TaskDelay     los_task.o
    0x080038f8   0x00000168   Code   RO          328    i.LOS_TaskDelete    los_task.o
    0x08003a60   0x00000020   Code   RO          329    i.LOS_TaskLock      los_task.o
    0x08003a80   0x0000003c   Code   RO          334    i.LOS_TaskUnlock    los_task.o
    0x08003abc   0x00000084   Code   RO          335    i.LOS_TaskYield     los_task.o
    0x08003b40   0x0000000c   Code   RO          252    i.LOS_TickCountGet  los_sys.o
    0x08003b4c   0x00000038   Code   RO         1535    i.LOS_TickHandler   los_hw_tick.o
    0x08003b84   0x00000002   Code   RO         1626    i.LosAdapIntInit    los_bsp_adapter.o
    0x08003b86   0x00000004   Code   RO         2075    i.MemManage_Handler  stm32l4xx_it.o
    0x08003b8a   0x00000002   Code   RO         2076    i.NMI_Handler       stm32l4xx_it.o
    0x08003b8c   0x00000010   Code   RO         2428    i.NVIC_GetPriorityGrouping  stm32l4xx_hal_cortex.o
    0x08003b9c   0x00000028   Code   RO         2429    i.NVIC_SetPriority  stm32l4xx_hal_cortex.o
    0x08003bc4   0x000001ec   Code   RO         4313    i.RCCEx_PLLSAI1_Config  stm32l4xx_hal_rcc_ex.o
    0x08003db0   0x000001ac   Code   RO         4314    i.RCCEx_PLLSAI2_Config  stm32l4xx_hal_rcc_ex.o
    0x08003f5c   0x000000a0   Code   RO         4207    i.RCC_SetFlashLatencyFromMSIRange  stm32l4xx_hal_rcc.o
    0x08003ffc   0x00000002   Code   RO         2077    i.SPI1_IRQHandler   stm32l4xx_it.o
    0x08003ffe   0x00000002   Code   RO         2078    i.SPI2_IRQHandler   stm32l4xx_it.o
    0x08004000   0x00000064   Code   RO         4480    i.SPI_EndRxTxTransaction  stm32l4xx_hal_spi.o
    0x08004064   0x000000b0   Code   RO         4485    i.SPI_WaitFifoStateUntilTimeout  stm32l4xx_hal_spi.o
    0x08004114   0x000000a8   Code   RO         4486    i.SPI_WaitFlagStateUntilTimeout  stm32l4xx_hal_spi.o
    0x080041bc   0x00000002   Code   RO         2079    i.SVC_Handler       stm32l4xx_it.o
    0x080041be   0x0000000c   Code   RO         1629    i.SysTick_Handler   los_bsp_adapter.o
    0x080041ca   0x00000002   PAD
    0x080041cc   0x000000c4   Code   RO         6284    i.SystemClock_Config  main.o
    0x08004290   0x00000050   Code   RO         2163    i.SystemInit        system_stm32l4xx.o
    0x080042e0   0x000000f8   Code   RO         3821    i.UART_AdvFeatureConfig  stm32l4xx_hal_uart.o
    0x080043d8   0x00000074   Code   RO         3822    i.UART_CheckIdleState  stm32l4xx_hal_uart.o
    0x0800444c   0x00000030   Code   RO         3834    i.UART_EndTransmit_IT  stm32l4xx_hal_uart.o
    0x0800447c   0x0000048e   Code   RO         3837    i.UART_SetConfig    stm32l4xx_hal_uart.o
    0x0800490a   0x00000072   Code   RO         3838    i.UART_Transmit_IT  stm32l4xx_hal_uart.o
    0x0800497c   0x0000006c   Code   RO         3839    i.UART_WaitOnFlagUntilTimeout  stm32l4xx_hal_uart.o
    0x080049e8   0x000000b4   Code   RO         4857    i.UMini_Initial     agenttiny.o
    0x08004a9c   0x00000070   Code   RO         4858    i.UMini_NetRecv     agenttiny.o
    0x08004b0c   0x00000038   Code   RO         4859    i.UMini_Report      agenttiny.o
    0x08004b44   0x0000000a   Code   RO         2080    i.USART2_IRQHandler  stm32l4xx_it.o
    0x08004b4e   0x0000000a   Code   RO         2081    i.USART3_IRQHandler  stm32l4xx_it.o
    0x08004b58   0x00000004   Code   RO         2082    i.UsageFault_Handler  stm32l4xx_it.o
    0x08004b5c   0x00000004   Code   RO         6285    i._Error_Handler    main.o
    0x08004b60   0x00000028   Code   RO         6808    i.__0sprintf        mc_w.l(printfa.o)
    0x08004b88   0x00000008   Code   RO         6901    i.__aeabi_errno_addr  mc_w.l(errno.o)
    0x08004b90   0x0000000e   Code   RO         6970    i.__scatterload_copy  mc_w.l(handlers.o)
    0x08004b9e   0x00000002   Code   RO         6971    i.__scatterload_null  mc_w.l(handlers.o)
    0x08004ba0   0x0000000e   Code   RO         6972    i.__scatterload_zeroinit  mc_w.l(handlers.o)
    0x08004bae   0x00000002   PAD
    0x08004bb0   0x0000018a   Code   RO         6813    i._fp_digits        mc_w.l(printfa.o)
    0x08004d3a   0x00000002   PAD
    0x08004d3c   0x000006e2   Code   RO         6814    i._printf_core      mc_w.l(printfa.o)
    0x0800541e   0x00000024   Code   RO         6815    i._printf_post_padding  mc_w.l(printfa.o)
    0x08005442   0x0000002e   Code   RO         6816    i._printf_pre_padding  mc_w.l(printfa.o)
    0x08005470   0x0000000a   Code   RO         6818    i._sputc            mc_w.l(printfa.o)
    0x0800547a   0x00000002   PAD
    0x0800547c   0x000000cc   Code   RO         5002    i.agenttiny_res_init  agent_client_interface.o
    0x08005548   0x00000010   Code   RO         5003    i.agenttiny_set_iotaddrinfo  agent_client_interface.o
    0x08005558   0x00000054   Code   RO         5039    i.checksum          microtcpip.o
    0x080055ac   0x0000002a   Code   RO         5375    i.coap_all_build    coap_liteos_port.o
    0x080055d6   0x00000002   PAD
    0x080055d8   0x000000f0   Code   RO         5376    i.coap_alloc_source  coap_liteos_port.o
    0x080056c8   0x000001ea   Code   RO         5289    i.coap_build        coap.o
    0x080058b2   0x00000046   Code   RO         5290    i.coap_findOptions  coap.o
    0x080058f8   0x0000004c   Code   RO         5377    i.coap_free_pkt     coap_liteos_port.o
    0x08005944   0x00000088   Code   RO         5378    i.coap_free_source  coap_liteos_port.o
    0x080059cc   0x00000024   Code   RO         5379    i.coap_get_random   coap_liteos_port.o
    0x080059f0   0x00000034   Code   RO         5380    i.coap_get_token    coap_liteos_port.o
    0x08005a24   0x000000dc   Code   RO         5291    i.coap_handle_req   coap.o
    0x08005b00   0x00000006   Code   RO         5381    i.coap_internal_getsock  coap_liteos_port.o
    0x08005b06   0x00000002   PAD
    0x08005b08   0x00000082   Code   RO         5382    i.coap_lowlevel_send  coap_liteos_port.o
    0x08005b8a   0x00000076   Code   RO         5292    i.coap_make_response  coap.o
    0x08005c00   0x00000060   Code   RO         5383    i.coap_malloc_pkt   coap_liteos_port.o
    0x08005c60   0x00000024   Code   RO         5295    i.coap_option_nibble  coap.o
    0x08005c84   0x00000054   Code   RO         5296    i.coap_parse        coap.o
    0x08005cd8   0x0000003c   Code   RO         5297    i.coap_parseHeader  coap.o
    0x08005d14   0x000000de   Code   RO         5298    i.coap_parseOption  coap.o
    0x08005df2   0x00000098   Code   RO         5299    i.coap_parseOptionsAndPayload  coap.o
    0x08005e8a   0x00000032   Code   RO         5300    i.coap_parseToken   coap.o
    0x08005ebc   0x0000003c   Code   RO         5384    i.coap_resource_init  coap_liteos_port.o
    0x08005ef8   0x0000001e   Code   RO         5385    i.coap_set_header   coap_liteos_port.o
    0x08005f16   0x00000002   PAD
    0x08005f18   0x00000044   Code   RO         5386    i.coap_set_iotaddr_info  coap_liteos_port.o
    0x08005f5c   0x0000005c   Code   RO         5387    i.coap_set_option   coap_liteos_port.o
    0x08005fb8   0x0000001c   Code   RO         5388    i.coap_set_payload  coap_liteos_port.o
    0x08005fd4   0x00000018   Code   RO         5389    i.coap_set_token    coap_liteos_port.o
    0x08005fec   0x00000020   Code   RO         5040    i.create_micro_socket  microtcpip.o
    0x0800600c   0x000000a0   Code   RO         4861    i.dataReport        agenttiny.o
    0x080060ac   0x0000017c   Code   RO         5773    i.enc28j60Init      spi_enc28j60.o
    0x08006228   0x000000c0   Code   RO         5774    i.enc28j60PacketReceive  spi_enc28j60.o
    0x080062e8   0x00000066   Code   RO         5775    i.enc28j60PacketSend  spi_enc28j60.o
    0x0800634e   0x00000032   Code   RO         5776    i.enc28j60PhyWrite  spi_enc28j60.o
    0x08006380   0x00000014   Code   RO         5777    i.enc28j60Read      spi_enc28j60.o
    0x08006394   0x00000044   Code   RO         5778    i.enc28j60ReadBuffer  spi_enc28j60.o
    0x080063d8   0x00000054   Code   RO         5779    i.enc28j60ReadOp    spi_enc28j60.o
    0x0800642c   0x00000034   Code   RO         5780    i.enc28j60SetBank   spi_enc28j60.o
    0x08006460   0x00000018   Code   RO         5781    i.enc28j60Write     spi_enc28j60.o
    0x08006478   0x00000040   Code   RO         5782    i.enc28j60WriteBuffer  spi_enc28j60.o
    0x080064b8   0x00000048   Code   RO         5783    i.enc28j60WriteOp   spi_enc28j60.o
    0x08006500   0x00000010   Code   RO         5784    i.enc28j60clkout    spi_enc28j60.o
    0x08006510   0x00000044   Code   RO         5041    i.eth_type_is_arp_and_my_ip  microtcpip.o
    0x08006554   0x0000004c   Code   RO         5042    i.eth_type_is_ip_and_my_ip  microtcpip.o
    0x080065a0   0x0000002c   Code   RO         5043    i.fill_ip_hdr_checksum  microtcpip.o
    0x080065cc   0x00000024   Code   RO         5046    i.get_dest_mac      microtcpip.o
    0x080065f0   0x00000038   Code   RO         5490    i.handle_get_observe  endpoints.o
    0x08006628   0x00000044   Code   RO         5491    i.handle_get_rd     endpoints.o
    0x0800666c   0x00000044   Code   RO         5492    i.handle_get_well_known_core  endpoints.o
    0x080066b0   0x0000004c   Code   RO         5493    i.handle_post_cmd   endpoints.o
    0x080066fc   0x0000003c   Code   RO         5048    i.init_ip_arp_udp_tcp  microtcpip.o
    0x08006738   0x00000074   Code   RO         6286    i.init_testethernet  main.o
    0x080067ac   0x0000004c   Code   RO         6287    i.init_testuart     main.o
    0x080067f8   0x00000038   Code   RO         5219    i.is_in_same_network  udp_coap_interface.o
    0x08006830   0x00000044   Code   RO         1881    i.los_bus_spi_devcs_init  los_dev_st_spi.o
    0x08006874   0x0000013c   Code   RO         1882    i.los_bus_spi_init  los_dev_st_spi.o
    0x080069b0   0x0000003c   Code   RO         1884    i.los_bus_spi_rwonebyte  los_dev_st_spi.o
    0x080069ec   0x00000064   Code   RO         1886    i.los_dev_spi_gpio_init  los_dev_st_spi.o
    0x08006a50   0x00000024   Code   RO         1948    i.los_dev_uart_gpio_init  los_dev_st_uart.o
    0x08006a74   0x000001b4   Code   RO         1949    i.los_dev_uart_init  los_dev_st_uart.o
    0x08006c28   0x000001c4   Code   RO         1950    i.los_dev_uart_irqhandler  los_dev_st_uart.o
    0x08006dec   0x00000444   Code   RO         1951    i.los_dev_uart_read  los_dev_st_uart.o
    0x08007230   0x00000094   Code   RO         1952    i.los_dev_uart_start  los_dev_st_uart.o
    0x080072c4   0x0000008c   Code   RO         1953    i.los_dev_uart_write  los_dev_st_uart.o
    0x08007350   0x00000038   Code   RO         6346    i.los_oceancon_sample  ocean_sample.o
    0x08007388   0x00000158   Code   RO         1954    i.los_receive_it    los_dev_st_uart.o
    0x080074e0   0x0000006c   Code   RO         6288    i.main              main.o
    0x0800754c   0x00000064   Code   RO         5050    i.make_arp_answer_from_request  microtcpip.o
    0x080075b0   0x000000b4   Code   RO         5051    i.make_arp_request  microtcpip.o
    0x08007664   0x00000024   Code   RO         5053    i.make_eth          microtcpip.o
    0x08007688   0x000000a8   Code   RO         5059    i.make_udp_and_send_pkg  microtcpip.o
    0x08007730   0x00000064   Code   RO         5060    i.make_udp_ip_head  microtcpip.o
    0x08007794   0x00000030   Code   RO         5062    i.make_udp_send_eth  microtcpip.o
    0x080077c4   0x00000210   Code   RO         5582    i.neul_bc95_active_network  neul_bc95.o
    0x080079d4   0x00000084   Code   RO         5586    i.neul_bc95_get_netstat  neul_bc95.o
    0x08007a58   0x000000b0   Code   RO         5587    i.neul_bc95_get_unrmsg_count  neul_bc95.o
    0x08007b08   0x00000040   Code   RO         5588    i.neul_bc95_hex_to_str  neul_bc95.o
    0x08007b48   0x00000094   Code   RO         5589    i.neul_bc95_hw_detect  neul_bc95.o
    0x08007bdc   0x0000003c   Code   RO         5590    i.neul_bc95_hw_init  neul_bc95.o
    0x08007c18   0x00000058   Code   RO         5591    i.neul_bc95_prepare_transmit  neul_bc95.o
    0x08007c70   0x00000088   Code   RO         5592    i.neul_bc95_query_ip  neul_bc95.o
    0x08007cf8   0x000000e0   Code   RO         5593    i.neul_bc95_read_coap_msg  neul_bc95.o
    0x08007dd8   0x00000084   Code   RO         5594    i.neul_bc95_reboot  neul_bc95.o
    0x08007e5c   0x00000192   Code   RO         5596    i.neul_bc95_send_coap_paylaod  neul_bc95.o
    0x08007fee   0x00000002   PAD
    0x08007ff0   0x000000d0   Code   RO         5597    i.neul_bc95_set_auto_connect  neul_bc95.o
    0x080080c0   0x000000c0   Code   RO         5598    i.neul_bc95_set_band  neul_bc95.o
    0x08008180   0x0000000e   Code   RO         5603    i.neul_bc95_sleep   neul_bc95.o
    0x0800818e   0x00000064   Code   RO         5605    i.neul_bc95_str_to_hex  neul_bc95.o
    0x080081f2   0x00000002   PAD
    0x080081f4   0x000000b4   Code   RO         6348    i.ocean_dev_control  ocean_sample.o
    0x080082a8   0x00000024   Code   RO         4782    i.ocean_get_unread_pkg  ocean_interface.o
    0x080082cc   0x00000034   Code   RO         4783    i.ocean_init_iot_addr  ocean_interface.o
    0x08008300   0x00000040   Code   RO         4784    i.ocean_recv_data   ocean_interface.o
    0x08008340   0x00000050   Code   RO         6349    i.ocean_report_cmd_status  ocean_sample.o
    0x08008390   0x0000012c   Code   RO         4785    i.ocean_res_init    ocean_interface.o
    0x080084bc   0x00000040   Code   RO         4786    i.ocean_send_data   ocean_interface.o
    0x080084fc   0x000000e4   Code   RO         6350    i.oceancon_sampletask  ocean_sample.o
    0x080085e0   0x00000034   Code   RO         1165    i.osDelay           cmsis_liteos.o
    0x08008614   0x00000008   Code   RO         1563    i.osHwiDefaultHandler  los_hwi.o
    0x0800861c   0x00000024   Code   RO         1564    i.osHwiInit         los_hwi.o
    0x08008640   0x00000004   Code   RO          336    i.osIdleTask        los_task.o
    0x08008644   0x0000004c   Code   RO          337    i.osIdleTaskCreate  los_task.o
    0x08008690   0x0000000c   Code   RO         1565    i.osIntNumGet       los_hwi.o
    0x0800869c   0x00000070   Code   RO         1111    i.osMain            los_config.o
    0x0800870c   0x0000005c   Code   RO          909    i.osMemAllocWithCheck  los_memory.o
    0x08008768   0x0000009e   Code   RO          910    i.osMemCheckUsedNode  los_memory.o
    0x08008806   0x00000050   Code   RO          911    i.osMemFindSuitableFreeBlock  los_memory.o
    0x08008856   0x000000b2   Code   RO          912    i.osMemFreeNode     los_memory.o
    0x08008908   0x0000003e   Code   RO          913    i.osMemIsNodeValid  los_memory.o
    0x08008946   0x00000024   Code   RO          914    i.osMemMergeNode    los_memory.o
    0x0800896a   0x00000002   PAD
    0x0800896c   0x00000020   Code   RO          915    i.osMemSetMagicNumAndTaskid  los_memory.o
    0x0800898c   0x0000005c   Code   RO          916    i.osMemSpitNode     los_memory.o
    0x080089e8   0x00000024   Code   RO          917    i.osMemSystemInit   los_memory.o
    0x08008a0c   0x0000005c   Code   RO          629    i.osMuxInit         los_mux.o
    0x08008a68   0x00000048   Code   RO            6    i.osPriqueueInit    los_priqueue.o
    0x08008ab0   0x00000070   Code   RO          701    i.osQueueCreate     los_queue.o
    0x08008b20   0x00000038   Code   RO          702    i.osQueueInit       los_queue.o
    0x08008b58   0x00000084   Code   RO          705    i.osQueuePend       los_queue.o
    0x08008bdc   0x0000005a   Code   RO          706    i.osQueueWakeUp     los_queue.o
    0x08008c36   0x00000002   PAD
    0x08008c38   0x0000001c   Code   RO         1112    i.osRegister        los_config.o
    0x08008c54   0x00000008   Code   RO         1501    i.osSchedule        los_hw.o
    0x08008c5c   0x00000058   Code   RO          808    i.osSemInit         los_sem.o
    0x08008cb4   0x000000ac   Code   RO          117    i.osSwTmrInit       los_swtmr.o
    0x08008d60   0x00000060   Code   RO          118    i.osSwTmrStart      los_swtmr.o
    0x08008dc0   0x00000050   Code   RO          119    i.osSwTmrTask       los_swtmr.o
    0x08008e10   0x00000048   Code   RO          120    i.osSwTmrTaskCreate  los_swtmr.o
    0x08008e58   0x0000008c   Code   RO          121    i.osSwTmrTimeoutHandle  los_swtmr.o
    0x08008ee4   0x00000014   Code   RO          122    i.osSwtmrDelete     los_swtmr.o
    0x08008ef8   0x00000024   Code   RO          123    i.osSwtmrScan       los_swtmr.o
    0x08008f1c   0x000000c0   Code   RO          338    i.osTaskAdd2TimerList  los_task.o
    0x08008fdc   0x000000a4   Code   RO          339    i.osTaskEntry       los_task.o
    0x08009080   0x00000008   Code   RO         1502    i.osTaskExit        los_hw.o
    0x08009088   0x00000128   Code   RO          340    i.osTaskInit        los_task.o
    0x080091b0   0x00000034   Code   RO         1027    i.osTaskMemUsedDec  los_memstat.o
    0x080091e4   0x0000003c   Code   RO         1028    i.osTaskMemUsedInc  los_memstat.o
    0x08009220   0x000000dc   Code   RO          342    i.osTaskScan        los_task.o
    0x080092fc   0x000000fc   Code   RO          343    i.osTaskSelfDelete  los_task.o
    0x080093f8   0x00000078   Code   RO         1194    i.osThreadCreate    cmsis_liteos.o
    0x08009470   0x00000028   Code   RO          520    i.osTickHandler     los_tick.o
    0x08009498   0x0000006c   Code   RO         1630    i.osTickStart       los_bsp_adapter.o
    0x08009504   0x00000048   Code   RO          344    i.osTimerListDelete  los_task.o
    0x0800954c   0x0000004c   Code   RO          548    i.osTimesliceCheck  los_timeslice.o
    0x08009598   0x00000010   Code   RO          549    i.osTimesliceInit   los_timeslice.o
    0x080095a8   0x00000140   Code   RO         1503    i.osTskStackInit    los_hw.o
    0x080096e8   0x00000014   Code   RO         5608    i.uart_data_flush   neul_bc95.o
    0x080096fc   0x00000044   Code   RO         5609    i.uart_data_read    neul_bc95.o
    0x08009740   0x00000024   Code   RO         5610    i.uart_data_write   neul_bc95.o
    0x08009764   0x00000136   Code   RO         5390    i.udp_client        coap_liteos_port.o
    0x0800989a   0x00000002   PAD
    0x0800989c   0x00000038   Code   RO         5220    i.udp_create_socket  udp_coap_interface.o
    0x080098d4   0x00000080   Code   RO         5221    i.udp_init_ring_buf  udp_coap_interface.o
    0x08009954   0x00000100   Code   RO         5222    i.udp_read_data     udp_coap_interface.o
    0x08009a54   0x0000001c   Code   RO         5223    i.udp_send_data     udp_coap_interface.o
    0x08009a70   0x00000028   Code   RO         5224    i.udp_set_local_addr  udp_coap_interface.o
    0x08009a98   0x00000054   Code   RO         5225    i.udp_stack_init    udp_coap_interface.o
    0x08009aec   0x00000130   Code   RO         5226    i.udp_stack_process  udp_coap_interface.o
    0x08009c1c   0x000000d4   Code   RO         4862    i.umini_bind        agenttiny.o
    0x08009cf0   0x00000028   Code   RO         4920    i.user_dev_get_sn   ocean_porting.o
    0x08009d18   0x0000000c   Code   RO         4921    i.user_dev_load_data  ocean_porting.o
    0x08009d24   0x00000034   Code   RO         4922    i.user_dev_save_data  ocean_porting.o
    0x08009d58   0x0000001a   Code   RO         4923    i.user_recv_cmd     ocean_porting.o
    0x08009d72   0x00000002   PAD
    0x08009d74   0x00000009   Data   RO         1631    .constdata          los_bsp_adapter.o
    0x08009d7d   0x00000003   PAD
    0x08009d80   0x00000048   Data   RO         2164    .constdata          system_stm32l4xx.o
    0x08009dc8   0x00000078   Data   RO         5495    .constdata          endpoints.o
    0x08009e40   0x00000081   Data   RO         6933    .constdata          mc_w.l(ctype_o.o)
    0x08009ec1   0x00000003   PAD
    0x08009ec4   0x00000004   Data   RO         6934    .constdata          mc_w.l(ctype_o.o)
    0x08009ec8   0x0000002a   Data   RO         5496    .conststring        endpoints.o
    0x08009ef2   0x00000002   PAD
    0x08009ef4   0x00000020   Data   RO         6968    Region$$Table       anon$$obj.o


    Execution Region RW_IRAM1 (Base: 0x20000000, Size: 0x0000ddc8, Max: 0x00018000, ABSOLUTE, COMPRESSED[0x000000b8])

    Base Addr    Size         Type   Attr      Idx    E Section Name        Object

    0x20000000   0x00000004   Data   RW            7    .data               los_priqueue.o
    0x20000004   0x00000010   Data   RW          126    .data               los_swtmr.o
    0x20000014   0x00000044   Data   RW          345    .data               los_task.o
    0x20000058   0x00000010   Data   RW          521    .data               los_tick.o
    0x20000068   0x00000008   Data   RW          550    .data               los_timeslice.o
    0x20000070   0x0000000c   Data   RW          630    .data               los_mux.o
    0x2000007c   0x00000004   Data   RW          707    .data               los_queue.o
    0x20000080   0x0000000c   Data   RW          809    .data               los_sem.o
    0x2000008c   0x00000008   Data   RW         1113    .data               los_config.o
    0x20000094   0x00000004   Data   RW         1536    .data               los_hw_tick.o
    0x20000098   0x00000004   Data   RW         1568    .data               los_hwi.o
    0x2000009c   0x00000004   Data   RW         1632    .data               los_bsp_adapter.o
    0x200000a0   0x00000008   Data   RW         1888    .data               los_dev_st_spi.o
    0x200000a8   0x0000000c   Data   RW         1956    .data               los_dev_st_uart.o
    0x200000b4   0x00000004   Data   RW         2165    .data               system_stm32l4xx.o
    0x200000b8   0x00000004   Data   RW         2231    .data               stm32l4xx_hal.o
    0x200000bc   0x0000000f   Data   RW         4788    .data               ocean_interface.o
    0x200000cb   0x00000001   PAD
    0x200000cc   0x0000002c   Data   RW         4864    .data               agenttiny.o
    0x200000f8   0x00000004   Data   RW         5006    .data               agent_client_interface.o
    0x200000fc   0x00000026   Data   RW         5063    .data               microtcpip.o
    0x20000122   0x00000002   PAD
    0x20000124   0x0000001c   Data   RW         5228    .data               udp_coap_interface.o
    0x20000140   0x00000034   Data   RW         5392    .data               coap_liteos_port.o
    0x20000174   0x00000002   Data   RW         5497    .data               endpoints.o
    0x20000176   0x00000002   PAD
    0x20000178   0x00000048   Data   RW         5612    .data               neul_bc95.o
    0x200001c0   0x00000008   Data   RW         5786    .data               spi_enc28j60.o
    0x200001c8   0x00000010   Data   RW         6290    .data               main.o
    0x200001d8   0x0000002e   Data   RW         6352    .data               ocean_sample.o
    0x20000206   0x00000002   PAD
    0x20000208   0x00000004   Data   RW         6557    .data               mc_w.l(rand.o)
    0x2000020c   0x00000004   Data   RW         6904    .data               mc_w.l(errno.o)
    0x20000210   0x00000400   Data   RW         1569    .vector.bss         los_hwi.o
    0x20000610   0x000000d0   Zero   RW          125    .bss                los_swtmr.o
    0x200006e0   0x00008000   Zero   RW          918    .bss                los_memory.o
    0x200086e0   0x00000040   Zero   RW         1029    .bss                los_memstat.o
    0x20008720   0x000000c8   Zero   RW         1887    .bss                los_dev_st_spi.o
    0x200087e8   0x00000230   Zero   RW         1955    .bss                los_dev_st_uart.o
    0x20008a18   0x00000400   Zero   RW         4787    .bss                ocean_interface.o
    0x20008e18   0x00001fe8   Zero   RW         4863    .bss                agenttiny.o
    0x2000ae00   0x00000100   Zero   RW         4924    .bss                ocean_porting.o
    0x2000af00   0x00000044   Zero   RW         5005    .bss                agent_client_interface.o
    0x2000af44   0x00000848   Zero   RW         5227    .bss                udp_coap_interface.o
    0x2000b78c   0x00000a00   Zero   RW         5391    .bss                coap_liteos_port.o
    0x2000c18c   0x000005dc   Zero   RW         5494    .bss                endpoints.o
    0x2000c768   0x00000c78   Zero   RW         5611    .bss                neul_bc95.o
    0x2000d3e0   0x000003e8   Zero   RW         6289    .bss                main.o
    0x2000d7c8   0x00000200   Zero   RW         6351    .bss                ocean_sample.o
    0x2000d9c8   0x00000400   Zero   RW         6272    STACK               startup_stm32l476xx.o


==============================================================================

Image component sizes


      Code (inc. data)   RO Data    RW Data    ZI Data      Debug   Object Name

       220         68          0          4         68       1877   agent_client_interface.o
       720        108          0         44       8168      11398   agenttiny.o
       172          8          0          0          0      20475   cmsis_liteos.o
      1502         10          0          0          0      10271   coap.o
      1426         88          0         52       2560      15323   coap_liteos_port.o
       268         18        162          2       1500       9281   endpoints.o
       138         16          9          4          0     829425   los_bsp_adapter.o
         2          0          0          0          0        585   los_bsp_key.o
         2          0          0          0          0        585   los_bsp_led.o
         2          0          0          0          0        590   los_bsp_uart.o
       188         18          0          8          0       4224   los_config.o
       544         24          0          8        200       5154   los_dev_st_spi.o
      2648         42          0         12        560       8961   los_dev_st_uart.o
       258         24          0          0          0        476   los_dispatch_keil.o
       400         22          0          0          0       4586   los_hw.o
        68         10          0          4          0       1585   los_hw_tick.o
        56         10          0       1028          0       5498   los_hwi.o
       356         10          0          0          0       4164   los_membox.o
      1222         14          0          0      32768      16956   los_memory.o
       112         24          0          0         64       2217   los_memstat.o
        28          0          0          0          0        688   los_misc.o
       396          4          0          0          0       5456   los_multipledlinkhead.o
       128         18          0         12          0       6316   los_mux.o
       232         22          0          4          0      10342   los_priqueue.o
      1188         72          0          4          0      19229   los_queue.o
       708         56          0         12          0       8156   los_sem.o
       616         84          0         16        208      18243   los_swtmr.o
        52          6          0          0          0       1269   los_sys.o
      2610        226          0         68          0      26644   los_task.o
        40          6          0         16          0        993   los_tick.o
        92         16          0          8          0       1501   los_timeslice.o
       500         74          0         16       1000       4892   main.o
      1032         90          0         38          0      11820   microtcpip.o
      2728        466          0         72       3192      16416   neul_bc95.o
       516         74          0         15       1024      11649   ocean_interface.o
       130         18          0          0        256      11238   ocean_porting.o
       544         52          0         46        512       8814   ocean_sample.o
      1124         38          0          8          0       9187   spi_enc28j60.o
        36          8        392          0       1024        944   startup_stm32l476xx.o
        90         14          0          4          0       4207   stm32l4xx_hal.o
       344         22          0          0          0      32509   stm32l4xx_hal_cortex.o
       530         36          0          0          0       2772   stm32l4xx_hal_gpio.o
       560         42          0          0          0       2935   stm32l4xx_hal_msp.o
       156         18          0          0          0       1582   stm32l4xx_hal_pwr_ex.o
      2732         96          0          0          0       7984   stm32l4xx_hal_rcc.o
      2156         42          0          0          0       4420   stm32l4xx_hal_rcc_ex.o
      1290          0          0          0          0       6137   stm32l4xx_hal_spi.o
      2036         50          0          0          0       8735   stm32l4xx_hal_uart.o
        46          0          0          0          0       6335   stm32l4xx_it.o
        80         12         72          4          0       1557   system_stm32l4xx.o
       952        110          0         28       2120       8368   udp_coap_interface.o

    ----------------------------------------------------------------------
     34016       2286        672       1544      55224    1214969   Object Totals
         0          0         32          0          0          0   (incl. Generated)
        40          0          5          7          0          0   (incl. Padding)

    ----------------------------------------------------------------------

      Code (inc. data)   RO Data    RW Data    ZI Data      Debug   Library Member Name

        56          8          0          0          0         84   __0sscanf.o
        86          0          0          0          0          0   __dczerorl2.o
        28          0          0          0          0         68   _chval.o
       818          4          0          0          0        112   _scanf.o
       338          0          0          0          0         96   _scanf_int.o
       230          0          0          0          0         96   _scanf_str.o
        64          0          0          0          0         84   _sgetc.o
       164          0          0          0          0         92   _strtoul.o
        26          0          0          0          0         80   atoi.o
         8          4        133          0          0         68   ctype_o.o
         0          0          0          0          0          0   entry.o
         0          0          0          0          0          0   entry10a.o
         0          0          0          0          0          0   entry11a.o
         8          4          0          0          0          0   entry2.o
         4          0          0          0          0          0   entry5.o
         0          0          0          0          0          0   entry7b.o
         0          0          0          0          0          0   entry8b.o
         8          4          0          0          0          0   entry9a.o
         8          4          0          4          0         68   errno.o
        30          0          0          0          0          0   handlers.o
        36          8          0          0          0         68   init.o
        18          0          0          0          0         76   isspace_o.o
         0          0          0          0          0          0   iusefp.o
        30          0          0          0          0         68   llshl.o
        36          0          0          0          0         68   llsshr.o
        32          0          0          0          0         68   llushr.o
        26          0          0          0          0         80   memcmp.o
        36          0          0          0          0         68   memcpya.o
        36          0          0          0          0        108   memseta.o
      2288         86          0          0          0        520   printfa.o
        36         10          0          4          0        136   rand.o
        40          8          0          0          0         84   scanf_char.o
        14          0          0          0          0         68   strlen.o
        36          0          0          0          0         80   strstr.o
       112          0          0          0          0         88   strtol.o
        44          0          0          0          0         80   uidiv.o
       104          0          0          0          0         92   uldiv.o
        48          0          0          0          0         68   cdrcmple.o
       350          0          0          0          0        148   dadd.o
       222          0          0          0          0        100   ddiv.o
       186          0          0          0          0        176   depilogue.o
        48          0          0          0          0         68   dfixul.o
       234          0          0          0          0         96   dmul.o

    ----------------------------------------------------------------------
      5900        140        136          8          0       3256   Library Totals
        12          0          3          0          0          0   (incl. Padding)

    ----------------------------------------------------------------------

      Code (inc. data)   RO Data    RW Data    ZI Data      Debug   Library Name

      4800        140        133          8          0       2600   mc_w.l
      1088          0          0          0          0        656   mf_w.l

    ----------------------------------------------------------------------
      5900        140        136          8          0       3256   Library Totals

    ----------------------------------------------------------------------

==============================================================================


      Code (inc. data)   RO Data    RW Data    ZI Data      Debug   

     39916       2426        808       1552      55224    1189593   Grand Totals
     39916       2426        808        184      55224    1189593   ELF Image Totals (compressed)
     39916       2426        808        184          0          0   ROM Totals

==============================================================================

    Total RO  Size (Code + RO Data)                40724 (  39.77kB)
    Total RW  Size (RW Data + ZI Data)             56776 (  55.45kB)
    Total ROM Size (Code + RO Data + RW Data)      40908 (  39.95kB)

==============================================================================

