Component: ARM Compiler 5.06 update 4 (build 422) Tool: armlink [4d35d2]

==============================================================================

Section Cross References

    los_priqueue.o(i.LOS_PriqueueEnqueue) refers to los_priqueue.o(.data) for g_pstLosPriorityQueueList
    los_priqueue.o(i.LOS_PriqueueSize) refers to los_priqueue.o(.data) for g_pstLosPriorityQueueList
    los_priqueue.o(i.LOS_PriqueueTop) refers to los_priqueue.o(.data) for g_pstLosPriorityQueueList
    los_priqueue.o(i.LOS_PriqueueTotalSize) refers to los_priqueue.o(i.LOS_PriqueueSize) for LOS_PriqueueSize
    los_priqueue.o(i.osPriqueueInit) refers to los_memory.o(i.LOS_MemAlloc) for LOS_MemAlloc
    los_priqueue.o(i.osPriqueueInit) refers to los_config.o(.data) for m_aucSysMem0
    los_priqueue.o(i.osPriqueueInit) refers to los_priqueue.o(.data) for g_pstLosPriorityQueueList
    los_swtmr.o(i.LOS_SwtmrCreate) refers to los_dispatch_keil.o(.text) for LOS_IntLock
    los_swtmr.o(i.LOS_SwtmrCreate) refers to los_swtmr.o(.data) for m_pstSwtmrFreeList
    los_swtmr.o(i.LOS_SwtmrDelete) refers to los_dispatch_keil.o(.text) for LOS_IntLock
    los_swtmr.o(i.LOS_SwtmrDelete) refers to los_swtmr.o(i.osSwtmrStop) for osSwtmrStop
    los_swtmr.o(i.LOS_SwtmrDelete) refers to los_swtmr.o(i.osSwtmrDelete) for osSwtmrDelete
    los_swtmr.o(i.LOS_SwtmrDelete) refers to los_swtmr.o(.data) for m_pstSwtmrCBArray
    los_swtmr.o(i.LOS_SwtmrStart) refers to los_dispatch_keil.o(.text) for LOS_IntLock
    los_swtmr.o(i.LOS_SwtmrStart) refers to los_swtmr.o(i.osSwtmrStop) for osSwtmrStop
    los_swtmr.o(i.LOS_SwtmrStart) refers to los_swtmr.o(i.osSwTmrStart) for osSwTmrStart
    los_swtmr.o(i.LOS_SwtmrStart) refers to los_swtmr.o(.data) for m_pstSwtmrCBArray
    los_swtmr.o(i.LOS_SwtmrStop) refers to los_dispatch_keil.o(.text) for LOS_IntLock
    los_swtmr.o(i.LOS_SwtmrStop) refers to los_swtmr.o(i.osSwtmrStop) for osSwtmrStop
    los_swtmr.o(i.LOS_SwtmrStop) refers to los_swtmr.o(.data) for m_pstSwtmrCBArray
    los_swtmr.o(i.osSwTmrAdjust) refers to los_swtmr.o(i.osSwTmrTimeoutHandle) for osSwTmrTimeoutHandle
    los_swtmr.o(i.osSwTmrAdjust) refers to los_swtmr.o(.data) for m_pstSwtmrSortList
    los_swtmr.o(i.osSwTmrGetNextTimeout) refers to los_swtmr.o(.data) for m_pstSwtmrSortList
    los_swtmr.o(i.osSwTmrInit) refers to los_memory.o(i.LOS_MemAlloc) for LOS_MemAlloc
    los_swtmr.o(i.osSwTmrInit) refers to memseta.o(.text) for __aeabi_memclr4
    los_swtmr.o(i.osSwTmrInit) refers to los_membox.o(i.LOS_MemboxInit) for LOS_MemboxInit
    los_swtmr.o(i.osSwTmrInit) refers to los_queue.o(i.LOS_QueueCreate) for LOS_QueueCreate
    los_swtmr.o(i.osSwTmrInit) refers to los_swtmr.o(i.osSwTmrTaskCreate) for osSwTmrTaskCreate
    los_swtmr.o(i.osSwTmrInit) refers to los_swtmr.o(.data) for m_pstSwtmrSortList
    los_swtmr.o(i.osSwTmrInit) refers to los_config.o(.data) for m_aucSysMem0
    los_swtmr.o(i.osSwTmrInit) refers to los_swtmr.o(.bss) for m_aucSwTmrHandlerPool
    los_swtmr.o(i.osSwTmrStart) refers to los_swtmr.o(.data) for m_pstSwtmrSortList
    los_swtmr.o(i.osSwTmrTask) refers to los_queue.o(i.LOS_QueueRead) for LOS_QueueRead
    los_swtmr.o(i.osSwTmrTask) refers to los_membox.o(i.LOS_MemboxFree) for LOS_MemboxFree
    los_swtmr.o(i.osSwTmrTask) refers to los_swtmr.o(.data) for m_uwSwTmrHandlerQueue
    los_swtmr.o(i.osSwTmrTask) refers to los_swtmr.o(.bss) for m_aucSwTmrHandlerPool
    los_swtmr.o(i.osSwTmrTaskCreate) refers to memseta.o(.text) for __aeabi_memclr4
    los_swtmr.o(i.osSwTmrTaskCreate) refers to los_task.o(i.LOS_TaskCreate) for LOS_TaskCreate
    los_swtmr.o(i.osSwTmrTaskCreate) refers to los_swtmr.o(i.osSwTmrTask) for osSwTmrTask
    los_swtmr.o(i.osSwTmrTaskCreate) refers to los_task.o(.data) for g_uwSwtmrTaskID
    los_swtmr.o(i.osSwTmrTimeoutHandle) refers to los_membox.o(i.LOS_MemboxAlloc) for LOS_MemboxAlloc
    los_swtmr.o(i.osSwTmrTimeoutHandle) refers to los_queue.o(i.LOS_QueueWrite) for LOS_QueueWrite
    los_swtmr.o(i.osSwTmrTimeoutHandle) refers to los_membox.o(i.LOS_MemboxFree) for LOS_MemboxFree
    los_swtmr.o(i.osSwTmrTimeoutHandle) refers to los_swtmr.o(i.osSwtmrDelete) for osSwtmrDelete
    los_swtmr.o(i.osSwTmrTimeoutHandle) refers to los_swtmr.o(i.osSwTmrStart) for osSwTmrStart
    los_swtmr.o(i.osSwTmrTimeoutHandle) refers to los_swtmr.o(.data) for m_pstSwtmrSortList
    los_swtmr.o(i.osSwTmrTimeoutHandle) refers to los_swtmr.o(.bss) for m_aucSwTmrHandlerPool
    los_swtmr.o(i.osSwtmrDelete) refers to los_swtmr.o(.data) for m_pstSwtmrFreeList
    los_swtmr.o(i.osSwtmrScan) refers to los_swtmr.o(i.osSwTmrTimeoutHandle) for osSwTmrTimeoutHandle
    los_swtmr.o(i.osSwtmrScan) refers to los_swtmr.o(.data) for m_pstSwtmrSortList
    los_swtmr.o(i.osSwtmrStop) refers to los_swtmr.o(.data) for m_pstSwtmrSortList
    los_sys.o(i.LOS_MS2Tick) refers to uldiv.o(.text) for __aeabi_uldivmod
    los_sys.o(i.LOS_Reboot) refers to los_dispatch_keil.o(.text) for LOS_IntLock
[...]
    _scanf_real                               - Undefined Weak Reference
    __Vectors_Size                           0x00000194   Number         0  startup_stm32l452xx.o ABSOLUTE
    __Vectors                                0x08000000   Data           4  startup_stm32l452xx.o(RESET)
    __Vectors_End                            0x08000194   Data           0  startup_stm32l452xx.o(RESET)
    __main                                   0x08000195   Thumb Code     0  entry.o(.ARM.Collect$$$$00000000)
    _main_stk                                0x08000195   Thumb Code     0  entry2.o(.ARM.Collect$$$$00000001)
    _main_scatterload                        0x08000199   Thumb Code     0  entry5.o(.ARM.Collect$$$$00000004)
    __main_after_scatterload                 0x0800019d   Thumb Code     0  entry5.o(.ARM.Collect$$$$00000004)
    _main_clock                              0x0800019d   Thumb Code     0  entry7b.o(.ARM.Collect$$$$00000008)
    _main_cpp_init                           0x0800019d   Thumb Code     0  entry8b.o(.ARM.Collect$$$$0000000A)
    _main_init                               0x0800019d   Thumb Code     0  entry9a.o(.ARM.Collect$$$$0000000B)
    __rt_final_cpp                           0x080001a5   Thumb Code     0  entry10a.o(.ARM.Collect$$$$0000000D)
    __rt_final_exit                          0x080001a5   Thumb Code     0  entry11a.o(.ARM.Collect$$$$0000000F)
    LOS_StartToRun                           0x080001a9   Thumb Code     0  los_dispatch_keil.o(.text)
    LOS_IntNumGet                            0x080001f9   Thumb Code     0  los_dispatch_keil.o(.text)
    osDisableIRQ                             0x080001ff   Thumb Code     0  los_dispatch_keil.o(.text)
    LOS_IntLock                              0x08000203   Thumb Code     0  los_dispatch_keil.o(.text)
    LOS_IntUnLock                            0x0800020b   Thumb Code     0  los_dispatch_keil.o(.text)
    LOS_IntRestore                           0x08000213   Thumb Code     0  los_dispatch_keil.o(.text)
    osTaskSchedule                           0x08000219   Thumb Code     0  los_dispatch_keil.o(.text)
    PendSV_Handler                           0x08000223   Thumb Code     0  los_dispatch_keil.o(.text)
    Reset_Handler                            0x080002ad   Thumb Code     8  startup_stm32l452xx.o(.text)
    ADC1_IRQHandler                          0x080002c7   Thumb Code     0  startup_stm32l452xx.o(.text)
    CAN1_RX0_IRQHandler                      0x080002c7   Thumb Code     0  startup_stm32l452xx.o(.text)
    CAN1_RX1_IRQHandler                      0x080002c7   Thumb Code     0  startup_stm32l452xx.o(.text)
    CAN1_SCE_IRQHandler                      0x080002c7   Thumb Code     0  startup_stm32l452xx.o(.text)
    CAN1_TX_IRQHandler                       0x080002c7   Thumb Code     0  startup_stm32l452xx.o(.text)
    COMP_IRQHandler                          0x080002c7   Thumb Code     0  startup_stm32l452xx.o(.text)
    CRS_IRQHandler                           0x080002c7   Thumb Code     0  startup_stm32l452xx.o(.text)
    DFSDM1_FLT0_IRQHandler                   0x080002c7   Thumb Code     0  startup_stm32l452xx.o(.text)
    DFSDM1_FLT1_IRQHandler                   0x080002c7   Thumb Code     0  startup_stm32l452xx.o(.text)
    DMA1_Channel1_IRQHandler                 0x080002c7   Thumb Code     0  startup_stm32l452xx.o(.text)
    DMA1_Channel2_IRQHandler                 0x080002c7   Thumb Code     0  startup_stm32l452xx.o(.text)
    DMA1_Channel3_IRQHandler                 0x080002c7   Thumb Code     0  startup_stm32l452xx.o(.text)
    DMA1_Channel4_IRQHandler                 0x080002c7   Thumb Code     0  startup_stm32l452xx.o(.text)
    DMA1_Channel5_IRQHandler                 0x080002c7   Thumb Code     0  startup_stm32l452xx.o(.text)
    DMA1_Channel6_IRQHandler                 0x080002c7   Thumb Code     0  startup_stm32l452xx.o(.text)
    DMA1_Channel7_IRQHandler                 0x080002c7   Thumb Code     0  startup_stm32l452xx.o(.text)
    DMA2_Channel1_IRQHandler                 0x080002c7   Thumb Code     0  startup_stm32l452xx.o(.text)
    DMA2_Channel2_IRQHandler                 0x080002c7   Thumb Code     0  startup_stm32l452xx.o(.text)
    DMA2_Channel3_IRQHandler                 0x080002c7   Thumb Code     0  startup_stm32l452xx.o(.text)
    DMA2_Channel4_IRQHandler                 0x080002c7   Thumb Code     0  startup_stm32l452xx.o(.text)
    DMA2_Channel5_IRQHandler                 0x080002c7   Thumb Code     0  startup_stm32l452xx.o(.text)
    DMA2_Channel6_IRQHandler                 0x080002c7   Thumb Code     0  startup_stm32l452xx.o(.text)
    DMA2_Channel7_IRQHandler                 0x080002c7   Thumb Code     0  startup_stm32l452xx.o(.text)
    EXTI0_IRQHandler                         0x080002c7   Thumb Code     0  startup_stm32l452xx.o(.text)
    EXTI15_10_IRQHandler                     0x080002c7   Thumb Code     0  startup_stm32l452xx.o(.text)
    EXTI1_IRQHandler                         0x080002c7   Thumb Code     0  startup_stm32l452xx.o(.text)
    EXTI2_IRQHandler                         0x080002c7   Thumb Code     0  startup_stm32l452xx.o(.text)
    EXTI3_IRQHandler                         0x080002c7   Thumb Code     0  startup_stm32l452xx.o(.text)
    EXTI4_IRQHandler                         0x080002c7   Thumb Code     0  startup_stm32l452xx.o(.text)
    EXTI9_5_IRQHandler                       0x080002c7   Thumb Code     0  startup_stm32l452xx.o(.text)
    FLASH_IRQHandler                         0x080002c7   Thumb Code     0  startup_stm32l452xx.o(.text)
    FPU_IRQHandler                           0x080002c7   Thumb Code     0  startup_stm32l452xx.o(.text)
    I2C1_ER_IRQHandler                       0x080002c7   Thumb Code     0  startup_stm32l452xx.o(.text)
    I2C1_EV_IRQHandler                       0x080002c7   Thumb Code     0  startup_stm32l452xx.o(.text)
    I2C2_ER_IRQHandler                       0x080002c7   Thumb Code     0  startup_stm32l452xx.o(.text)
    I2C2_EV_IRQHandler                       0x080002c7   Thumb Code     0  startup_stm32l452xx.o(.text)
    I2C3_ER_IRQHandler                       0x080002c7   Thumb Code     0  startup_stm32l452xx.o(.text)
    I2C3_EV_IRQHandler                       0x080002c7   Thumb Code     0  startup_stm32l452xx.o(.text)
    I2C4_ER_IRQHandler                       0x080002c7   Thumb Code     0  startup_stm32l452xx.o(.text)
    I2C4_EV_IRQHandler                       0x080002c7   Thumb Code     0  startup_stm32l452xx.o(.text)
    LPTIM1_IRQHandler                        0x080002c7   Thumb Code     0  startup_stm32l452xx.o(.text)
    LPTIM2_IRQHandler                        0x080002c7   Thumb Code     0  startup_stm32l452xx.o(.text)
    LPUART1_IRQHandler                       0x080002c7   Thumb Code     0  startup_stm32l452xx.o(.text)
    PVD_PVM_IRQHandler                       0x080002c7   Thumb Code     0  startup_stm32l452xx.o(.text)
    QUADSPI_IRQHandler                       0x080002c7   Thumb Code     0  startup_stm32l452xx.o(.text)
    RCC_IRQHandler                           0x080002c7   Thumb Code     0  startup_stm32l452xx.o(.text)
    RNG_IRQHandler                           0x080002c7   Thumb Code     0  startup_stm32l452xx.o(.text)
    RTC_Alarm_IRQHandler                     0x080002c7   Thumb Code     0  startup_stm32l452xx.o(.text)
    RTC_WKUP_IRQHandler                      0x080002c7   Thumb Code     0  startup_stm32l452xx.o(.text)
    SAI1_IRQHandler                          0x080002c7   Thumb Code     0  startup_stm32l452xx.o(.text)
    SDMMC1_IRQHandler                        0x080002c7   Thumb Code     0  startup_stm32l452xx.o(.text)
    SPI3_IRQHandler                          0x080002c7   Thumb Code     0  startup_stm32l452xx.o(.text)
    TAMP_STAMP_IRQHandler                    0x080002c7   Thumb Code     0  startup_stm32l452xx.o(.text)
    TIM1_BRK_TIM15_IRQHandler                0x080002c7   Thumb Code     0  startup_stm32l452xx.o(.text)
    TIM1_CC_IRQHandler                       0x080002c7   Thumb Code     0  startup_stm32l452xx.o(.text)
    TIM1_TRG_COM_IRQHandler                  0x080002c7   Thumb Code     0  startup_stm32l452xx.o(.text)
    TIM1_UP_TIM16_IRQHandler                 0x080002c7   Thumb Code     0  startup_stm32l452xx.o(.text)
    TIM2_IRQHandler                          0x080002c7   Thumb Code     0  startup_stm32l452xx.o(.text)
    TIM3_IRQHandler                          0x080002c7   Thumb Code     0  startup_stm32l452xx.o(.text)
    TIM6_DAC_IRQHandler                      0x080002c7   Thumb Code     0  startup_stm32l452xx.o(.text)
    TSC_IRQHandler                           0x080002c7   Thumb Code     0  startup_stm32l452xx.o(.text)
    UART4_IRQHandler                         0x080002c7   Thumb Code     0  startup_stm32l452xx.o(.text)
    USART1_IRQHandler                        0x080002c7   Thumb Code     0  startup_stm32l452xx.o(.text)
    USB_IRQHandler                           0x080002c7   Thumb Code     0  startup_stm32l452xx.o(.text)
    WWDG_IRQHandler                          0x080002c7   Thumb Code     0  startup_stm32l452xx.o(.text)
    __aeabi_uldivmod                         0x080002d1   Thumb Code    98  uldiv.o(.text)
    rand                                     0x08000339   Thumb Code    20  rand.o(.text)
    srand                                    0x0800034d   Thumb Code     6  rand.o(.text)
    __aeabi_memcpy                           0x0800035d   Thumb Code    36  memcpya.o(.text)
    __aeabi_memcpy4                          0x0800035d   Thumb Code     0  memcpya.o(.text)
    __aeabi_memcpy8                          0x0800035d   Thumb Code     0  memcpya.o(.text)
    __aeabi_memset                           0x08000381   Thumb Code    14  memseta.o(.text)
    __aeabi_memset4                          0x08000381   Thumb Code     0  memseta.o(.text)
    __aeabi_memset8                          0x08000381   Thumb Code     0  memseta.o(.text)
    __aeabi_memclr                           0x0800038f   Thumb Code     4  memseta.o(.text)
    __aeabi_memclr4                          0x0800038f   Thumb Code     0  memseta.o(.text)
    __aeabi_memclr8                          0x0800038f   Thumb Code     0  memseta.o(.text)
    _memset$wrapper                          0x08000393   Thumb Code    18  memseta.o(.text)
    strstr                                   0x080003a5   Thumb Code    36  strstr.o(.text)
    strlen                                   0x080003c9   Thumb Code    14  strlen.o(.text)
    memcmp                                   0x080003d7   Thumb Code    26  memcmp.o(.text)
    __0sscanf                                0x080003f1   Thumb Code    48  __0sscanf.o(.text)
    _scanf_int                               0x08000429   Thumb Code   332  _scanf_int.o(.text)
    _scanf_string                            0x0800057b   Thumb Code   224  _scanf_str.o(.text)
    atoi                                     0x08000661   Thumb Code    26  atoi.o(.text)
    __aeabi_ddiv                             0x0800067b   Thumb Code   222  ddiv.o(.text)
    __aeabi_d2ulz                            0x08000759   Thumb Code    48  dfixul.o(.text)
    __aeabi_uidiv                            0x08000789   Thumb Code     0  uidiv.o(.text)
    __aeabi_uidivmod                         0x08000789   Thumb Code    44  uidiv.o(.text)
    __aeabi_llsl                             0x080007b5   Thumb Code    30  llshl.o(.text)
    _ll_shift_l                              0x080007b5   Thumb Code     0  llshl.o(.text)
    __aeabi_llsr                             0x080007d3   Thumb Code    32  llushr.o(.text)
    _ll_ushift_r                             0x080007d3   Thumb Code     0  llushr.o(.text)
    _chval                                   0x080007f3   Thumb Code    28  _chval.o(.text)
    __vfscanf_char                           0x0800081d   Thumb Code    20  scanf_char.o(.text)
    _sgetc                                   0x08000839   Thumb Code    30  _sgetc.o(.text)
    _sbackspace                              0x08000857   Thumb Code    34  _sgetc.o(.text)
    strtol                                   0x08000879   Thumb Code   112  strtol.o(.text)
    __I$use$fp                               0x080008e9   Thumb Code     0  iusefp.o(.text)
    _double_round                            0x080008e9   Thumb Code    30  depilogue.o(.text)
    _double_epilogue                         0x08000907   Thumb Code   156  depilogue.o(.text)
    __aeabi_dadd                             0x080009a3   Thumb Code   322  dadd.o(.text)
    __aeabi_dsub                             0x08000ae5   Thumb Code     6  dadd.o(.text)
    __aeabi_drsub                            0x08000aeb   Thumb Code     6  dadd.o(.text)
    __aeabi_dmul                             0x08000b01   Thumb Code   228  dmul.o(.text)
    __aeabi_cdrcmple                         0x08000bed   Thumb Code    48  cdrcmple.o(.text)
    __scatterload                            0x08000c1d   Thumb Code    28  init.o(.text)
    __scatterload_rt2                        0x08000c1d   Thumb Code     0  init.o(.text)
    __aeabi_lasr                             0x08000c41   Thumb Code    36  llsshr.o(.text)
    _ll_sshift_r                             0x08000c41   Thumb Code     0  llsshr.o(.text)
    __rt_ctype_table                         0x08000c65   Thumb Code     4  ctype_o.o(.text)
    isspace                                  0x08000c6d   Thumb Code    18  isspace_o.o(.text)
    __vfscanf                                0x08000c81   Thumb Code   808  _scanf.o(.text)
    _strtoul                                 0x08000fb3   Thumb Code   158  _strtoul.o(.text)
    __decompress                             0x08001057   Thumb Code     0  __dczerorl2.o(.text)
    __decompress1                            0x08001057   Thumb Code    86  __dczerorl2.o(.text)
    BusFault_Handler                         0x080010ad   Thumb Code     4  stm32l4xx_it.o(i.BusFault_Handler)
    DebugMon_Handler                         0x080010b1   Thumb Code     2  stm32l4xx_it.o(i.DebugMon_Handler)
    HAL_GPIO_Init                            0x080010b5   Thumb Code   432  stm32l4xx_hal_gpio.o(i.HAL_GPIO_Init)
    HAL_GPIO_WritePin                        0x08001281   Thumb Code    10  stm32l4xx_hal_gpio.o(i.HAL_GPIO_WritePin)
    HAL_GetTick                              0x0800128d   Thumb Code     6  stm32l4xx_hal.o(i.HAL_GetTick)
    HAL_IncTick                              0x08001299   Thumb Code    12  stm32l4xx_hal.o(i.HAL_IncTick)
    HAL_Init                                 0x080012a9   Thumb Code    22  stm32l4xx_hal.o(i.HAL_Init)
    HAL_InitTick                             0x080012c1   Thumb Code    36  stm32l4xx_hal.o(i.HAL_InitTick)
    HAL_MspInit                              0x080012e9   Thumb Code   140  stm32l4xx_hal_msp.o(i.HAL_MspInit)
    HAL_NVIC_EnableIRQ                       0x08001379   Thumb Code    26  stm32l4xx_hal_cortex.o(i.HAL_NVIC_EnableIRQ)
    HAL_NVIC_SetPriority                     0x08001393   Thumb Code   124  stm32l4xx_hal_cortex.o(i.HAL_NVIC_SetPriority)
    HAL_NVIC_SetPriorityGrouping             0x08001415   Thumb Code    32  stm32l4xx_hal_cortex.o(i.HAL_NVIC_SetPriorityGrouping)
    HAL_PWREx_ControlVoltageScaling          0x0800143d   Thumb Code   128  stm32l4xx_hal_pwr_ex.o(i.HAL_PWREx_ControlVoltageScaling)
    HAL_PWREx_GetVoltageRange                0x080014c9   Thumb Code    10  stm32l4xx_hal_pwr_ex.o(i.HAL_PWREx_GetVoltageRange)
    HAL_RCCEx_PeriphCLKConfig                0x080014d9   Thumb Code  1044  stm32l4xx_hal_rcc_ex.o(i.HAL_RCCEx_PeriphCLKConfig)
    HAL_RCC_ClockConfig                      0x080018ed   Thumb Code   458  stm32l4xx_hal_rcc.o(i.HAL_RCC_ClockConfig)
    HAL_RCC_GetHCLKFreq                      0x08001ac9   Thumb Code     6  stm32l4xx_hal_rcc.o(i.HAL_RCC_GetHCLKFreq)
    HAL_RCC_GetPCLK1Freq                     0x08001ad5   Thumb Code    22  stm32l4xx_hal_rcc.o(i.HAL_RCC_GetPCLK1Freq)
    HAL_RCC_GetPCLK2Freq                     0x08001af5   Thumb Code    22  stm32l4xx_hal_rcc.o(i.HAL_RCC_GetPCLK2Freq)
    HAL_RCC_GetSysClockFreq                  0x08001b15   Thumb Code   252  stm32l4xx_hal_rcc.o(i.HAL_RCC_GetSysClockFreq)
    HAL_RCC_OscConfig                        0x08001c21   Thumb Code  1672  stm32l4xx_hal_rcc.o(i.HAL_RCC_OscConfig)
    HAL_SPI_Init                             0x080022b5   Thumb Code   192  stm32l4xx_hal_spi.o(i.HAL_SPI_Init)
    HAL_SPI_MspInit                          0x08002375   Thumb Code   204  stm32l4xx_hal_msp.o(i.HAL_SPI_MspInit)
    HAL_SPI_TransmitReceive                  0x08002455   Thumb Code   648  stm32l4xx_hal_spi.o(i.HAL_SPI_TransmitReceive)
    HAL_SYSTICK_CLKSourceConfig              0x080026e3   Thumb Code    40  stm32l4xx_hal_cortex.o(i.HAL_SYSTICK_CLKSourceConfig)
    HAL_SYSTICK_Config                       0x0800270b   Thumb Code    52  stm32l4xx_hal_cortex.o(i.HAL_SYSTICK_Config)
    HAL_UART_Init                            0x0800273f   Thumb Code   120  stm32l4xx_hal_uart.o(i.HAL_UART_Init)
    HAL_UART_MspInit                         0x080027b9   Thumb Code   174  stm32l4xx_hal_msp.o(i.HAL_UART_MspInit)
    HAL_UART_Transmit_IT                     0x08002879   Thumb Code   114  stm32l4xx_hal_uart.o(i.HAL_UART_Transmit_IT)
    HAL_UART_TxCpltCallback                  0x080028eb   Thumb Code     2  stm32l4xx_hal_uart.o(i.HAL_UART_TxCpltCallback)
    HardFault_Handler                        0x080028ed   Thumb Code     4  stm32l4xx_it.o(i.HardFault_Handler)
    LOS_Align                                0x080028f1   Thumb Code    28  los_misc.o(i.LOS_Align)
    LOS_DLnkInitMultiHead                    0x0800290d   Thumb Code    30  los_multipledlinkhead.o(i.LOS_DLnkInitMultiHead)
    LOS_DLnkMultiHead                        0x0800292b   Thumb Code    42  los_multipledlinkhead.o(i.LOS_DLnkMultiHead)
    LOS_EnableTick                           0x08002955   Thumb Code    18  los_config.o(i.LOS_EnableTick)
    LOS_EvbKeyInit                           0x08002967   Thumb Code     2  los_bsp_key.o(i.LOS_EvbKeyInit)
    LOS_EvbLedInit                           0x08002969   Thumb Code     2  los_bsp_led.o(i.LOS_EvbLedInit)
    LOS_EvbSetup                             0x0800296b   Thumb Code    16  los_bsp_adapter.o(i.LOS_EvbSetup)
    LOS_EvbUartInit                          0x0800297b   Thumb Code     2  los_bsp_uart.o(i.LOS_EvbUartInit)
    LOS_KernelInit                           0x0800297d   Thumb Code    18  los_config.o(i.LOS_KernelInit)
    LOS_MS2Tick                              0x08002bcd   Thumb Code    40  los_sys.o(i.LOS_MS2Tick)
    LOS_MemAlloc                             0x08002bf5   Thumb Code    58  los_memory.o(i.LOS_MemAlloc)
    LOS_MemAllocAlign                        0x08002c2f   Thumb Code   108  los_memory.o(i.LOS_MemAllocAlign)
    LOS_MemFree                              0x08002ca1   Thumb Code    84  los_memory.o(i.LOS_MemFree)
    LOS_MemInit                              0x08002cf5   Thumb Code   166  los_memory.o(i.LOS_MemInit)
    LOS_MemboxAlloc                          0x08002d9d   Thumb Code    60  los_membox.o(i.LOS_MemboxAlloc)
    LOS_MemboxFree                           0x08002ddd   Thumb Code   158  los_membox.o(i.LOS_MemboxFree)
    LOS_MemboxInit                           0x08002e81   Thumb Code   128  los_membox.o(i.LOS_MemboxInit)
    LOS_PriqueueDequeue                      0x08002f01   Thumb Code    24  los_priqueue.o(i.LOS_PriqueueDequeue)
    LOS_PriqueueEnqueue                      0x08002f19   Thumb Code    32  los_priqueue.o(i.LOS_PriqueueEnqueue)
    LOS_PriqueueSize                         0x08002f3d   Thumb Code    36  los_priqueue.o(i.LOS_PriqueueSize)
    LOS_PriqueueTop                          0x08002f65   Thumb Code    54  los_priqueue.o(i.LOS_PriqueueTop)
    LOS_QueueCreate                          0x08002fa1   Thumb Code   118  los_queue.o(i.LOS_QueueCreate)
    LOS_QueueRead                            0x08003025   Thumb Code   282  los_queue.o(i.LOS_QueueRead)
    LOS_QueueWrite                           0x0800315d   Thumb Code   296  los_queue.o(i.LOS_QueueWrite)
    LOS_Schedule                             0x080032a1   Thumb Code    56  los_hw.o(i.LOS_Schedule)
    LOS_SemCreate                            0x080032e1   Thumb Code    98  los_sem.o(i.LOS_SemCreate)
    LOS_SemPend                              0x0800334d   Thumb Code   236  los_sem.o(i.LOS_SemPend)
    LOS_SemPost                              0x0800344d   Thumb Code   176  los_sem.o(i.LOS_SemPost)
    LOS_SetTickSycle                         0x08003505   Thumb Code     6  los_hw_tick.o(i.LOS_SetTickSycle)
    LOS_Start                                0x08003511   Thumb Code    12  los_config.o(i.LOS_Start)
    LOS_TaskCreate                           0x0800351d   Thumb Code   140  los_task.o(i.LOS_TaskCreate)
    LOS_TaskCreateOnly                       0x080035b9   Thumb Code   368  los_task.o(i.LOS_TaskCreateOnly)
    LOS_TaskDelay                            0x08003745   Thumb Code   106  los_task.o(i.LOS_TaskDelay)
    LOS_TaskDelete                           0x080037c5   Thumb Code   320  los_task.o(i.LOS_TaskDelete)
    LOS_TaskLock                             0x0800392d   Thumb Code    26  los_task.o(i.LOS_TaskLock)
    LOS_TaskUnlock                           0x0800394d   Thumb Code    54  los_task.o(i.LOS_TaskUnlock)
    LOS_TaskYield                            0x08003989   Thumb Code   118  los_task.o(i.LOS_TaskYield)
    LOS_TickCountGet                         0x08003a0d   Thumb Code     6  los_sys.o(i.LOS_TickCountGet)
    LOS_TickHandler                          0x08003a19   Thumb Code    52  los_hw_tick.o(i.LOS_TickHandler)
    LosAdapIntInit                           0x08003a51   Thumb Code     2  los_bsp_adapter.o(i.LosAdapIntInit)
    MemManage_Handler                        0x08003a53   Thumb Code     4  stm32l4xx_it.o(i.MemManage_Handler)
    NMI_Handler                              0x08003a57   Thumb Code     2  stm32l4xx_it.o(i.NMI_Handler)
    SPI1_IRQHandler                          0x08003cbd   Thumb Code     2  stm32l4xx_it.o(i.SPI1_IRQHandler)
    SPI2_IRQHandler                          0x08003cbf   Thumb Code     2  stm32l4xx_it.o(i.SPI2_IRQHandler)
    SVC_Handler                              0x08003e7d   Thumb Code     2  stm32l4xx_it.o(i.SVC_Handler)
    SysTick_Handler                          0x08003e7f   Thumb Code    12  los_bsp_adapter.o(i.SysTick_Handler)
    SystemClock_Config                       0x08003e8d   Thumb Code   174  main.o(i.SystemClock_Config)
    SystemInit                               0x08003f51   Thumb Code    68  system_stm32l4xx.o(i.SystemInit)
    UART_AdvFeatureConfig                    0x08003fa1   Thumb Code   248  stm32l4xx_hal_uart.o(i.UART_AdvFeatureConfig)
    UART_CheckIdleState                      0x08004099   Thumb Code   116  stm32l4xx_hal_uart.o(i.UART_CheckIdleState)
    UART_EndTransmit_IT                      0x0800410d   Thumb Code    48  stm32l4xx_hal_uart.o(i.UART_EndTransmit_IT)
    UART_SetConfig                           0x0800413d   Thumb Code  1092  stm32l4xx_hal_uart.o(i.UART_SetConfig)
    UART_Transmit_IT                         0x08004587   Thumb Code   114  stm32l4xx_hal_uart.o(i.UART_Transmit_IT)
    UART_WaitOnFlagUntilTimeout              0x080045f9   Thumb Code   108  stm32l4xx_hal_uart.o(i.UART_WaitOnFlagUntilTimeout)
    UMini_Initial                            0x08004665   Thumb Code   156  agenttiny.o(i.UMini_Initial)
    UMini_NetRecv                            0x08004719   Thumb Code    98  agenttiny.o(i.UMini_NetRecv)
    UMini_Report                             0x08004789   Thumb Code    42  agenttiny.o(i.UMini_Report)
    USART2_IRQHandler                        0x080047c1   Thumb Code    10  stm32l4xx_it.o(i.USART2_IRQHandler)
    USART3_IRQHandler                        0x080047cb   Thumb Code    10  stm32l4xx_it.o(i.USART3_IRQHandler)
    UsageFault_Handler                       0x080047d5   Thumb Code     4  stm32l4xx_it.o(i.UsageFault_Handler)
    _Error_Handler                           0x080047d9   Thumb Code     4  main.o(i._Error_Handler)
    __0sprintf                               0x080047dd   Thumb Code    34  printfa.o(i.__0sprintf)
    __1sprintf                               0x080047dd   Thumb Code     0  printfa.o(i.__0sprintf)
    __2sprintf                               0x080047dd   Thumb Code     0  printfa.o(i.__0sprintf)
    __c89sprintf                             0x080047dd   Thumb Code     0  printfa.o(i.__0sprintf)
    sprintf                                  0x080047dd   Thumb Code     0  printfa.o(i.__0sprintf)
    __aeabi_errno_addr                       0x08004805   Thumb Code     4  errno.o(i.__aeabi_errno_addr)
    __rt_errno_addr                          0x08004805   Thumb Code     0  errno.o(i.__aeabi_errno_addr)
    __scatterload_copy                       0x0800480d   Thumb Code    14  handlers.o(i.__scatterload_copy)
    __scatterload_null                       0x0800481b   Thumb Code     2  handlers.o(i.__scatterload_null)
    __scatterload_zeroinit                   0x0800481d   Thumb Code    14  handlers.o(i.__scatterload_zeroinit)
    agenttiny_res_init                       0x080050f9   Thumb Code   136  agent_client_interface.o(i.agenttiny_res_init)
    agenttiny_set_iotaddrinfo                0x080051c5   Thumb Code    16  agent_client_interface.o(i.agenttiny_set_iotaddrinfo)
    checksum                                 0x080051d5   Thumb Code    84  microtcpip.o(i.checksum)
    coap_all_build                           0x08005229   Thumb Code    42  coap_liteos_port.o(i.coap_all_build)
    coap_alloc_source                        0x08005255   Thumb Code   216  coap_liteos_port.o(i.coap_alloc_source)
    coap_build                               0x08005345   Thumb Code   484  coap.o(i.coap_build)
    coap_findOptions                         0x0800552f   Thumb Code    70  coap.o(i.coap_findOptions)
    coap_free_pkt                            0x08005575   Thumb Code    68  coap_liteos_port.o(i.coap_free_pkt)
    coap_free_source                         0x080055c1   Thumb Code   130  coap_liteos_port.o(i.coap_free_source)
    coap_get_random                          0x08005649   Thumb Code    36  coap_liteos_port.o(i.coap_get_random)
    coap_get_token                           0x0800566d   Thumb Code    52  coap_liteos_port.o(i.coap_get_token)
    coap_handle_req                          0x080056a1   Thumb Code   214  coap.o(i.coap_handle_req)
    coap_lowlevel_send                       0x08005785   Thumb Code   112  coap_liteos_port.o(i.coap_lowlevel_send)
    coap_make_response                       0x08005807   Thumb Code   118  coap.o(i.coap_make_response)
    coap_malloc_pkt                          0x0800587d   Thumb Code    86  coap_liteos_port.o(i.coap_malloc_pkt)
    coap_option_nibble                       0x080058dd   Thumb Code    32  coap.o(i.coap_option_nibble)
    coap_parse                               0x08005901   Thumb Code    84  coap.o(i.coap_parse)
    coap_parseHeader                         0x08005955   Thumb Code    60  coap.o(i.coap_parseHeader)
    coap_parseOption                         0x08005991   Thumb Code   222  coap.o(i.coap_parseOption)
    coap_parseOptionsAndPayload              0x08005a6f   Thumb Code   146  coap.o(i.coap_parseOptionsAndPayload)
    coap_parseToken                          0x08005b07   Thumb Code    50  coap.o(i.coap_parseToken)
    coap_resource_init                       0x08005b39   Thumb Code    54  coap_liteos_port.o(i.coap_resource_init)
    coap_set_header                          0x08005b75   Thumb Code    30  coap_liteos_port.o(i.coap_set_header)
    coap_set_iotaddr_info                    0x08005b95   Thumb Code    60  coap_liteos_port.o(i.coap_set_iotaddr_info)
    coap_set_option                          0x08005bd9   Thumb Code    92  coap_liteos_port.o(i.coap_set_option)
    coap_set_payload                         0x08005c35   Thumb Code    28  coap_liteos_port.o(i.coap_set_payload)
    coap_set_token                           0x08005c51   Thumb Code    24  coap_liteos_port.o(i.coap_set_token)
    create_micro_socket                      0x08005c69   Thumb Code    24  microtcpip.o(i.create_micro_socket)
    dataReport                               0x08005c89   Thumb Code   136  agenttiny.o(i.dataReport)
    enc28j60Init                             0x08005d29   Thumb Code   370  spi_enc28j60.o(i.enc28j60Init)
    enc28j60PacketReceive                    0x08005ea5   Thumb Code   188  spi_enc28j60.o(i.enc28j60PacketReceive)
    enc28j60PacketSend                       0x08005f65   Thumb Code   102  spi_enc28j60.o(i.enc28j60PacketSend)
    enc28j60PhyWrite                         0x08005fcb   Thumb Code    50  spi_enc28j60.o(i.enc28j60PhyWrite)
    enc28j60Read                             0x08005ffd   Thumb Code    20  spi_enc28j60.o(i.enc28j60Read)
    enc28j60ReadBuffer                       0x08006011   Thumb Code    64  spi_enc28j60.o(i.enc28j60ReadBuffer)
    enc28j60ReadOp                           0x08006055   Thumb Code    80  spi_enc28j60.o(i.enc28j60ReadOp)
    enc28j60SetBank                          0x080060a9   Thumb Code    48  spi_enc28j60.o(i.enc28j60SetBank)
    enc28j60Write                            0x080060dd   Thumb Code    24  spi_enc28j60.o(i.enc28j60Write)
    enc28j60WriteBuffer                      0x080060f5   Thumb Code    58  spi_enc28j60.o(i.enc28j60WriteBuffer)
    enc28j60WriteOp                          0x08006135   Thumb Code    66  spi_enc28j60.o(i.enc28j60WriteOp)
    enc28j60clkout                           0x0800617d   Thumb Code    16  spi_enc28j60.o(i.enc28j60clkout)
    eth_type_is_arp_and_my_ip                0x0800618d   Thumb Code    64  microtcpip.o(i.eth_type_is_arp_and_my_ip)
    eth_type_is_ip_and_my_ip                 0x080061d1   Thumb Code    72  microtcpip.o(i.eth_type_is_ip_and_my_ip)
    fill_ip_hdr_checksum                     0x0800621d   Thumb Code    44  microtcpip.o(i.fill_ip_hdr_checksum)
    get_dest_mac                             0x08006249   Thumb Code    30  microtcpip.o(i.get_dest_mac)
    init_ip_arp_udp_tcp                      0x08006379   Thumb Code    48  microtcpip.o(i.init_ip_arp_udp_tcp)
    init_testethernet                        0x080063b5   Thumb Code    90  main.o(i.init_testethernet)
    init_testuart                            0x08006429   Thumb Code    68  main.o(i.init_testuart)
    los_bus_spi_devcs_init                   0x080064ad   Thumb Code    64  los_dev_st_spi.o(i.los_bus_spi_devcs_init)
    los_bus_spi_init                         0x080064f1   Thumb Code   308  los_dev_st_spi.o(i.los_bus_spi_init)
    los_bus_spi_rwonebyte                    0x0800662d   Thumb Code    54  los_dev_st_spi.o(i.los_bus_spi_rwonebyte)
    los_dev_uart_init                        0x080066f1   Thumb Code   428  los_dev_st_uart.o(i.los_dev_uart_init)
    los_dev_uart_irqhandler                  0x080068a5   Thumb Code   446  los_dev_st_uart.o(i.los_dev_uart_irqhandler)
    los_dev_uart_read                        0x08006a69   Thumb Code  1086  los_dev_st_uart.o(i.los_dev_uart_read)
    los_dev_uart_write                       0x08006f41   Thumb Code   132  los_dev_st_uart.o(i.los_dev_uart_write)
    los_oceancon_sample                      0x08006fcd   Thumb Code    38  ocean_sample.o(i.los_oceancon_sample)
    main                                     0x0800715d   Thumb Code    90  main.o(i.main)
    make_arp_answer_from_request             0x080071c9   Thumb Code    92  microtcpip.o(i.make_arp_answer_from_request)
    make_arp_request                         0x0800722d   Thumb Code   170  microtcpip.o(i.make_arp_request)
    make_eth                                 0x080072e1   Thumb Code    30  microtcpip.o(i.make_eth)
    make_udp_and_send_pkg                    0x08007305   Thumb Code   156  microtcpip.o(i.make_udp_and_send_pkg)
    make_udp_ip_head                         0x080073ad   Thumb Code    90  microtcpip.o(i.make_udp_ip_head)
    make_udp_send_eth                        0x08007411   Thumb Code    38  microtcpip.o(i.make_udp_send_eth)
    neul_bc95_active_network                 0x08007441   Thumb Code   462  neul_bc95.o(i.neul_bc95_active_network)
    neul_bc95_get_netstat                    0x08007651   Thumb Code   106  neul_bc95.o(i.neul_bc95_get_netstat)
    neul_bc95_get_unrmsg_count               0x080076d5   Thumb Code   128  neul_bc95.o(i.neul_bc95_get_unrmsg_count)
    neul_bc95_hw_detect                      0x080077c5   Thumb Code   118  neul_bc95.o(i.neul_bc95_hw_detect)
    neul_bc95_hw_init                        0x08007859   Thumb Code    60  neul_bc95.o(i.neul_bc95_hw_init)
    neul_bc95_prepare_transmit               0x08007895   Thumb Code    74  neul_bc95.o(i.neul_bc95_prepare_transmit)
    neul_bc95_query_ip                       0x080078ed   Thumb Code   106  neul_bc95.o(i.neul_bc95_query_ip)
    neul_bc95_read_coap_msg                  0x08007975   Thumb Code   184  neul_bc95.o(i.neul_bc95_read_coap_msg)
    neul_bc95_reboot                         0x08007a55   Thumb Code   108  neul_bc95.o(i.neul_bc95_reboot)
    neul_bc95_send_coap_paylaod              0x08007ad9   Thumb Code   324  neul_bc95.o(i.neul_bc95_send_coap_paylaod)
    neul_bc95_set_auto_connect               0x08007c6d   Thumb Code   136  neul_bc95.o(i.neul_bc95_set_auto_connect)
    neul_bc95_set_band                       0x08007d3d   Thumb Code   162  neul_bc95.o(i.neul_bc95_set_band)
    neul_bc95_sleep                          0x08007dfd   Thumb Code    14  neul_bc95.o(i.neul_bc95_sleep)
    ocean_dev_control                        0x08007e71   Thumb Code   170  ocean_sample.o(i.ocean_dev_control)
    ocean_get_unread_pkg                     0x08007f25   Thumb Code    28  ocean_interface.o(i.ocean_get_unread_pkg)
    ocean_init_iot_addr                      0x08007f49   Thumb Code    44  ocean_interface.o(i.ocean_init_iot_addr)
    ocean_recv_data                          0x08007f7d   Thumb Code    52  ocean_interface.o(i.ocean_recv_data)
    ocean_report_cmd_status                  0x08007fbd   Thumb Code    80  ocean_sample.o(i.ocean_report_cmd_status)
    ocean_res_init                           0x0800800d   Thumb Code   264  ocean_interface.o(i.ocean_res_init)
    ocean_send_data                          0x08008139   Thumb Code    54  ocean_interface.o(i.ocean_send_data)
    oceancon_sampletask                      0x08008179   Thumb Code   204  ocean_sample.o(i.oceancon_sampletask)
    osDelay                                  0x0800825d   Thumb Code    48  cmsis_liteos.o(i.osDelay)
    osHwiDefaultHandler                      0x08008291   Thumb Code     8  los_hwi.o(i.osHwiDefaultHandler)
    osHwiInit                                0x08008299   Thumb Code    26  los_hwi.o(i.osHwiInit)
    osIdleTask                               0x080082bd   Thumb Code     4  los_task.o(i.osIdleTask)
    osIdleTaskCreate                         0x080082c1   Thumb Code    54  los_task.o(i.osIdleTaskCreate)
    osIntNumGet                              0x0800830d   Thumb Code    12  los_hwi.o(i.osIntNumGet)
    osMain                                   0x08008319   Thumb Code   108  los_config.o(i.osMain)
    osMemSystemInit                          0x08008665   Thumb Code    26  los_memory.o(i.osMemSystemInit)
    osMuxInit                                0x08008689   Thumb Code    74  los_mux.o(i.osMuxInit)
    osPriqueueInit                           0x080086e5   Thumb Code    64  los_priqueue.o(i.osPriqueueInit)
    osQueueCreate                            0x0800872d   Thumb Code   100  los_queue.o(i.osQueueCreate)
    osQueueInit                              0x0800879d   Thumb Code    44  los_queue.o(i.osQueueInit)
    osRegister                               0x080088b5   Thumb Code    14  los_config.o(i.osRegister)
    osSchedule                               0x080088d1   Thumb Code     8  los_hw.o(i.osSchedule)
    osSemInit                                0x080088d9   Thumb Code    70  los_sem.o(i.osSemInit)
    osSwTmrInit                              0x08008931   Thumb Code   142  los_swtmr.o(i.osSwTmrInit)
    osSwTmrStart                             0x080089dd   Thumb Code    92  los_swtmr.o(i.osSwTmrStart)
    osSwTmrTask                              0x08008a3d   Thumb Code    70  los_swtmr.o(i.osSwTmrTask)
    osSwTmrTaskCreate                        0x08008a8d   Thumb Code    52  los_swtmr.o(i.osSwTmrTaskCreate)
    osSwtmrScan                              0x08008b75   Thumb Code    32  los_swtmr.o(i.osSwtmrScan)
    osTaskAdd2TimerList                      0x08008b99   Thumb Code   188  los_task.o(i.osTaskAdd2TimerList)
    osTaskEntry                              0x08008c59   Thumb Code   154  los_task.o(i.osTaskEntry)
    osTaskExit                               0x08008cfd   Thumb Code     8  los_hw.o(i.osTaskExit)
    osTaskInit                               0x08008d05   Thumb Code   258  los_task.o(i.osTaskInit)
    osTaskMemUsedDec                         0x08008e2d   Thumb Code    40  los_memstat.o(i.osTaskMemUsedDec)
    osTaskMemUsedInc                         0x08008e61   Thumb Code    48  los_memstat.o(i.osTaskMemUsedInc)
    osTaskScan                               0x08008e9d   Thumb Code   214  los_task.o(i.osTaskScan)
    osTaskSelfDelete                         0x08008f79   Thumb Code   236  los_task.o(i.osTaskSelfDelete)
    osThreadCreate                           0x08009075   Thumb Code   116  cmsis_liteos.o(i.osThreadCreate)
    osTickHandler                            0x080090ed   Thumb Code    34  los_tick.o(i.osTickHandler)
    osTickStart                              0x08009115   Thumb Code    92  los_bsp_adapter.o(i.osTickStart)
    osTimerListDelete                        0x08009181   Thumb Code    66  los_task.o(i.osTimerListDelete)
    osTimesliceCheck                         0x080091c9   Thumb Code    64  los_timeslice.o(i.osTimesliceCheck)
    osTimesliceInit                          0x08009215   Thumb Code    12  los_timeslice.o(i.osTimesliceInit)
    osTskStackInit                           0x08009225   Thumb Code   306  los_hw.o(i.osTskStackInit)
    uart_data_flush                          0x08009365   Thumb Code    16  neul_bc95.o(i.uart_data_flush)
    uart_data_read                           0x08009379   Thumb Code    68  neul_bc95.o(i.uart_data_read)
    uart_data_write                          0x080093bd   Thumb Code    36  neul_bc95.o(i.uart_data_write)
    udp_create_socket                        0x08009519   Thumb Code    48  udp_coap_interface.o(i.udp_create_socket)
    udp_read_data                            0x080095d1   Thumb Code   244  udp_coap_interface.o(i.udp_read_data)
    udp_send_data                            0x080096d1   Thumb Code    22  udp_coap_interface.o(i.udp_send_data)
    udp_set_local_addr                       0x080096ed   Thumb Code    24  udp_coap_interface.o(i.udp_set_local_addr)
    udp_stack_init                           0x0800970d   Thumb Code    60  udp_coap_interface.o(i.udp_stack_init)
    udp_stack_process                        0x08009761   Thumb Code   276  udp_coap_interface.o(i.udp_stack_process)
    umini_bind                               0x08009891   Thumb Code   180  agenttiny.o(i.umini_bind)
    user_dev_get_sn                          0x08009965   Thumb Code    38  ocean_porting.o(i.user_dev_get_sn)
    user_dev_load_data                       0x08009991   Thumb Code     6  ocean_porting.o(i.user_dev_load_data)
    user_dev_save_data                       0x0800999d   Thumb Code    46  ocean_porting.o(i.user_dev_save_data)
    user_recv_cmd                            0x080099d1   Thumb Code    26  ocean_porting.o(i.user_recv_cmd)
    sys_clk_freq                             0x080099ec   Data           4  los_bsp_adapter.o(.constdata)
    tick_per_second                          0x080099f0   Data           4  los_bsp_adapter.o(.constdata)
    g_use_ram_vect                           0x080099f4   Data           1  los_bsp_adapter.o(.constdata)
    AHBPrescTable                            0x080099f8   Data          16  system_stm32l4xx.o(.constdata)
    APBPrescTable                            0x08009a08   Data           8  system_stm32l4xx.o(.constdata)
    MSIRangeTable                            0x08009a10   Data          48  system_stm32l4xx.o(.constdata)
    rsplen                                   0x08009a40   Data           2  endpoints.o(.constdata)
    endpoints                                0x08009a68   Data          80  endpoints.o(.constdata)
    __ctype_table                            0x08009ab8   Data         129  ctype_o.o(.constdata)
    Region$$Table$$Base                      0x08009b6c   Number         0  anon$$obj.o(Region$$Table)
    Region$$Table$$Limit                     0x08009b8c   Number         0  anon$$obj.o(Region$$Table)
    g_pstLosPriorityQueueList                0x20000000   Data           4  los_priqueue.o(.data)
    m_uwSwTmrHandlerQueue                    0x20000004   Data           4  los_swtmr.o(.data)
    m_pstSwtmrCBArray                        0x20000008   Data           4  los_swtmr.o(.data)
    m_pstSwtmrFreeList                       0x2000000c   Data           4  los_swtmr.o(.data)
    m_pstSwtmrSortList                       0x20000010   Data           4  los_swtmr.o(.data)
    g_pstTaskCBArray                         0x20000014   Data           4  los_task.o(.data)
    g_stLosTask                              0x20000018   Data           8  los_task.o(.data)
    g_usLosTaskLock                          0x20000020   Data           2  los_task.o(.data)
    g_uwTskMaxNum                            0x20000024   Data           4  los_task.o(.data)
    g_uwIdleTaskID                           0x20000028   Data           4  los_task.o(.data)
    g_uwSwtmrTaskID                          0x2000002c   Data           4  los_task.o(.data)
    g_stTaskTimerList                        0x20000030   Data           8  los_task.o(.data)
    g_stLosFreeTask                          0x20000038   Data           8  los_task.o(.data)
    g_stTskRecyleList                        0x20000040   Data           8  los_task.o(.data)
    g_stTskSortLink                          0x20000048   Data           8  los_task.o(.data)
    g_bTaskScheduled                         0x20000050   Data           4  los_task.o(.data)
    g_pfnTskSwitchHook                       0x20000054   Data           4  los_task.o(.data)
    g_ullTickCount                           0x20000058   Data           8  los_tick.o(.data)
    g_uwTicksPerSec                          0x20000060   Data           4  los_tick.o(.data)
    g_uwCyclePerSec                          0x20000064   Data           4  los_tick.o(.data)
    g_stTaskTimeSlice                        0x20000068   Data           8  los_timeslice.o(.data)
    g_pstAllMux                              0x20000070   Data           4  los_mux.o(.data)
    g_stUnusedMuxList                        0x20000074   Data           8  los_mux.o(.data)
    g_pstAllQueue                            0x2000007c   Data           4  los_queue.o(.data)
    g_stUnusedSemList                        0x20000080   Data           8  los_sem.o(.data)
    g_pstAllSem                              0x20000088   Data           4  los_sem.o(.data)
    m_aucSysMem0                             0x2000008c   Data           4  los_config.o(.data)
    g_sys_mem_addr_end                       0x20000090   Data           4  los_config.o(.data)
    g_uwCyclesPerTick                        0x20000094   Data           4  los_hw_tick.o(.data)
    g_vuwIntCount                            0x20000098   Data           4  los_hwi.o(.data)
    puarts                                   0x200000a0   Data          12  los_dev_st_uart.o(.data)
    spibus                                   0x200000ac   Data           8  los_dev_st_spi.o(.data)
    SystemCoreClock                          0x200000b4   Data           4  system_stm32l4xx.o(.data)
    uwTick                                   0x200000b8   Data           4  stm32l4xx_hal.o(.data)
    g_pfnUminiOnRecv                         0x200000cc   Data           4  agenttiny.o(.data)
    g_flash                                  0x200000d0   Data           4  agenttiny.o(.data)
    g_Token                                  0x200000d4   Data           8  agenttiny.o(.data)
    g_Token_len                              0x200000dc   Data           1  agenttiny.o(.data)
    g_DeviceSNLen                            0x200000dd   Data           1  agenttiny.o(.data)
    lifetime                                 0x200000de   Data           1  agenttiny.o(.data)
    msgid                                    0x200000e0   Data           2  agenttiny.o(.data)
    g_udp_stack_task                         0x20000128   Data           4  udp_coap_interface.o(.data)
    g_udp_rsem                               0x20000140   Data           4  udp_coap_interface.o(.data)
    g_IotIp                                  0x20000144   Data          32  coap_liteos_port.o(.data)
    g_IotPort                                0x20000164   Data           8  coap_liteos_port.o(.data)
    light_flag                               0x20000179   Data           1  endpoints.o(.data)
    testlip                                  0x200001d0   Data           4  main.o(.data)
    testlgw                                  0x200001d4   Data           4  main.o(.data)
    testlmsk                                 0x200001d8   Data           4  main.o(.data)
    get_cmd                                  0x200001dc   Data           4  ocean_sample.o(.data)
    uset_value                               0x200001e0   Data           4  ocean_sample.o(.data)
    scroll                                   0x200001e4   Data           4  ocean_sample.o(.data)
    g_local_ip                               0x200001e8   Data           4  ocean_sample.o(.data)
    g_local_gw                               0x200001ec   Data           4  ocean_sample.o(.data)
    g_local_msk                              0x200001f0   Data           4  ocean_sample.o(.data)
    g_macaddr                                0x200001f4   Data           6  ocean_sample.o(.data)
    g_devsn                                  0x200001fa   Data          13  ocean_sample.o(.data)
    m_pstHwiForm                             0x20000210   Data        1024  los_hwi.o(.vector.bss)
    m_aucSwTmrHandlerPool                    0x20000610   Data         208  los_swtmr.o(.bss)
    g_ucMemStart                             0x200006e0   Data       32768  los_memory.o(.bss)
    g_TskMemUsedInfo                         0x200086e0   Data          64  los_memstat.o(.bss)
    comx                                     0x20008720   Data         560  los_dev_st_uart.o(.bss)
    spibuses                                 0x20008950   Data         200  los_dev_st_spi.o(.bss)
    los_uart_dualbuf                         0x20008a18   Data        1024  ocean_interface.o(.bss)
    g_board_func                             0x20008e18   Data          32  agenttiny.o(.bss)
    g_coap_func                              0x20008e38   Data          36  agenttiny.o(.bss)
    g_stUminiMgr                             0x20008e5c   Data        7556  agenttiny.o(.bss)
    g_DeviceSN                               0x2000abe0   Data          32  agenttiny.o(.bss)
    UM_outbuff                               0x2000ac00   Data         256  agenttiny.o(.bss)
    g_outbuf                                 0x2000ad00   Data         256  agenttiny.o(.bss)
    __initial_sp                             0x2000ddc8   Data           0  startup_stm32l452xx.o(STACK)



==============================================================================

Memory Map of the image

  Image Entry point : 0x08000195

  Load Region LR_IROM1 (Base: 0x08000000, Size: 0x0000a19c, Max: 0x00080000, ABSOLUTE, COMPRESSED[0x00009c3c])

    Execution Region ER_IROM1 (Base: 0x08000000, Size: 0x00009b8c, Max: 0x00080000, ABSOLUTE)

    Base Addr    Size         Type   Attr      Idx    E Section Name        Object

    0x08000000   0x00000194   Data   RO         6036    RESET               startup_stm32l452xx.o
    0x08000194   0x00000000   Code   RO         6281  * .ARM.Collect$$$$00000000  mc_w.l(entry.o)
    0x08000194   0x00000004   Code   RO         6578    .ARM.Collect$$$$00000001  mc_w.l(entry2.o)
    0x08000198   0x00000004   Code   RO         6581    .ARM.Collect$$$$00000004  mc_w.l(entry5.o)
    0x0800019c   0x00000000   Code   RO         6583    .ARM.Collect$$$$00000008  mc_w.l(entry7b.o)
    0x0800019c   0x00000000   Code   RO         6585    .ARM.Collect$$$$0000000A  mc_w.l(entry8b.o)
    0x0800019c   0x00000008   Code   RO         6586    .ARM.Collect$$$$0000000B  mc_w.l(entry9a.o)
    0x080001a4   0x00000000   Code   RO         6588    .ARM.Collect$$$$0000000D  mc_w.l(entry10a.o)
    0x080001a4   0x00000000   Code   RO         6590    .ARM.Collect$$$$0000000F  mc_w.l(entry11a.o)
    0x080001a4   0x00000004   Code   RO         6579    .ARM.Collect$$$$00002712  mc_w.l(entry2.o)
    0x080001a8   0x00000102   Code   RO         1617    .text               los_dispatch_keil.o
    0x080002aa   0x00000002   PAD
    0x080002ac   0x00000024   Code   RO         6037    .text               startup_stm32l452xx.o
    0x080002d0   0x00000068   Code   RO         6284    .text               mc_w.l(uldiv.o)
    0x08000338   0x00000024   Code   RO         6286    .text               mc_w.l(rand.o)
    0x0800035c   0x00000024   Code   RO         6289    .text               mc_w.l(memcpya.o)
    0x08000380   0x00000024   Code   RO         6291    .text               mc_w.l(memseta.o)
    0x080003a4   0x00000024   Code   RO         6293    .text               mc_w.l(strstr.o)
    0x080003c8   0x0000000e   Code   RO         6295    .text               mc_w.l(strlen.o)
    0x080003d6   0x0000001a   Code   RO         6297    .text               mc_w.l(memcmp.o)
    0x080003f0   0x00000038   Code   RO         6564    .text               mc_w.l(__0sscanf.o)
    0x08000428   0x00000152   Code   RO         6566    .text               mc_w.l(_scanf_int.o)
    0x0800057a   0x000000e6   Code   RO         6568    .text               mc_w.l(_scanf_str.o)
    0x08000660   0x0000001a   Code   RO         6570    .text               mc_w.l(atoi.o)
    0x0800067a   0x000000de   Code   RO         6572    .text               mf_w.l(ddiv.o)
    0x08000758   0x00000030   Code   RO         6576    .text               mf_w.l(dfixul.o)
    0x08000788   0x0000002c   Code   RO         6595    .text               mc_w.l(uidiv.o)
    0x080007b4   0x0000001e   Code   RO         6597    .text               mc_w.l(llshl.o)
    0x080007d2   0x00000020   Code   RO         6599    .text               mc_w.l(llushr.o)
    0x080007f2   0x0000001c   Code   RO         6608    .text               mc_w.l(_chval.o)
    0x0800080e   0x00000002   PAD
    0x08000810   0x00000028   Code   RO         6610    .text               mc_w.l(scanf_char.o)
    0x08000838   0x00000040   Code   RO         6612    .text               mc_w.l(_sgetc.o)
    0x08000878   0x00000070   Code   RO         6614    .text               mc_w.l(strtol.o)
    0x080008e8   0x00000000   Code   RO         6616    .text               mc_w.l(iusefp.o)
    0x080008e8   0x000000ba   Code   RO         6617    .text               mf_w.l(depilogue.o)
    0x080009a2   0x0000015e   Code   RO         6619    .text               mf_w.l(dadd.o)
    0x08000b00   0x000000ea   Code   RO         6621    .text               mf_w.l(dmul.o)
    0x08000bea   0x00000002   PAD
    0x08000bec   0x00000030   Code   RO         6623    .text               mf_w.l(cdrcmple.o)
    0x08000c1c   0x00000024   Code   RO         6625    .text               mc_w.l(init.o)
    0x08000c40   0x00000024   Code   RO         6628    .text               mc_w.l(llsshr.o)
    0x08000c64   0x00000008   Code   RO         6632    .text               mc_w.l(ctype_o.o)
    0x08000c6c   0x00000012   Code   RO         6654    .text               mc_w.l(isspace_o.o)
    0x08000c7e   0x00000002   PAD
    0x08000c80   0x00000332   Code   RO         6660    .text               mc_w.l(_scanf.o)
    0x08000fb2   0x000000a4   Code   RO         6662    .text               mc_w.l(_strtoul.o)
    0x08001056   0x00000056   Code   RO         6676    .text               mc_w.l(__dczerorl2.o)
    0x080010ac   0x00000004   Code   RO         2072    i.BusFault_Handler  stm32l4xx_it.o
    0x080010b0   0x00000002   Code   RO         2073    i.DebugMon_Handler  stm32l4xx_it.o
    0x080010b2   0x00000002   PAD
    0x080010b4   0x000001cc   Code   RO         2782    i.HAL_GPIO_Init     stm32l4xx_hal_gpio.o
    0x08001280   0x0000000a   Code   RO         2786    i.HAL_GPIO_WritePin  stm32l4xx_hal_gpio.o
    0x0800128a   0x00000002   PAD
    0x0800128c   0x0000000c   Code   RO         2210    i.HAL_GetTick       stm32l4xx_hal.o
    0x08001298   0x00000010   Code   RO         2214    i.HAL_IncTick       stm32l4xx_hal.o
    0x080012a8   0x00000016   Code   RO         2215    i.HAL_Init          stm32l4xx_hal.o
    0x080012be   0x00000002   PAD
    0x080012c0   0x00000028   Code   RO         2216    i.HAL_InitTick      stm32l4xx_hal.o
    0x080012e8   0x00000090   Code   RO         2014    i.HAL_MspInit       stm32l4xx_hal_msp.o
    0x08001378   0x0000001a   Code   RO         2415    i.HAL_NVIC_EnableIRQ  stm32l4xx_hal_cortex.o
    0x08001392   0x00000082   Code   RO         2421    i.HAL_NVIC_SetPriority  stm32l4xx_hal_cortex.o
    0x08001414   0x00000028   Code   RO         2422    i.HAL_NVIC_SetPriorityGrouping  stm32l4xx_hal_cortex.o
    0x0800143c   0x0000008c   Code   RO         3537    i.HAL_PWREx_ControlVoltageScaling  stm32l4xx_hal_pwr_ex.o
    0x080014c8   0x00000010   Code   RO         3564    i.HAL_PWREx_GetVoltageRange  stm32l4xx_hal_pwr_ex.o
    0x080014d8   0x00000414   Code   RO         4287    i.HAL_RCCEx_PeriphCLKConfig  stm32l4xx_hal_rcc_ex.o
    0x080018ec   0x000001dc   Code   RO         4165    i.HAL_RCC_ClockConfig  stm32l4xx_hal_rcc.o
    0x08001ac8   0x0000000c   Code   RO         4169    i.HAL_RCC_GetHCLKFreq  stm32l4xx_hal_rcc.o
    0x08001ad4   0x00000020   Code   RO         4171    i.HAL_RCC_GetPCLK1Freq  stm32l4xx_hal_rcc.o
    0x08001af4   0x00000020   Code   RO         4172    i.HAL_RCC_GetPCLK2Freq  stm32l4xx_hal_rcc.o
    0x08001b14   0x0000010c   Code   RO         4173    i.HAL_RCC_GetSysClockFreq  stm32l4xx_hal_rcc.o
    0x08001c20   0x00000694   Code   RO         4176    i.HAL_RCC_OscConfig  stm32l4xx_hal_rcc.o
    0x080022b4   0x000000c0   Code   RO         4449    i.HAL_SPI_Init      stm32l4xx_hal_spi.o
    0x08002374   0x000000e0   Code   RO         2016    i.HAL_SPI_MspInit   stm32l4xx_hal_msp.o
    0x08002454   0x0000028e   Code   RO         4458    i.HAL_SPI_TransmitReceive  stm32l4xx_hal_spi.o
    0x080026e2   0x00000028   Code   RO         2424    i.HAL_SYSTICK_CLKSourceConfig  stm32l4xx_hal_cortex.o
    0x0800270a   0x00000034   Code   RO         2426    i.HAL_SYSTICK_Config  stm32l4xx_hal_cortex.o
    0x0800273e   0x00000078   Code   RO         3778    i.HAL_UART_Init     stm32l4xx_hal_uart.o
    0x080027b6   0x00000002   PAD
    0x080027b8   0x000000c0   Code   RO         2018    i.HAL_UART_MspInit  stm32l4xx_hal_msp.o
    0x08002878   0x00000072   Code   RO         3788    i.HAL_UART_Transmit_IT  stm32l4xx_hal_uart.o
    0x080028ea   0x00000002   Code   RO         3789    i.HAL_UART_TxCpltCallback  stm32l4xx_hal_uart.o
    0x080028ec   0x00000004   Code   RO         2074    i.HardFault_Handler  stm32l4xx_it.o
    0x080028f0   0x0000001c   Code   RO         1088    i.LOS_Align         los_misc.o
    0x0800290c   0x0000001e   Code   RO         1056    i.LOS_DLnkInitMultiHead  los_multipledlinkhead.o
    0x0800292a   0x0000002a   Code   RO         1057    i.LOS_DLnkMultiHead  los_multipledlinkhead.o
    0x08002954   0x00000012   Code   RO         1106    i.LOS_EnableTick    los_config.o
    0x08002966   0x00000002   Code   RO         1790    i.LOS_EvbKeyInit    los_bsp_key.o
    0x08002968   0x00000002   Code   RO         1808    i.LOS_EvbLedInit    los_bsp_led.o
    0x0800296a   0x00000010   Code   RO         1624    i.LOS_EvbSetup      los_bsp_adapter.o
    0x0800297a   0x00000002   Code   RO         1825    i.LOS_EvbUartInit   los_bsp_uart.o
    0x0800297c   0x00000012   Code   RO         1107    i.LOS_KernelInit    los_config.o
    0x0800298e   0x0000000e   Code   RO          320    i.LOS_ListAdd       los_task.o
    0x0800299c   0x0000000e   Code   RO          620    i.LOS_ListAdd       los_mux.o
    0x080029aa   0x0000000e   Code   RO          694    i.LOS_ListAdd       los_queue.o
    0x080029b8   0x0000000e   Code   RO          799    i.LOS_ListAdd       los_sem.o
    0x080029c6   0x0000000e   Code   RO          902    i.LOS_ListAdd       los_memory.o
    0x080029d4   0x00000014   Code   RO          321    i.LOS_ListDelete    los_task.o
    0x080029e8   0x00000014   Code   RO          800    i.LOS_ListDelete    los_sem.o
    0x080029fc   0x00000014   Code   RO          903    i.LOS_ListDelete    los_memory.o
    0x08002a10   0x00000010   Code   RO          322    i.LOS_ListEmpty     los_task.o
    0x08002a20   0x00000010   Code   RO          695    i.LOS_ListEmpty     los_queue.o
    0x08002a30   0x00000010   Code   RO          801    i.LOS_ListEmpty     los_sem.o
    0x08002a40   0x00000006   Code   RO          323    i.LOS_ListInit      los_task.o
    0x08002a46   0x00000006   Code   RO          623    i.LOS_ListInit      los_mux.o
    0x08002a4c   0x00000006   Code   RO          696    i.LOS_ListInit      los_queue.o
    0x08002a52   0x00000006   Code   RO          802    i.LOS_ListInit      los_sem.o
    0x08002a58   0x00000010   Code   RO          324    i.LOS_ListTailInsert  los_task.o
    0x08002a68   0x00000010   Code   RO          624    i.LOS_ListTailInsert  los_mux.o
    0x08002a78   0x00000010   Code   RO          803    i.LOS_ListTailInsert  los_sem.o
    0x08002a88   0x00000144   Code   RO         1058    i.LOS_Log2          los_multipledlinkhead.o
    0x08002bcc   0x00000028   Code   RO          249    i.LOS_MS2Tick       los_sys.o
    0x08002bf4   0x0000003a   Code   RO          904    i.LOS_MemAlloc      los_memory.o
    0x08002c2e   0x00000072   Code   RO          905    i.LOS_MemAllocAlign  los_memory.o
    0x08002ca0   0x00000054   Code   RO          906    i.LOS_MemFree       los_memory.o
    0x08002cf4   0x000000a6   Code   RO          907    i.LOS_MemInit       los_memory.o
    0x08002d9a   0x00000002   PAD
    0x08002d9c   0x00000040   Code   RO          869    i.LOS_MemboxAlloc   los_membox.o
    0x08002ddc   0x000000a4   Code   RO          871    i.LOS_MemboxFree    los_membox.o
    0x08002e80   0x00000080   Code   RO          872    i.LOS_MemboxInit    los_membox.o
    0x08002f00   0x00000018   Code   RO            1    i.LOS_PriqueueDequeue  los_priqueue.o
    0x08002f18   0x00000024   Code   RO            2    i.LOS_PriqueueEnqueue  los_priqueue.o
    0x08002f3c   0x00000028   Code   RO            3    i.LOS_PriqueueSize  los_priqueue.o
    0x08002f64   0x0000003c   Code   RO            4    i.LOS_PriqueueTop   los_priqueue.o
    0x08002fa0   0x00000082   Code   RO          697    i.LOS_QueueCreate   los_queue.o
    0x08003022   0x00000002   PAD
    0x08003024   0x00000136   Code   RO          699    i.LOS_QueueRead     los_queue.o
    0x0800315a   0x00000002   PAD
    0x0800315c   0x00000142   Code   RO          700    i.LOS_QueueWrite    los_queue.o
    0x0800329e   0x00000002   PAD
    0x080032a0   0x00000040   Code   RO         1500    i.LOS_Schedule      los_hw.o
    0x080032e0   0x0000006c   Code   RO          804    i.LOS_SemCreate     los_sem.o
    0x0800334c   0x00000100   Code   RO          806    i.LOS_SemPend       los_sem.o
    0x0800344c   0x000000b8   Code   RO          807    i.LOS_SemPost       los_sem.o
    0x08003504   0x0000000c   Code   RO         1534    i.LOS_SetTickSycle  los_hw_tick.o
    0x08003510   0x0000000c   Code   RO         1108    i.LOS_Start         los_config.o
    0x0800351c   0x0000009c   Code   RO          325    i.LOS_TaskCreate    los_task.o
    0x080035b8   0x0000018a   Code   RO          326    i.LOS_TaskCreateOnly  los_task.o
    0x08003742   0x00000002   PAD
    0x08003744   0x00000080   Code   RO          327    i.LOS_TaskDelay     los_task.o
    0x080037c4   0x00000168   Code   RO          328    i.LOS_TaskDelete    los_task.o
    0x0800392c   0x00000020   Code   RO          329    i.LOS_TaskLock      los_task.o
    0x0800394c   0x0000003c   Code   RO          334    i.LOS_TaskUnlock    los_task.o
    0x08003988   0x00000084   Code   RO          335    i.LOS_TaskYield     los_task.o
    0x08003a0c   0x0000000c   Code   RO          252    i.LOS_TickCountGet  los_sys.o
    0x08003a18   0x00000038   Code   RO         1535    i.LOS_TickHandler   los_hw_tick.o
    0x08003a50   0x00000002   Code   RO         1626    i.LosAdapIntInit    los_bsp_adapter.o
    0x08003a52   0x00000004   Code   RO         2075    i.MemManage_Handler  stm32l4xx_it.o
    0x08003a56   0x00000002   Code   RO         2076    i.NMI_Handler       stm32l4xx_it.o
    0x08003a58   0x00000010   Code   RO         2428    i.NVIC_GetPriorityGrouping  stm32l4xx_hal_cortex.o
    0x08003a68   0x00000028   Code   RO         2429    i.NVIC_SetPriority  stm32l4xx_hal_cortex.o
    0x08003a90   0x0000018c   Code   RO         4290    i.RCCEx_PLLSAI1_Config  stm32l4xx_hal_rcc_ex.o
    0x08003c1c   0x000000a0   Code   RO         4177    i.RCC_SetFlashLatencyFromMSIRange  stm32l4xx_hal_rcc.o
    0x08003cbc   0x00000002   Code   RO         2077    i.SPI1_IRQHandler   stm32l4xx_it.o
    0x08003cbe   0x00000002   Code   RO         2078    i.SPI2_IRQHandler   stm32l4xx_it.o
    0x08003cc0   0x00000064   Code   RO         4487    i.SPI_EndRxTxTransaction  stm32l4xx_hal_spi.o
    0x08003d24   0x000000b0   Code   RO         4492    i.SPI_WaitFifoStateUntilTimeout  stm32l4xx_hal_spi.o
    0x08003dd4   0x000000a8   Code   RO         4493    i.SPI_WaitFlagStateUntilTimeout  stm32l4xx_hal_spi.o
    0x08003e7c   0x00000002   Code   RO         2079    i.SVC_Handler       stm32l4xx_it.o
    0x08003e7e   0x0000000c   Code   RO         1629    i.SysTick_Handler   los_bsp_adapter.o
    0x08003e8a   0x00000002   PAD
    0x08003e8c   0x000000c4   Code   RO         6046    i.SystemClock_Config  main.o
    0x08003f50   0x00000050   Code   RO         2163    i.SystemInit        system_stm32l4xx.o
    0x08003fa0   0x000000f8   Code   RO         3791    i.UART_AdvFeatureConfig  stm32l4xx_hal_uart.o
    0x08004098   0x00000074   Code   RO         3792    i.UART_CheckIdleState  stm32l4xx_hal_uart.o
    0x0800410c   0x00000030   Code   RO         3804    i.UART_EndTransmit_IT  stm32l4xx_hal_uart.o
    0x0800413c   0x0000044a   Code   RO         3807    i.UART_SetConfig    stm32l4xx_hal_uart.o
    0x08004586   0x00000072   Code   RO         3808    i.UART_Transmit_IT  stm32l4xx_hal_uart.o
    0x080045f8   0x0000006c   Code   RO         3809    i.UART_WaitOnFlagUntilTimeout  stm32l4xx_hal_uart.o
    0x08004664   0x000000b4   Code   RO         4864    i.UMini_Initial     agenttiny.o
    0x08004718   0x00000070   Code   RO         4865    i.UMini_NetRecv     agenttiny.o
    0x08004788   0x00000038   Code   RO         4866    i.UMini_Report      agenttiny.o
    0x080047c0   0x0000000a   Code   RO         2080    i.USART2_IRQHandler  stm32l4xx_it.o
    0x080047ca   0x0000000a   Code   RO         2081    i.USART3_IRQHandler  stm32l4xx_it.o
    0x080047d4   0x00000004   Code   RO         2082    i.UsageFault_Handler  stm32l4xx_it.o
    0x080047d8   0x00000004   Code   RO         6047    i._Error_Handler    main.o
    0x080047dc   0x00000028   Code   RO         6538    i.__0sprintf        mc_w.l(printfa.o)
    0x08004804   0x00000008   Code   RO         6601    i.__aeabi_errno_addr  mc_w.l(errno.o)
    0x0800480c   0x0000000e   Code   RO         6670    i.__scatterload_copy  mc_w.l(handlers.o)
    0x0800481a   0x00000002   Code   RO         6671    i.__scatterload_null  mc_w.l(handlers.o)
    0x0800481c   0x0000000e   Code   RO         6672    i.__scatterload_zeroinit  mc_w.l(handlers.o)
    0x0800482a   0x00000002   PAD
    0x0800482c   0x0000018a   Code   RO         6543    i._fp_digits        mc_w.l(printfa.o)
    0x080049b6   0x00000002   PAD
    0x080049b8   0x000006e2   Code   RO         6544    i._printf_core      mc_w.l(printfa.o)
    0x0800509a   0x00000024   Code   RO         6545    i._printf_post_padding  mc_w.l(printfa.o)
    0x080050be   0x0000002e   Code   RO         6546    i._printf_pre_padding  mc_w.l(printfa.o)
    0x080050ec   0x0000000a   Code   RO         6548    i._sputc            mc_w.l(printfa.o)
    0x080050f6   0x00000002   PAD
    0x080050f8   0x000000cc   Code   RO         5009    i.agenttiny_res_init  agent_client_interface.o
    0x080051c4   0x00000010   Code   RO         5010    i.agenttiny_set_iotaddrinfo  agent_client_interface.o
    0x080051d4   0x00000054   Code   RO         5052    i.checksum          microtcpip.o
    0x08005228   0x0000002a   Code   RO         5541    i.coap_all_build    coap_liteos_port.o
    0x08005252   0x00000002   PAD
    0x08005254   0x000000f0   Code   RO         5542    i.coap_alloc_source  coap_liteos_port.o
    0x08005344   0x000001ea   Code   RO         5455    i.coap_build        coap.o
    0x0800552e   0x00000046   Code   RO         5456    i.coap_findOptions  coap.o
    0x08005574   0x0000004c   Code   RO         5543    i.coap_free_pkt     coap_liteos_port.o
    0x080055c0   0x00000088   Code   RO         5544    i.coap_free_source  coap_liteos_port.o
    0x08005648   0x00000024   Code   RO         5545    i.coap_get_random   coap_liteos_port.o
    0x0800566c   0x00000034   Code   RO         5546    i.coap_get_token    coap_liteos_port.o
    0x080056a0   0x000000dc   Code   RO         5457    i.coap_handle_req   coap.o
    0x0800577c   0x00000006   Code   RO         5547    i.coap_internal_getsock  coap_liteos_port.o
    0x08005782   0x00000002   PAD
    0x08005784   0x00000082   Code   RO         5548    i.coap_lowlevel_send  coap_liteos_port.o
    0x08005806   0x00000076   Code   RO         5458    i.coap_make_response  coap.o
    0x0800587c   0x00000060   Code   RO         5549    i.coap_malloc_pkt   coap_liteos_port.o
    0x080058dc   0x00000024   Code   RO         5461    i.coap_option_nibble  coap.o
    0x08005900   0x00000054   Code   RO         5462    i.coap_parse        coap.o
    0x08005954   0x0000003c   Code   RO         5463    i.coap_parseHeader  coap.o
    0x08005990   0x000000de   Code   RO         5464    i.coap_parseOption  coap.o
    0x08005a6e   0x00000098   Code   RO         5465    i.coap_parseOptionsAndPayload  coap.o
    0x08005b06   0x00000032   Code   RO         5466    i.coap_parseToken   coap.o
    0x08005b38   0x0000003c   Code   RO         5550    i.coap_resource_init  coap_liteos_port.o
    0x08005b74   0x0000001e   Code   RO         5551    i.coap_set_header   coap_liteos_port.o
    0x08005b92   0x00000002   PAD
    0x08005b94   0x00000044   Code   RO         5552    i.coap_set_iotaddr_info  coap_liteos_port.o
    0x08005bd8   0x0000005c   Code   RO         5553    i.coap_set_option   coap_liteos_port.o
    0x08005c34   0x0000001c   Code   RO         5554    i.coap_set_payload  coap_liteos_port.o
    0x08005c50   0x00000018   Code   RO         5555    i.coap_set_token    coap_liteos_port.o
    0x08005c68   0x00000020   Code   RO         5053    i.create_micro_socket  microtcpip.o
    0x08005c88   0x000000a0   Code   RO         4868    i.dataReport        agenttiny.o
    0x08005d28   0x0000017c   Code   RO         5939    i.enc28j60Init      spi_enc28j60.o
    0x08005ea4   0x000000c0   Code   RO         5940    i.enc28j60PacketReceive  spi_enc28j60.o
    0x08005f64   0x00000066   Code   RO         5941    i.enc28j60PacketSend  spi_enc28j60.o
    0x08005fca   0x00000032   Code   RO         5942    i.enc28j60PhyWrite  spi_enc28j60.o
    0x08005ffc   0x00000014   Code   RO         5943    i.enc28j60Read      spi_enc28j60.o
    0x08006010   0x00000044   Code   RO         5944    i.enc28j60ReadBuffer  spi_enc28j60.o
    0x08006054   0x00000054   Code   RO         5945    i.enc28j60ReadOp    spi_enc28j60.o
    0x080060a8   0x00000034   Code   RO         5946    i.enc28j60SetBank   spi_enc28j60.o
    0x080060dc   0x00000018   Code   RO         5947    i.enc28j60Write     spi_enc28j60.o
    0x080060f4   0x00000040   Code   RO         5948    i.enc28j60WriteBuffer  spi_enc28j60.o
    0x08006134   0x00000048   Code   RO         5949    i.enc28j60WriteOp   spi_enc28j60.o
    0x0800617c   0x00000010   Code   RO         5950    i.enc28j60clkout    spi_enc28j60.o
    0x0800618c   0x00000044   Code   RO         5054    i.eth_type_is_arp_and_my_ip  microtcpip.o
    0x080061d0   0x0000004c   Code   RO         5055    i.eth_type_is_ip_and_my_ip  microtcpip.o
    0x0800621c   0x0000002c   Code   RO         5056    i.fill_ip_hdr_checksum  microtcpip.o
    0x08006248   0x00000024   Code   RO         5059    i.get_dest_mac      microtcpip.o
    0x0800626c   0x00000038   Code   RO         5656    i.handle_get_observe  endpoints.o
    0x080062a4   0x00000044   Code   RO         5657    i.handle_get_rd     endpoints.o
    0x080062e8   0x00000044   Code   RO         5658    i.handle_get_well_known_core  endpoints.o
    0x0800632c   0x0000004c   Code   RO         5659    i.handle_post_cmd   endpoints.o
    0x08006378   0x0000003c   Code   RO         5061    i.init_ip_arp_udp_tcp  microtcpip.o
    0x080063b4   0x00000074   Code   RO         6048    i.init_testethernet  main.o
    0x08006428   0x0000004c   Code   RO         6049    i.init_testuart     main.o
    0x08006474   0x00000038   Code   RO         5232    i.is_in_same_network  udp_coap_interface.o
    0x080064ac   0x00000044   Code   RO         1952    i.los_bus_spi_devcs_init  los_dev_st_spi.o
    0x080064f0   0x0000013c   Code   RO         1953    i.los_bus_spi_init  los_dev_st_spi.o
    0x0800662c   0x0000003c   Code   RO         1955    i.los_bus_spi_rwonebyte  los_dev_st_spi.o
    0x08006668   0x00000064   Code   RO         1957    i.los_dev_spi_gpio_init  los_dev_st_spi.o
    0x080066cc   0x00000024   Code   RO         1881    i.los_dev_uart_gpio_init  los_dev_st_uart.o
    0x080066f0   0x000001b4   Code   RO         1882    i.los_dev_uart_init  los_dev_st_uart.o
    0x080068a4   0x000001c4   Code   RO         1883    i.los_dev_uart_irqhandler  los_dev_st_uart.o
    0x08006a68   0x00000444   Code   RO         1884    i.los_dev_uart_read  los_dev_st_uart.o
    0x08006eac   0x00000094   Code   RO         1885    i.los_dev_uart_start  los_dev_st_uart.o
    0x08006f40   0x0000008c   Code   RO         1886    i.los_dev_uart_write  los_dev_st_uart.o
    0x08006fcc   0x00000038   Code   RO         6189    i.los_oceancon_sample  ocean_sample.o
    0x08007004   0x00000158   Code   RO         1887    i.los_receive_it    los_dev_st_uart.o
    0x0800715c   0x0000006c   Code   RO         6050    i.main              main.o
    0x080071c8   0x00000064   Code   RO         5063    i.make_arp_answer_from_request  microtcpip.o
    0x0800722c   0x000000b4   Code   RO         5064    i.make_arp_request  microtcpip.o
    0x080072e0   0x00000024   Code   RO         5066    i.make_eth          microtcpip.o
    0x08007304   0x000000a8   Code   RO         5072    i.make_udp_and_send_pkg  microtcpip.o
    0x080073ac   0x00000064   Code   RO         5073    i.make_udp_ip_head  microtcpip.o
    0x08007410   0x00000030   Code   RO         5075    i.make_udp_send_eth  microtcpip.o
    0x08007440   0x00000210   Code   RO         5748    i.neul_bc95_active_network  neul_bc95.o
    0x08007650   0x00000084   Code   RO         5752    i.neul_bc95_get_netstat  neul_bc95.o
    0x080076d4   0x000000b0   Code   RO         5753    i.neul_bc95_get_unrmsg_count  neul_bc95.o
    0x08007784   0x00000040   Code   RO         5754    i.neul_bc95_hex_to_str  neul_bc95.o
    0x080077c4   0x00000094   Code   RO         5755    i.neul_bc95_hw_detect  neul_bc95.o
    0x08007858   0x0000003c   Code   RO         5756    i.neul_bc95_hw_init  neul_bc95.o
    0x08007894   0x00000058   Code   RO         5757    i.neul_bc95_prepare_transmit  neul_bc95.o
    0x080078ec   0x00000088   Code   RO         5758    i.neul_bc95_query_ip  neul_bc95.o
    0x08007974   0x000000e0   Code   RO         5759    i.neul_bc95_read_coap_msg  neul_bc95.o
    0x08007a54   0x00000084   Code   RO         5760    i.neul_bc95_reboot  neul_bc95.o
    0x08007ad8   0x00000192   Code   RO         5762    i.neul_bc95_send_coap_paylaod  neul_bc95.o
    0x08007c6a   0x00000002   PAD
    0x08007c6c   0x000000d0   Code   RO         5763    i.neul_bc95_set_auto_connect  neul_bc95.o
    0x08007d3c   0x000000c0   Code   RO         5764    i.neul_bc95_set_band  neul_bc95.o
    0x08007dfc   0x0000000e   Code   RO         5769    i.neul_bc95_sleep   neul_bc95.o
    0x08007e0a   0x00000064   Code   RO         5771    i.neul_bc95_str_to_hex  neul_bc95.o
    0x08007e6e   0x00000002   PAD
    0x08007e70   0x000000b4   Code   RO         6190    i.ocean_dev_control  ocean_sample.o
    0x08007f24   0x00000024   Code   RO         4789    i.ocean_get_unread_pkg  ocean_interface.o
    0x08007f48   0x00000034   Code   RO         4790    i.ocean_init_iot_addr  ocean_interface.o
    0x08007f7c   0x00000040   Code   RO         4791    i.ocean_recv_data   ocean_interface.o
    0x08007fbc   0x00000050   Code   RO         6191    i.ocean_report_cmd_status  ocean_sample.o
    0x0800800c   0x0000012c   Code   RO         4792    i.ocean_res_init    ocean_interface.o
    0x08008138   0x00000040   Code   RO         4793    i.ocean_send_data   ocean_interface.o
    0x08008178   0x000000e4   Code   RO         6192    i.oceancon_sampletask  ocean_sample.o
    0x0800825c   0x00000034   Code   RO         1165    i.osDelay           cmsis_liteos.o
    0x08008290   0x00000008   Code   RO         1563    i.osHwiDefaultHandler  los_hwi.o
    0x08008298   0x00000024   Code   RO         1564    i.osHwiInit         los_hwi.o
    0x080082bc   0x00000004   Code   RO          336    i.osIdleTask        los_task.o
    0x080082c0   0x0000004c   Code   RO          337    i.osIdleTaskCreate  los_task.o
    0x0800830c   0x0000000c   Code   RO         1565    i.osIntNumGet       los_hwi.o
    0x08008318   0x00000070   Code   RO         1111    i.osMain            los_config.o
    0x08008388   0x0000005c   Code   RO          909    i.osMemAllocWithCheck  los_memory.o
    0x080083e4   0x0000009e   Code   RO          910    i.osMemCheckUsedNode  los_memory.o
    0x08008482   0x00000050   Code   RO          911    i.osMemFindSuitableFreeBlock  los_memory.o
    0x080084d2   0x000000b2   Code   RO          912    i.osMemFreeNode     los_memory.o
    0x08008584   0x0000003e   Code   RO          913    i.osMemIsNodeValid  los_memory.o
    0x080085c2   0x00000024   Code   RO          914    i.osMemMergeNode    los_memory.o
    0x080085e6   0x00000002   PAD
    0x080085e8   0x00000020   Code   RO          915    i.osMemSetMagicNumAndTaskid  los_memory.o
    0x08008608   0x0000005c   Code   RO          916    i.osMemSpitNode     los_memory.o
    0x08008664   0x00000024   Code   RO          917    i.osMemSystemInit   los_memory.o
    0x08008688   0x0000005c   Code   RO          629    i.osMuxInit         los_mux.o
    0x080086e4   0x00000048   Code   RO            6    i.osPriqueueInit    los_priqueue.o
    0x0800872c   0x00000070   Code   RO          701    i.osQueueCreate     los_queue.o
    0x0800879c   0x00000038   Code   RO          702    i.osQueueInit       los_queue.o
    0x080087d4   0x00000084   Code   RO          705    i.osQueuePend       los_queue.o
    0x08008858   0x0000005a   Code   RO          706    i.osQueueWakeUp     los_queue.o
    0x080088b2   0x00000002   PAD
    0x080088b4   0x0000001c   Code   RO         1112    i.osRegister        los_config.o
    0x080088d0   0x00000008   Code   RO         1501    i.osSchedule        los_hw.o
    0x080088d8   0x00000058   Code   RO          808    i.osSemInit         los_sem.o
    0x08008930   0x000000ac   Code   RO          117    i.osSwTmrInit       los_swtmr.o
    0x080089dc   0x00000060   Code   RO          118    i.osSwTmrStart      los_swtmr.o
    0x08008a3c   0x00000050   Code   RO          119    i.osSwTmrTask       los_swtmr.o
    0x08008a8c   0x00000048   Code   RO          120    i.osSwTmrTaskCreate  los_swtmr.o
    0x08008ad4   0x0000008c   Code   RO          121    i.osSwTmrTimeoutHandle  los_swtmr.o
    0x08008b60   0x00000014   Code   RO          122    i.osSwtmrDelete     los_swtmr.o
    0x08008b74   0x00000024   Code   RO          123    i.osSwtmrScan       los_swtmr.o
    0x08008b98   0x000000c0   Code   RO          338    i.osTaskAdd2TimerList  los_task.o
    0x08008c58   0x000000a4   Code   RO          339    i.osTaskEntry       los_task.o
    0x08008cfc   0x00000008   Code   RO         1502    i.osTaskExit        los_hw.o
    0x08008d04   0x00000128   Code   RO          340    i.osTaskInit        los_task.o
    0x08008e2c   0x00000034   Code   RO         1027    i.osTaskMemUsedDec  los_memstat.o
    0x08008e60   0x0000003c   Code   RO         1028    i.osTaskMemUsedInc  los_memstat.o
    0x08008e9c   0x000000dc   Code   RO          342    i.osTaskScan        los_task.o
    0x08008f78   0x000000fc   Code   RO          343    i.osTaskSelfDelete  los_task.o
    0x08009074   0x00000078   Code   RO         1194    i.osThreadCreate    cmsis_liteos.o
    0x080090ec   0x00000028   Code   RO          520    i.osTickHandler     los_tick.o
    0x08009114   0x0000006c   Code   RO         1630    i.osTickStart       los_bsp_adapter.o
    0x08009180   0x00000048   Code   RO          344    i.osTimerListDelete  los_task.o
    0x080091c8   0x0000004c   Code   RO          548    i.osTimesliceCheck  los_timeslice.o
    0x08009214   0x00000010   Code   RO          549    i.osTimesliceInit   los_timeslice.o
    0x08009224   0x00000140   Code   RO         1503    i.osTskStackInit    los_hw.o
    0x08009364   0x00000014   Code   RO         5774    i.uart_data_flush   neul_bc95.o
    0x08009378   0x00000044   Code   RO         5775    i.uart_data_read    neul_bc95.o
    0x080093bc   0x00000024   Code   RO         5776    i.uart_data_write   neul_bc95.o
    0x080093e0   0x00000136   Code   RO         5556    i.udp_client        coap_liteos_port.o
    0x08009516   0x00000002   PAD
    0x08009518   0x00000038   Code   RO         5233    i.udp_create_socket  udp_coap_interface.o
    0x08009550   0x00000080   Code   RO         5234    i.udp_init_ring_buf  udp_coap_interface.o
    0x080095d0   0x00000100   Code   RO         5235    i.udp_read_data     udp_coap_interface.o
    0x080096d0   0x0000001c   Code   RO         5236    i.udp_send_data     udp_coap_interface.o
    0x080096ec   0x00000020   Code   RO         5237    i.udp_set_local_addr  udp_coap_interface.o
    0x0800970c   0x00000054   Code   RO         5238    i.udp_stack_init    udp_coap_interface.o
    0x08009760   0x00000130   Code   RO         5239    i.udp_stack_process  udp_coap_interface.o
    0x08009890   0x000000d4   Code   RO         4869    i.umini_bind        agenttiny.o
    0x08009964   0x0000002c   Code   RO         4927    i.user_dev_get_sn   ocean_porting.o
    0x08009990   0x0000000c   Code   RO         4928    i.user_dev_load_data  ocean_porting.o
    0x0800999c   0x00000034   Code   RO         4929    i.user_dev_save_data  ocean_porting.o
    0x080099d0   0x0000001a   Code   RO         4930    i.user_recv_cmd     ocean_porting.o
    0x080099ea   0x00000002   PAD
    0x080099ec   0x00000009   Data   RO         1631    .constdata          los_bsp_adapter.o
    0x080099f5   0x00000003   PAD
    0x080099f8   0x00000048   Data   RO         2164    .constdata          system_stm32l4xx.o
    0x08009a40   0x00000078   Data   RO         5661    .constdata          endpoints.o
    0x08009ab8   0x00000081   Data   RO         6633    .constdata          mc_w.l(ctype_o.o)
    0x08009b39   0x00000003   PAD
    0x08009b3c   0x00000004   Data   RO         6634    .constdata          mc_w.l(ctype_o.o)
    0x08009b40   0x0000002a   Data   RO         5662    .conststring        endpoints.o
    0x08009b6a   0x00000002   PAD
    0x08009b6c   0x00000020   Data   RO         6668    Region$$Table       anon$$obj.o


    Execution Region RW_IRAM1 (Base: 0x20000000, Size: 0x0000ddc8, Max: 0x00028000, ABSOLUTE, COMPRESSED[0x000000b0])

    Base Addr    Size         Type   Attr      Idx    E Section Name        Object

    0x20000000   0x00000004   Data   RW            7    .data               los_priqueue.o
    0x20000004   0x00000010   Data   RW          126    .data               los_swtmr.o
    0x20000014   0x00000044   Data   RW          345    .data               los_task.o
    0x20000058   0x00000010   Data   RW          521    .data               los_tick.o
    0x20000068   0x00000008   Data   RW          550    .data               los_timeslice.o
    0x20000070   0x0000000c   Data   RW          630    .data               los_mux.o
    0x2000007c   0x00000004   Data   RW          707    .data               los_queue.o
    0x20000080   0x0000000c   Data   RW          809    .data               los_sem.o
    0x2000008c   0x00000008   Data   RW         1113    .data               los_config.o
    0x20000094   0x00000004   Data   RW         1536    .data               los_hw_tick.o
    0x20000098   0x00000004   Data   RW         1568    .data               los_hwi.o
    0x2000009c   0x00000004   Data   RW         1632    .data               los_bsp_adapter.o
    0x200000a0   0x0000000c   Data   RW         1889    .data               los_dev_st_uart.o
    0x200000ac   0x00000008   Data   RW         1959    .data               los_dev_st_spi.o
    0x200000b4   0x00000004   Data   RW         2165    .data               system_stm32l4xx.o
    0x200000b8   0x00000004   Data   RW         2231    .data               stm32l4xx_hal.o
    0x200000bc   0x0000000f   Data   RW         4795    .data               ocean_interface.o
    0x200000cb   0x00000001   PAD
    0x200000cc   0x0000002c   Data   RW         4871    .data               agenttiny.o
    0x200000f8   0x00000008   Data   RW         5014    .data               agent_client_interface.o
    0x20000100   0x00000026   Data   RW         5076    .data               microtcpip.o
    0x20000126   0x00000002   PAD
    0x20000128   0x0000001c   Data   RW         5241    .data               udp_coap_interface.o
    0x20000144   0x00000034   Data   RW         5558    .data               coap_liteos_port.o
    0x20000178   0x00000002   Data   RW         5663    .data               endpoints.o
    0x2000017a   0x00000002   PAD
    0x2000017c   0x00000048   Data   RW         5778    .data               neul_bc95.o
    0x200001c4   0x00000008   Data   RW         5952    .data               spi_enc28j60.o
    0x200001cc   0x00000010   Data   RW         6052    .data               main.o
    0x200001dc   0x0000002b   Data   RW         6194    .data               ocean_sample.o
    0x20000207   0x00000001   PAD
    0x20000208   0x00000004   Data   RW         6287    .data               mc_w.l(rand.o)
    0x2000020c   0x00000004   Data   RW         6604    .data               mc_w.l(errno.o)
    0x20000210   0x00000400   Data   RW         1569    .vector.bss         los_hwi.o
    0x20000610   0x000000d0   Zero   RW          125    .bss                los_swtmr.o
    0x200006e0   0x00008000   Zero   RW          918    .bss                los_memory.o
    0x200086e0   0x00000040   Zero   RW         1029    .bss                los_memstat.o
    0x20008720   0x00000230   Zero   RW         1888    .bss                los_dev_st_uart.o
    0x20008950   0x000000c8   Zero   RW         1958    .bss                los_dev_st_spi.o
    0x20008a18   0x00000400   Zero   RW         4794    .bss                ocean_interface.o
    0x20008e18   0x00001fe8   Zero   RW         4870    .bss                agenttiny.o
    0x2000ae00   0x00000100   Zero   RW         4931    .bss                ocean_porting.o
    0x2000af00   0x00000044   Zero   RW         5013    .bss                agent_client_interface.o
    0x2000af44   0x00000848   Zero   RW         5240    .bss                udp_coap_interface.o
    0x2000b78c   0x00000a00   Zero   RW         5557    .bss                coap_liteos_port.o
    0x2000c18c   0x000005dc   Zero   RW         5660    .bss                endpoints.o
    0x2000c768   0x00000c78   Zero   RW         5777    .bss                neul_bc95.o
    0x2000d3e0   0x000003e8   Zero   RW         6051    .bss                main.o
    0x2000d7c8   0x00000200   Zero   RW         6193    .bss                ocean_sample.o
    0x2000d9c8   0x00000400   Zero   RW         6034    STACK               startup_stm32l452xx.o


==============================================================================

Image component sizes


      Code (inc. data)   RO Data    RW Data    ZI Data      Debug   Object Name

       220         68          0          8         68       1801   agent_client_interface.o
       720        108          0         44       8168      11070   agenttiny.o
       172          8          0          0          0      20163   cmsis_liteos.o
      1502         10          0          0          0       9899   coap.o
      1426         88          0         52       2560      14731   coap_liteos_port.o
       268         18        162          2       1500       9017   endpoints.o
       138         16          9          4          0     716729   los_bsp_adapter.o
         2          0          0          0          0        549   los_bsp_key.o
         2          0          0          0          0        549   los_bsp_led.o
         2          0          0          0          0        558   los_bsp_uart.o
       188         18          0          8          0       3980   los_config.o
       544         24          0          8        200       4918   los_dev_st_spi.o
      2648         42          0         12        560       8625   los_dev_st_uart.o
       258         24          0          0          0        444   los_dispatch_keil.o
       400         22          0          0          0       4382   los_hw.o
        68         10          0          4          0       1481   los_hw_tick.o
        56         10          0       1028          0       5290   los_hwi.o
       356         10          0          0          0       4036   los_membox.o
      1222         14          0          0      32768      16268   los_memory.o
       112         24          0          0         64       2089   los_memstat.o
        28          0          0          0          0        656   los_misc.o
       396          4          0          0          0       5288   los_multipledlinkhead.o
       128         18          0         12          0       6040   los_mux.o
       232         22          0          4          0      10030   los_priqueue.o
      1188         72          0          4          0      18657   los_queue.o
       708         56          0         12          0       7748   los_sem.o
       616         84          0         16        208      17691   los_swtmr.o
        52          6          0          0          0       1205   los_sys.o
      2610        226          0         68          0      25744   los_task.o
        40          6          0         16          0        921   los_tick.o
        92         16          0          8          0       1401   los_timeslice.o
       500         74          0         16       1000       4584   main.o
      1032         90          0         38          0      11332   microtcpip.o
      2728        466          0         72       3192      15724   neul_bc95.o
       516         74          0         15       1024      11281   ocean_interface.o
       134         18          0          0        256      10934   ocean_porting.o
       544         52          0         43        512       8762   ocean_sample.o
      1124         38          0          8          0       8743   spi_enc28j60.o
        36          8        404          0       1024        912   startup_stm32l452xx.o
        90         14          0          4          0       4011   stm32l4xx_hal.o
       344         22          0          0          0      32233   stm32l4xx_hal_cortex.o
       470         28          0          0          0       2632   stm32l4xx_hal_gpio.o
       560         42          0          0          0       2795   stm32l4xx_hal_msp.o
       156         18          0          0          0       1514   stm32l4xx_hal_pwr_ex.o
      2664         98          0          0          0       7792   stm32l4xx_hal_rcc.o
      1440         28          0          0          0       3232   stm32l4xx_hal_rcc_ex.o
      1290          0          0          0          0       5933   stm32l4xx_hal_spi.o
      1968         42          0          0          0       8391   stm32l4xx_hal_uart.o
        46          0          0          0          0       5955   stm32l4xx_it.o
        80         12         72          4          0       1457   system_stm32l4xx.o
       944        102          0         28       2120      15756   udp_coap_interface.o

    ----------------------------------------------------------------------
     33100       2250        684       1544      55224    1095933   Object Totals
         0          0         32          0          0          0   (incl. Generated)
        40          0          5          6          0          0   (incl. Padding)

    ----------------------------------------------------------------------

      Code (inc. data)   RO Data    RW Data    ZI Data      Debug   Library Member Name

        56          8          0          0          0         84   __0sscanf.o
        86          0          0          0          0          0   __dczerorl2.o
        28          0          0          0          0         68   _chval.o
       818          4          0          0          0        112   _scanf.o
       338          0          0          0          0         96   _scanf_int.o
       230          0          0          0          0         96   _scanf_str.o
        64          0          0          0          0         84   _sgetc.o
       164          0          0          0          0         92   _strtoul.o
        26          0          0          0          0         80   atoi.o
         8          4        133          0          0         68   ctype_o.o
         0          0          0          0          0          0   entry.o
         0          0          0          0          0          0   entry10a.o
         0          0          0          0          0          0   entry11a.o
         8          4          0          0          0          0   entry2.o
         4          0          0          0          0          0   entry5.o
         0          0          0          0          0          0   entry7b.o
         0          0          0          0          0          0   entry8b.o
         8          4          0          0          0          0   entry9a.o
         8          4          0          4          0         68   errno.o
        30          0          0          0          0          0   handlers.o
        36          8          0          0          0         68   init.o
        18          0          0          0          0         76   isspace_o.o
         0          0          0          0          0          0   iusefp.o
        30          0          0          0          0         68   llshl.o
        36          0          0          0          0         68   llsshr.o
        32          0          0          0          0         68   llushr.o
        26          0          0          0          0         80   memcmp.o
        36          0          0          0          0         68   memcpya.o
        36          0          0          0          0        108   memseta.o
      2288         86          0          0          0        520   printfa.o
        36         10          0          4          0        136   rand.o
        40          8          0          0          0         84   scanf_char.o
        14          0          0          0          0         68   strlen.o
        36          0          0          0          0         80   strstr.o
       112          0          0          0          0         88   strtol.o
        44          0          0          0          0         80   uidiv.o
       104          0          0          0          0         92   uldiv.o
        48          0          0          0          0         68   cdrcmple.o
       350          0          0          0          0        148   dadd.o
       222          0          0          0          0        100   ddiv.o
       186          0          0          0          0        176   depilogue.o
        48          0          0          0          0         68   dfixul.o
       234          0          0          0          0         96   dmul.o

    ----------------------------------------------------------------------
      5900        140        136          8          0       3256   Library Totals
        12          0          3          0          0          0   (incl. Padding)

    ----------------------------------------------------------------------

      Code (inc. data)   RO Data    RW Data    ZI Data      Debug   Library Name

      4800        140        133          8          0       2600   mc_w.l
      1088          0          0          0          0        656   mf_w.l

    ----------------------------------------------------------------------
      5900        140        136          8          0       3256   Library Totals

    ----------------------------------------------------------------------

==============================================================================


      Code (inc. data)   RO Data    RW Data    ZI Data      Debug   

     39000       2390        820       1552      55224    1070657   Grand Totals
     39000       2390        820        176      55224    1070657   ELF Image Totals (compressed)
     39000       2390        820        176          0          0   ROM Totals

==============================================================================

    Total RO  Size (Code + RO Data)                39820 (  38.89kB)
    Total RW  Size (RW Data + ZI Data)             56776 (  55.45kB)
    Total ROM Size (Code + RO Data + RW Data)      39996 (  39.06kB)

==============================================================================

