Component: ARM Compiler 5.06 update 1 (build 61) Tool: armlink [4d35a8]

==============================================================================

Section Cross References

    los_priqueue.o(i.LOS_PriqueueEnqueue) refers to los_priqueue.o(.data) for g_pstLosPriorityQueueList
    los_priqueue.o(i.LOS_PriqueueSize) refers to los_priqueue.o(.data) for g_pstLosPriorityQueueList
    los_priqueue.o(i.LOS_PriqueueTop) refers to los_priqueue.o(.data) for g_pstLosPriorityQueueList
    los_priqueue.o(i.LOS_PriqueueTotalSize) refers to los_priqueue.o(i.LOS_PriqueueSize) for LOS_PriqueueSize
    los_priqueue.o(i.osPriqueueInit) refers to los_memory.o(i.LOS_MemAlloc) for LOS_MemAlloc
    los_priqueue.o(i.osPriqueueInit) refers to los_config.o(.data) for m_aucSysMem0
    los_priqueue.o(i.osPriqueueInit) refers to los_priqueue.o(.data) for g_pstLosPriorityQueueList
    los_swtmr.o(i.LOS_SwtmrCreate) refers to los_dispatch_keil.o(KERNEL) for LOS_IntLock
    los_swtmr.o(i.LOS_SwtmrCreate) refers to los_swtmr.o(.data) for m_pstSwtmrFreeList
    los_swtmr.o(i.LOS_SwtmrDelete) refers to los_dispatch_keil.o(KERNEL) for LOS_IntLock
    los_swtmr.o(i.LOS_SwtmrDelete) refers to los_swtmr.o(i.osSwtmrStop) for osSwtmrStop
    los_swtmr.o(i.LOS_SwtmrDelete) refers to los_swtmr.o(i.osSwtmrDelete) for osSwtmrDelete
    los_swtmr.o(i.LOS_SwtmrDelete) refers to los_swtmr.o(.data) for m_pstSwtmrCBArray
    los_swtmr.o(i.LOS_SwtmrStart) refers to los_dispatch_keil.o(KERNEL) for LOS_IntLock
    los_swtmr.o(i.LOS_SwtmrStart) refers to los_swtmr.o(i.osSwtmrStop) for osSwtmrStop
    los_swtmr.o(i.LOS_SwtmrStart) refers to los_swtmr.o(i.osSwTmrStart) for osSwTmrStart
    los_swtmr.o(i.LOS_SwtmrStart) refers to los_swtmr.o(.data) for m_pstSwtmrCBArray
    los_swtmr.o(i.LOS_SwtmrStop) refers to los_dispatch_keil.o(KERNEL) for LOS_IntLock
    los_swtmr.o(i.LOS_SwtmrStop) refers to los_swtmr.o(i.osSwtmrStop) for osSwtmrStop
    los_swtmr.o(i.LOS_SwtmrStop) refers to los_swtmr.o(.data) for m_pstSwtmrCBArray
    los_swtmr.o(i.osSwTmrAdjust) refers to los_swtmr.o(i.osSwTmrTimeoutHandle) for osSwTmrTimeoutHandle
    los_swtmr.o(i.osSwTmrAdjust) refers to los_swtmr.o(.data) for m_pstSwtmrSortList
    los_swtmr.o(i.osSwTmrGetNextTimeout) refers to los_swtmr.o(.data) for m_pstSwtmrSortList
    los_swtmr.o(i.osSwTmrInit) refers to los_memory.o(i.LOS_MemAlloc) for LOS_MemAlloc
    los_swtmr.o(i.osSwTmrInit) refers to memseta.o(.text) for __aeabi_memclr4
    los_swtmr.o(i.osSwTmrInit) refers to los_membox.o(i.LOS_MemboxInit) for LOS_MemboxInit
    los_swtmr.o(i.osSwTmrInit) refers to los_queue.o(i.LOS_QueueCreate) for LOS_QueueCreate
    los_swtmr.o(i.osSwTmrInit) refers to los_swtmr.o(i.osSwTmrTaskCreate) for osSwTmrTaskCreate
    los_swtmr.o(i.osSwTmrInit) refers to los_swtmr.o(.data) for m_pstSwtmrSortList
    los_swtmr.o(i.osSwTmrInit) refers to los_config.o(.data) for m_aucSysMem0
    los_swtmr.o(i.osSwTmrInit) refers to los_swtmr.o(.bss) for m_aucSwTmrHandlerPool
    los_swtmr.o(i.osSwTmrStart) refers to los_swtmr.o(.data) for m_pstSwtmrSortList
    los_swtmr.o(i.osSwTmrTask) refers to los_queue.o(i.LOS_QueueRead) for LOS_QueueRead
    los_swtmr.o(i.osSwTmrTask) refers to los_membox.o(i.LOS_MemboxFree) for LOS_MemboxFree
    los_swtmr.o(i.osSwTmrTask) refers to los_swtmr.o(.data) for m_uwSwTmrHandlerQueue
    los_swtmr.o(i.osSwTmrTask) refers to los_swtmr.o(.bss) for m_aucSwTmrHandlerPool
    los_swtmr.o(i.osSwTmrTaskCreate) refers to memseta.o(.text) for __aeabi_memclr4
    los_swtmr.o(i.osSwTmrTaskCreate) refers to los_task.o(i.LOS_TaskCreate) for LOS_TaskCreate
    los_swtmr.o(i.osSwTmrTaskCreate) refers to los_swtmr.o(i.osSwTmrTask) for osSwTmrTask
    los_swtmr.o(i.osSwTmrTaskCreate) refers to los_task.o(.data) for g_uwSwtmrTaskID
    los_swtmr.o(i.osSwTmrTimeoutHandle) refers to los_membox.o(i.LOS_MemboxAlloc) for LOS_MemboxAlloc
    los_swtmr.o(i.osSwTmrTimeoutHandle) refers to los_queue.o(i.LOS_QueueWrite) for LOS_QueueWrite
    los_swtmr.o(i.osSwTmrTimeoutHandle) refers to los_membox.o(i.LOS_MemboxFree) for LOS_MemboxFree
    los_swtmr.o(i.osSwTmrTimeoutHandle) refers to los_swtmr.o(i.osSwtmrDelete) for osSwtmrDelete
    los_swtmr.o(i.osSwTmrTimeoutHandle) refers to los_swtmr.o(i.osSwTmrStart) for osSwTmrStart
    los_swtmr.o(i.osSwTmrTimeoutHandle) refers to los_swtmr.o(.data) for m_pstSwtmrSortList
    los_swtmr.o(i.osSwTmrTimeoutHandle) refers to los_swtmr.o(.bss) for m_aucSwTmrHandlerPool
    los_swtmr.o(i.osSwtmrDelete) refers to los_swtmr.o(.data) for m_pstSwtmrFreeList
    los_swtmr.o(i.osSwtmrScan) refers to los_swtmr.o(i.osSwTmrTimeoutHandle) for osSwTmrTimeoutHandle
    los_swtmr.o(i.osSwtmrScan) refers to los_swtmr.o(.data) for m_pstSwtmrSortList
    los_swtmr.o(i.osSwtmrStop) refers to los_swtmr.o(.data) for m_pstSwtmrSortList
    los_sys.o(i.LOS_MS2Tick) refers to uldiv.o(.text) for __aeabi_uldivmod
[...]
    _printf_lli                              0x00000000   Number         0  stubs.o ABSOLUTE
    _printf_llo                              0x00000000   Number         0  stubs.o ABSOLUTE
    _printf_llu                              0x00000000   Number         0  stubs.o ABSOLUTE
    _printf_llx                              0x00000000   Number         0  stubs.o ABSOLUTE
    _printf_longlong_dec                     0x00000000   Number         0  stubs.o ABSOLUTE
    _printf_longlong_hex                     0x00000000   Number         0  stubs.o ABSOLUTE
    _printf_longlong_oct                     0x00000000   Number         0  stubs.o ABSOLUTE
    _printf_ls                               0x00000000   Number         0  stubs.o ABSOLUTE
    _printf_mbtowc                           0x00000000   Number         0  stubs.o ABSOLUTE
    _printf_n                                0x00000000   Number         0  stubs.o ABSOLUTE
    _printf_o                                0x00000000   Number         0  stubs.o ABSOLUTE
    _printf_p                                0x00000000   Number         0  stubs.o ABSOLUTE
    _printf_percent                          0x00000000   Number         0  stubs.o ABSOLUTE
    _printf_pre_padding                      0x00000000   Number         0  stubs.o ABSOLUTE
    _printf_return_value                     0x00000000   Number         0  stubs.o ABSOLUTE
    _printf_s                                0x00000000   Number         0  stubs.o ABSOLUTE
    _printf_sizespec                         0x00000000   Number         0  stubs.o ABSOLUTE
    _printf_str                              0x00000000   Number         0  stubs.o ABSOLUTE
    _printf_truncate_signed                  0x00000000   Number         0  stubs.o ABSOLUTE
    _printf_truncate_unsigned                0x00000000   Number         0  stubs.o ABSOLUTE
    _printf_u                                0x00000000   Number         0  stubs.o ABSOLUTE
    _printf_wc                               0x00000000   Number         0  stubs.o ABSOLUTE
    _printf_wctomb                           0x00000000   Number         0  stubs.o ABSOLUTE
    _printf_widthprec                        0x00000000   Number         0  stubs.o ABSOLUTE
    _printf_x                                0x00000000   Number         0  stubs.o ABSOLUTE
    __cpp_initialize__aeabi_                  - Undefined Weak Reference
    __cxa_finalize                            - Undefined Weak Reference
    _clock_init                               - Undefined Weak Reference
    _microlib_exit                            - Undefined Weak Reference
    _scanf_longlong                           - Undefined Weak Reference
    _scanf_real                               - Undefined Weak Reference
    __Vectors_Size                           0x00000130   Number         0  startup_stm32f103xe.o ABSOLUTE
    __Vectors                                0x08000000   Data           4  startup_stm32f103xe.o(RESET)
    __Vectors_End                            0x08000130   Data           0  startup_stm32f103xe.o(RESET)
    __main                                   0x08000131   Thumb Code     0  entry.o(.ARM.Collect$$$$00000000)
    _main_stk                                0x08000131   Thumb Code     0  entry2.o(.ARM.Collect$$$$00000001)
    _main_scatterload                        0x08000135   Thumb Code     0  entry5.o(.ARM.Collect$$$$00000004)
    __main_after_scatterload                 0x08000139   Thumb Code     0  entry5.o(.ARM.Collect$$$$00000004)
    _main_clock                              0x08000139   Thumb Code     0  entry7b.o(.ARM.Collect$$$$00000008)
    _main_cpp_init                           0x08000139   Thumb Code     0  entry8b.o(.ARM.Collect$$$$0000000A)
    _main_init                               0x08000139   Thumb Code     0  entry9a.o(.ARM.Collect$$$$0000000B)
    __rt_final_cpp                           0x08000141   Thumb Code     0  entry10a.o(.ARM.Collect$$$$0000000D)
    __rt_final_exit                          0x08000141   Thumb Code     0  entry11a.o(.ARM.Collect$$$$0000000F)
    LOS_StartToRun                           0x08000145   Thumb Code     0  los_dispatch_keil.o(.text)
    Reset_Handler                            0x080001a1   Thumb Code     8  startup_stm32f103xe.o(.text)
    ADC1_2_IRQHandler                        0x080001bb   Thumb Code     0  startup_stm32f103xe.o(.text)
    ADC3_IRQHandler                          0x080001bb   Thumb Code     0  startup_stm32f103xe.o(.text)
    CAN1_RX1_IRQHandler                      0x080001bb   Thumb Code     0  startup_stm32f103xe.o(.text)
    CAN1_SCE_IRQHandler                      0x080001bb   Thumb Code     0  startup_stm32f103xe.o(.text)
    DMA1_Channel1_IRQHandler                 0x080001bb   Thumb Code     0  startup_stm32f103xe.o(.text)
    DMA1_Channel2_IRQHandler                 0x080001bb   Thumb Code     0  startup_stm32f103xe.o(.text)
    DMA1_Channel3_IRQHandler                 0x080001bb   Thumb Code     0  startup_stm32f103xe.o(.text)
    DMA1_Channel4_IRQHandler                 0x080001bb   Thumb Code     0  startup_stm32f103xe.o(.text)
    DMA1_Channel5_IRQHandler                 0x080001bb   Thumb Code     0  startup_stm32f103xe.o(.text)
    DMA1_Channel6_IRQHandler                 0x080001bb   Thumb Code     0  startup_stm32f103xe.o(.text)
    DMA1_Channel7_IRQHandler                 0x080001bb   Thumb Code     0  startup_stm32f103xe.o(.text)
    DMA2_Channel1_IRQHandler                 0x080001bb   Thumb Code     0  startup_stm32f103xe.o(.text)
    DMA2_Channel2_IRQHandler                 0x080001bb   Thumb Code     0  startup_stm32f103xe.o(.text)
    DMA2_Channel3_IRQHandler                 0x080001bb   Thumb Code     0  startup_stm32f103xe.o(.text)
    DMA2_Channel4_5_IRQHandler               0x080001bb   Thumb Code     0  startup_stm32f103xe.o(.text)
    EXTI0_IRQHandler                         0x080001bb   Thumb Code     0  startup_stm32f103xe.o(.text)
    EXTI15_10_IRQHandler                     0x080001bb   Thumb Code     0  startup_stm32f103xe.o(.text)
    EXTI1_IRQHandler                         0x080001bb   Thumb Code     0  startup_stm32f103xe.o(.text)
    EXTI2_IRQHandler                         0x080001bb   Thumb Code     0  startup_stm32f103xe.o(.text)
    EXTI3_IRQHandler                         0x080001bb   Thumb Code     0  startup_stm32f103xe.o(.text)
    EXTI4_IRQHandler                         0x080001bb   Thumb Code     0  startup_stm32f103xe.o(.text)
    FLASH_IRQHandler                         0x080001bb   Thumb Code     0  startup_stm32f103xe.o(.text)
    FSMC_IRQHandler                          0x080001bb   Thumb Code     0  startup_stm32f103xe.o(.text)
    I2C1_ER_IRQHandler                       0x080001bb   Thumb Code     0  startup_stm32f103xe.o(.text)
    I2C1_EV_IRQHandler                       0x080001bb   Thumb Code     0  startup_stm32f103xe.o(.text)
    I2C2_ER_IRQHandler                       0x080001bb   Thumb Code     0  startup_stm32f103xe.o(.text)
    I2C2_EV_IRQHandler                       0x080001bb   Thumb Code     0  startup_stm32f103xe.o(.text)
    PVD_IRQHandler                           0x080001bb   Thumb Code     0  startup_stm32f103xe.o(.text)
    RCC_IRQHandler                           0x080001bb   Thumb Code     0  startup_stm32f103xe.o(.text)
    RTC_Alarm_IRQHandler                     0x080001bb   Thumb Code     0  startup_stm32f103xe.o(.text)
    RTC_IRQHandler                           0x080001bb   Thumb Code     0  startup_stm32f103xe.o(.text)
    SDIO_IRQHandler                          0x080001bb   Thumb Code     0  startup_stm32f103xe.o(.text)
    SPI1_IRQHandler                          0x080001bb   Thumb Code     0  startup_stm32f103xe.o(.text)
    SPI2_IRQHandler                          0x080001bb   Thumb Code     0  startup_stm32f103xe.o(.text)
    SPI3_IRQHandler                          0x080001bb   Thumb Code     0  startup_stm32f103xe.o(.text)
    TAMPER_IRQHandler                        0x080001bb   Thumb Code     0  startup_stm32f103xe.o(.text)
    TIM1_BRK_IRQHandler                      0x080001bb   Thumb Code     0  startup_stm32f103xe.o(.text)
    TIM1_CC_IRQHandler                       0x080001bb   Thumb Code     0  startup_stm32f103xe.o(.text)
    TIM1_TRG_COM_IRQHandler                  0x080001bb   Thumb Code     0  startup_stm32f103xe.o(.text)
    TIM1_UP_IRQHandler                       0x080001bb   Thumb Code     0  startup_stm32f103xe.o(.text)
    TIM2_IRQHandler                          0x080001bb   Thumb Code     0  startup_stm32f103xe.o(.text)
    TIM3_IRQHandler                          0x080001bb   Thumb Code     0  startup_stm32f103xe.o(.text)
    TIM4_IRQHandler                          0x080001bb   Thumb Code     0  startup_stm32f103xe.o(.text)
    TIM5_IRQHandler                          0x080001bb   Thumb Code     0  startup_stm32f103xe.o(.text)
    TIM6_IRQHandler                          0x080001bb   Thumb Code     0  startup_stm32f103xe.o(.text)
    TIM7_IRQHandler                          0x080001bb   Thumb Code     0  startup_stm32f103xe.o(.text)
    TIM8_BRK_IRQHandler                      0x080001bb   Thumb Code     0  startup_stm32f103xe.o(.text)
    TIM8_CC_IRQHandler                       0x080001bb   Thumb Code     0  startup_stm32f103xe.o(.text)
    TIM8_TRG_COM_IRQHandler                  0x080001bb   Thumb Code     0  startup_stm32f103xe.o(.text)
    TIM8_UP_IRQHandler                       0x080001bb   Thumb Code     0  startup_stm32f103xe.o(.text)
    UART5_IRQHandler                         0x080001bb   Thumb Code     0  startup_stm32f103xe.o(.text)
    USART1_IRQHandler                        0x080001bb   Thumb Code     0  startup_stm32f103xe.o(.text)
    USART3_IRQHandler                        0x080001bb   Thumb Code     0  startup_stm32f103xe.o(.text)
    USBWakeUp_IRQHandler                     0x080001bb   Thumb Code     0  startup_stm32f103xe.o(.text)
    USB_HP_CAN1_TX_IRQHandler                0x080001bb   Thumb Code     0  startup_stm32f103xe.o(.text)
    USB_LP_CAN1_RX0_IRQHandler               0x080001bb   Thumb Code     0  startup_stm32f103xe.o(.text)
    WWDG_IRQHandler                          0x080001bb   Thumb Code     0  startup_stm32f103xe.o(.text)
    __aeabi_uldivmod                         0x080001c5   Thumb Code    98  uldiv.o(.text)
    __aeabi_llsr                             0x08000227   Thumb Code    32  llushr.o(.text)
    _ll_ushift_r                             0x08000227   Thumb Code     0  llushr.o(.text)
    rand                                     0x08000249   Thumb Code    20  rand.o(.text)
    srand                                    0x0800025d   Thumb Code     6  rand.o(.text)
    __aeabi_memcpy                           0x0800026d   Thumb Code    36  memcpya.o(.text)
    __aeabi_memcpy4                          0x0800026d   Thumb Code     0  memcpya.o(.text)
    __aeabi_memcpy8                          0x0800026d   Thumb Code     0  memcpya.o(.text)
    __aeabi_memset                           0x08000291   Thumb Code    14  memseta.o(.text)
    __aeabi_memset4                          0x08000291   Thumb Code     0  memseta.o(.text)
    __aeabi_memset8                          0x08000291   Thumb Code     0  memseta.o(.text)
    __aeabi_memclr                           0x0800029f   Thumb Code     4  memseta.o(.text)
    __aeabi_memclr4                          0x0800029f   Thumb Code     0  memseta.o(.text)
    __aeabi_memclr8                          0x0800029f   Thumb Code     0  memseta.o(.text)
    _memset$wrapper                          0x080002a3   Thumb Code    18  memseta.o(.text)
    strstr                                   0x080002b5   Thumb Code    36  strstr.o(.text)
    strlen                                   0x080002d9   Thumb Code    14  strlen.o(.text)
    memcmp                                   0x080002e7   Thumb Code    26  memcmp.o(.text)
    __0sscanf                                0x08000301   Thumb Code    48  __0sscanf.o(.text)
    _scanf_int                               0x08000339   Thumb Code   332  _scanf_int.o(.text)
    _scanf_string                            0x08000485   Thumb Code   224  _scanf_str.o(.text)
    atoi                                     0x08000565   Thumb Code    26  atoi.o(.text)
    __aeabi_llsl                             0x0800057f   Thumb Code    30  llshl.o(.text)
    _ll_shift_l                              0x0800057f   Thumb Code     0  llshl.o(.text)
    _chval                                   0x0800059d   Thumb Code    28  _chval.o(.text)
    __vfscanf_char                           0x080005c5   Thumb Code    20  scanf_char.o(.text)
    _sgetc                                   0x080005e1   Thumb Code    30  _sgetc.o(.text)
    _sbackspace                              0x080005ff   Thumb Code    34  _sgetc.o(.text)
    strtol                                   0x08000621   Thumb Code   112  strtol.o(.text)
    __scatterload                            0x08000691   Thumb Code    28  init.o(.text)
    __scatterload_rt2                        0x08000691   Thumb Code     0  init.o(.text)
    __rt_ctype_table                         0x080006b5   Thumb Code     4  ctype_o.o(.text)
    isspace                                  0x080006bd   Thumb Code    18  isspace_o.o(.text)
    __vfscanf                                0x080006d1   Thumb Code   808  _scanf.o(.text)
    _strtoul                                 0x080009fd   Thumb Code   158  _strtoul.o(.text)
    __decompress                             0x08000a9b   Thumb Code     0  __dczerorl2.o(.text)
    __decompress1                            0x08000a9b   Thumb Code    86  __dczerorl2.o(.text)
    LOS_IntNumGet                            0x08000af1   Thumb Code     0  los_dispatch_keil.o(KERNEL)
    osDisableIRQ                             0x08000af7   Thumb Code     0  los_dispatch_keil.o(KERNEL)
    LOS_IntLock                              0x08000afb   Thumb Code     0  los_dispatch_keil.o(KERNEL)
    LOS_IntUnLock                            0x08000b03   Thumb Code     0  los_dispatch_keil.o(KERNEL)
    LOS_IntRestore                           0x08000b0b   Thumb Code     0  los_dispatch_keil.o(KERNEL)
    osTaskSchedule                           0x08000b11   Thumb Code     0  los_dispatch_keil.o(KERNEL)
    PendSV_Handler                           0x08000b1b   Thumb Code     0  los_dispatch_keil.o(KERNEL)
    BusFault_Handler                         0x08000b79   Thumb Code     4  stm32f1xx_it.o(i.BusFault_Handler)
    DebugMon_Handler                         0x08000b7d   Thumb Code     2  stm32f1xx_it.o(i.DebugMon_Handler)
    EXTI9_5_IRQHandler                       0x08000b7f   Thumb Code    18  stm32f1xx_it.o(i.EXTI9_5_IRQHandler)
    HAL_Delay                                0x08000b91   Thumb Code    26  stm32f1xx_hal.o(i.HAL_Delay)
    HAL_GPIO_EXTI_Callback                   0x08000bab   Thumb Code     2  stm32f1xx_hal_gpio.o(i.HAL_GPIO_EXTI_Callback)
    HAL_GPIO_EXTI_IRQHandler                 0x08000bad   Thumb Code    24  stm32f1xx_hal_gpio.o(i.HAL_GPIO_EXTI_IRQHandler)
    HAL_GPIO_Init                            0x08000bc9   Thumb Code   790  stm32f1xx_hal_gpio.o(i.HAL_GPIO_Init)
    HAL_GPIO_WritePin                        0x08000f09   Thumb Code    12  stm32f1xx_hal_gpio.o(i.HAL_GPIO_WritePin)
    HAL_GetTick                              0x08000f15   Thumb Code     6  stm32f1xx_hal.o(i.HAL_GetTick)
    HAL_IncTick                              0x08000f21   Thumb Code    12  stm32f1xx_hal.o(i.HAL_IncTick)
    HAL_Init                                 0x08000f31   Thumb Code    34  stm32f1xx_hal.o(i.HAL_Init)
    HAL_InitTick                             0x08000f59   Thumb Code    36  stm32f1xx_hal.o(i.HAL_InitTick)
    HAL_MspInit                              0x08000f7d   Thumb Code   114  stm32f1xx_hal_msp.o(i.HAL_MspInit)
    HAL_NVIC_EnableIRQ                       0x08000ff5   Thumb Code    26  stm32f1xx_hal_cortex.o(i.HAL_NVIC_EnableIRQ)
    HAL_NVIC_SetPriority                     0x0800100f   Thumb Code   124  stm32f1xx_hal_cortex.o(i.HAL_NVIC_SetPriority)
    HAL_NVIC_SetPriorityGrouping             0x0800108d   Thumb Code    32  stm32f1xx_hal_cortex.o(i.HAL_NVIC_SetPriorityGrouping)
    HAL_PWR_EnableBkUpAccess                 0x080010b5   Thumb Code    20  stm32f1xx_hal_pwr.o(i.HAL_PWR_EnableBkUpAccess)
    HAL_RCCEx_GetPeriphCLKFreq               0x080010cd   Thumb Code   324  stm32f1xx_hal_rcc_ex.o(i.HAL_RCCEx_GetPeriphCLKFreq)
    HAL_RCCEx_PeriphCLKConfig                0x08001231   Thumb Code   366  stm32f1xx_hal_rcc_ex.o(i.HAL_RCCEx_PeriphCLKConfig)
    HAL_RCC_ClockConfig                      0x080013ad   Thumb Code   648  stm32f1xx_hal_rcc.o(i.HAL_RCC_ClockConfig)
    HAL_RCC_GetHCLKFreq                      0x08001645   Thumb Code     6  stm32f1xx_hal_rcc.o(i.HAL_RCC_GetHCLKFreq)
    HAL_RCC_GetPCLK1Freq                     0x08001651   Thumb Code    36  stm32f1xx_hal_rcc.o(i.HAL_RCC_GetPCLK1Freq)
    HAL_RCC_GetPCLK2Freq                     0x0800167d   Thumb Code    36  stm32f1xx_hal_rcc.o(i.HAL_RCC_GetPCLK2Freq)
    HAL_RCC_GetSysClockFreq                  0x080016a9   Thumb Code   146  stm32f1xx_hal_rcc.o(i.HAL_RCC_GetSysClockFreq)
    HAL_RCC_OscConfig                        0x0800175d   Thumb Code  2164  stm32f1xx_hal_rcc.o(i.HAL_RCC_OscConfig)
    HAL_RTCEx_BKUPRead                       0x08001fd5   Thumb Code    20  stm32f1xx_hal_rtc_ex.o(i.HAL_RTCEx_BKUPRead)
    HAL_RTCEx_BKUPWrite                      0x08001fed   Thumb Code    18  stm32f1xx_hal_rtc_ex.o(i.HAL_RTCEx_BKUPWrite)
    HAL_RTC_Init                             0x08002005   Thumb Code   202  stm32f1xx_hal_rtc.o(i.HAL_RTC_Init)
    HAL_RTC_MspInit                          0x080020d5   Thumb Code    68  stm32f1xx_hal_msp.o(i.HAL_RTC_MspInit)
    HAL_RTC_SetDate                          0x08002125   Thumb Code   242  stm32f1xx_hal_rtc.o(i.HAL_RTC_SetDate)
    HAL_RTC_SetTime                          0x0800221d   Thumb Code   214  stm32f1xx_hal_rtc.o(i.HAL_RTC_SetTime)
    HAL_RTC_WaitForSynchro                   0x080022f9   Thumb Code    64  stm32f1xx_hal_rtc.o(i.HAL_RTC_WaitForSynchro)
    HAL_SPI_Init                             0x08002339   Thumb Code   124  stm32f1xx_hal_spi.o(i.HAL_SPI_Init)
    HAL_SPI_MspInit                          0x080023b5   Thumb Code   164  stm32f1xx_hal_msp.o(i.HAL_SPI_MspInit)
    HAL_SPI_TransmitReceive                  0x0800246d   Thumb Code   836  stm32f1xx_hal_spi.o(i.HAL_SPI_TransmitReceive)
    HAL_SYSTICK_CLKSourceConfig              0x080027b1   Thumb Code    40  stm32f1xx_hal_cortex.o(i.HAL_SYSTICK_CLKSourceConfig)
    HAL_SYSTICK_Config                       0x080027d9   Thumb Code    52  stm32f1xx_hal_cortex.o(i.HAL_SYSTICK_Config)
    HAL_UART_Init                            0x0800280d   Thumb Code   110  stm32f1xx_hal_uart.o(i.HAL_UART_Init)
    HAL_UART_MspInit                         0x0800287d   Thumb Code   194  stm32f1xx_hal_msp.o(i.HAL_UART_MspInit)
    HAL_UART_Transmit_IT                     0x08002955   Thumb Code   110  stm32f1xx_hal_uart.o(i.HAL_UART_Transmit_IT)
    HAL_UART_TxCpltCallback                  0x080029c3   Thumb Code     2  stm32f1xx_hal_uart.o(i.HAL_UART_TxCpltCallback)
    HardFault_Handler                        0x080029c5   Thumb Code     4  stm32f1xx_it.o(i.HardFault_Handler)
    LOS_Align                                0x080029c9   Thumb Code    28  los_misc.o(i.LOS_Align)
    LOS_DLnkInitMultiHead                    0x080029e5   Thumb Code    30  los_multipledlinkhead.o(i.LOS_DLnkInitMultiHead)
    LOS_DLnkMultiHead                        0x08002a03   Thumb Code    42  los_multipledlinkhead.o(i.LOS_DLnkMultiHead)
    LOS_EnableTick                           0x08002a2d   Thumb Code    18  los_config.o(i.LOS_EnableTick)
    LOS_KernelInit                           0x08002a3f   Thumb Code    18  los_config.o(i.LOS_KernelInit)
    LOS_MS2Tick                              0x08002c91   Thumb Code    40  los_sys.o(i.LOS_MS2Tick)
    LOS_MemAlloc                             0x08002cb9   Thumb Code    58  los_memory.o(i.LOS_MemAlloc)
    LOS_MemAllocAlign                        0x08002cf3   Thumb Code   108  los_memory.o(i.LOS_MemAllocAlign)
    LOS_MemFree                              0x08002d5f   Thumb Code    84  los_memory.o(i.LOS_MemFree)
    LOS_MemInit                              0x08002db3   Thumb Code   166  los_memory.o(i.LOS_MemInit)
    LOS_MemboxAlloc                          0x08002e59   Thumb Code    60  los_membox.o(i.LOS_MemboxAlloc)
    LOS_MemboxFree                           0x08002e99   Thumb Code   158  los_membox.o(i.LOS_MemboxFree)
    LOS_MemboxInit                           0x08002f3d   Thumb Code   128  los_membox.o(i.LOS_MemboxInit)
    LOS_PriqueueDequeue                      0x08002fbd   Thumb Code    24  los_priqueue.o(i.LOS_PriqueueDequeue)
    LOS_PriqueueEnqueue                      0x08002fd5   Thumb Code    32  los_priqueue.o(i.LOS_PriqueueEnqueue)
    LOS_PriqueueSize                         0x08002ff9   Thumb Code    36  los_priqueue.o(i.LOS_PriqueueSize)
    LOS_PriqueueTop                          0x08003021   Thumb Code    54  los_priqueue.o(i.LOS_PriqueueTop)
    LOS_QueueCreate                          0x0800305d   Thumb Code   118  los_queue.o(i.LOS_QueueCreate)
    LOS_QueueRead                            0x080030d9   Thumb Code   282  los_queue.o(i.LOS_QueueRead)
    LOS_QueueWrite                           0x08003209   Thumb Code   296  los_queue.o(i.LOS_QueueWrite)
    LOS_Schedule                             0x08003345   Thumb Code    56  los_hw.o(i.LOS_Schedule)
    LOS_SemCreate                            0x08003385   Thumb Code    98  los_sem.o(i.LOS_SemCreate)
    LOS_SemPend                              0x080033f1   Thumb Code   236  los_sem.o(i.LOS_SemPend)
    LOS_SemPost                              0x080034f1   Thumb Code   176  los_sem.o(i.LOS_SemPost)
    LOS_SetTickSycle                         0x080035a9   Thumb Code     6  los_hw_tick.o(i.LOS_SetTickSycle)
    LOS_Start                                0x080035b5   Thumb Code    12  los_config.o(i.LOS_Start)
    LOS_TaskCreate                           0x080035c1   Thumb Code   140  los_task.o(i.LOS_TaskCreate)
    LOS_TaskCreateOnly                       0x0800365d   Thumb Code   368  los_task.o(i.LOS_TaskCreateOnly)
    LOS_TaskDelay                            0x080037e1   Thumb Code   106  los_task.o(i.LOS_TaskDelay)
    LOS_TaskDelete                           0x08003861   Thumb Code   320  los_task.o(i.LOS_TaskDelete)
    LOS_TaskLock                             0x080039c9   Thumb Code    26  los_task.o(i.LOS_TaskLock)
    LOS_TaskUnlock                           0x080039e9   Thumb Code    54  los_task.o(i.LOS_TaskUnlock)
    LOS_TaskYield                            0x08003a25   Thumb Code   118  los_task.o(i.LOS_TaskYield)
    LOS_TickCountGet                         0x08003aa9   Thumb Code     6  los_sys.o(i.LOS_TickCountGet)
    LOS_TickHandler                          0x08003ab5   Thumb Code    52  los_hw_tick.o(i.LOS_TickHandler)
    LosAdapIntInit                           0x08003aed   Thumb Code     2  los_bsp_adapter.o(i.LosAdapIntInit)
    MemManage_Handler                        0x08003b9d   Thumb Code     4  stm32f1xx_it.o(i.MemManage_Handler)
    NMI_Handler                              0x08003ba1   Thumb Code     2  stm32f1xx_it.o(i.NMI_Handler)
    SVC_Handler                              0x08003ea7   Thumb Code     2  stm32f1xx_it.o(i.SVC_Handler)
    SysTick_Handler                          0x08003ea9   Thumb Code    12  los_bsp_adapter.o(i.SysTick_Handler)
    SystemClock_Config                       0x08003eb5   Thumb Code   136  main.o(i.SystemClock_Config)
    SystemInit                               0x08003f51   Thumb Code    70  system_stm32f1xx.o(i.SystemInit)
    UART4_IRQHandler                         0x08003fa9   Thumb Code    10  stm32f1xx_it.o(i.UART4_IRQHandler)
    UART_EndTransmit_IT                      0x08003fb3   Thumb Code    48  stm32f1xx_hal_uart.o(i.UART_EndTransmit_IT)
    UART_Transmit_IT                         0x080041ad   Thumb Code   112  stm32f1xx_hal_uart.o(i.UART_Transmit_IT)
    UMini_Initial                            0x0800421d   Thumb Code   156  agenttiny.o(i.UMini_Initial)
    UMini_NetRecv                            0x080042d1   Thumb Code    98  agenttiny.o(i.UMini_NetRecv)
    UMini_Report                             0x08004341   Thumb Code    42  agenttiny.o(i.UMini_Report)
    USART2_IRQHandler                        0x08004379   Thumb Code    10  stm32f1xx_it.o(i.USART2_IRQHandler)
    UsageFault_Handler                       0x08004383   Thumb Code     4  stm32f1xx_it.o(i.UsageFault_Handler)
    _Error_Handler                           0x08004387   Thumb Code     4  los_bsp_uart.o(i._Error_Handler)
    __0sprintf$8                             0x0800438d   Thumb Code    34  printf8.o(i.__0sprintf$8)
    __1sprintf$8                             0x0800438d   Thumb Code     0  printf8.o(i.__0sprintf$8)
    __2sprintf                               0x0800438d   Thumb Code     0  printf8.o(i.__0sprintf$8)
    __aeabi_errno_addr                       0x080043b5   Thumb Code     4  errno.o(i.__aeabi_errno_addr)
    __rt_errno_addr                          0x080043b5   Thumb Code     0  errno.o(i.__aeabi_errno_addr)
    __scatterload_copy                       0x080043bd   Thumb Code    14  handlers.o(i.__scatterload_copy)
    __scatterload_null                       0x080043cb   Thumb Code     2  handlers.o(i.__scatterload_null)
    __scatterload_zeroinit                   0x080043cd   Thumb Code    14  handlers.o(i.__scatterload_zeroinit)
    agenttiny_res_init                       0x08004849   Thumb Code   136  agent_client_interface.o(i.agenttiny_res_init)
    agenttiny_set_iotaddrinfo                0x08004915   Thumb Code    16  agent_client_interface.o(i.agenttiny_set_iotaddrinfo)
    checksum                                 0x08004925   Thumb Code    84  microtcpip.o(i.checksum)
    coap_all_build                           0x08004979   Thumb Code    42  coap_liteos_port.o(i.coap_all_build)
    coap_alloc_source                        0x080049a5   Thumb Code   216  coap_liteos_port.o(i.coap_alloc_source)
    coap_build                               0x08004a95   Thumb Code   484  coap.o(i.coap_build)
    coap_findOptions                         0x08004c79   Thumb Code    70  coap.o(i.coap_findOptions)
    coap_free_pkt                            0x08004cc1   Thumb Code    68  coap_liteos_port.o(i.coap_free_pkt)
    coap_free_source                         0x08004d0d   Thumb Code   130  coap_liteos_port.o(i.coap_free_source)
    coap_get_random                          0x08004d95   Thumb Code    36  coap_liteos_port.o(i.coap_get_random)
    coap_get_token                           0x08004db9   Thumb Code    52  coap_liteos_port.o(i.coap_get_token)
    coap_handle_req                          0x08004ded   Thumb Code   214  coap.o(i.coap_handle_req)
    coap_lowlevel_send                       0x08004ed1   Thumb Code   112  coap_liteos_port.o(i.coap_lowlevel_send)
    coap_make_response                       0x08004f4d   Thumb Code   118  coap.o(i.coap_make_response)
    coap_malloc_pkt                          0x08004fc5   Thumb Code    86  coap_liteos_port.o(i.coap_malloc_pkt)
    coap_option_nibble                       0x08005025   Thumb Code    32  coap.o(i.coap_option_nibble)
    coap_parse                               0x08005049   Thumb Code    84  coap.o(i.coap_parse)
    coap_parseHeader                         0x0800509d   Thumb Code    60  coap.o(i.coap_parseHeader)
    coap_parseOption                         0x080050d9   Thumb Code   222  coap.o(i.coap_parseOption)
    coap_parseOptionsAndPayload              0x080051b7   Thumb Code   146  coap.o(i.coap_parseOptionsAndPayload)
    coap_parseToken                          0x08005249   Thumb Code    50  coap.o(i.coap_parseToken)
    coap_resource_init                       0x0800527d   Thumb Code    54  coap_liteos_port.o(i.coap_resource_init)
    coap_set_header                          0x080052b9   Thumb Code    30  coap_liteos_port.o(i.coap_set_header)
    coap_set_iotaddr_info                    0x080052d9   Thumb Code    60  coap_liteos_port.o(i.coap_set_iotaddr_info)
    coap_set_option                          0x0800531d   Thumb Code    92  coap_liteos_port.o(i.coap_set_option)
    coap_set_payload                         0x08005379   Thumb Code    28  coap_liteos_port.o(i.coap_set_payload)
    coap_set_token                           0x08005395   Thumb Code    24  coap_liteos_port.o(i.coap_set_token)
    create_micro_socket                      0x080053ad   Thumb Code    24  microtcpip.o(i.create_micro_socket)
    dataReport                               0x080053cd   Thumb Code   136  agenttiny.o(i.dataReport)
    enc28j60Init                             0x0800546d   Thumb Code   370  spi_enc28j60.o(i.enc28j60Init)
    enc28j60PacketReceive                    0x080055e9   Thumb Code   188  spi_enc28j60.o(i.enc28j60PacketReceive)
    enc28j60PacketSend                       0x080056a9   Thumb Code   102  spi_enc28j60.o(i.enc28j60PacketSend)
    enc28j60PhyWrite                         0x0800570f   Thumb Code    50  spi_enc28j60.o(i.enc28j60PhyWrite)
    enc28j60Read                             0x08005741   Thumb Code    20  spi_enc28j60.o(i.enc28j60Read)
    enc28j60ReadBuffer                       0x08005755   Thumb Code    64  spi_enc28j60.o(i.enc28j60ReadBuffer)
    enc28j60ReadOp                           0x08005799   Thumb Code    80  spi_enc28j60.o(i.enc28j60ReadOp)
    enc28j60SetBank                          0x080057ed   Thumb Code    48  spi_enc28j60.o(i.enc28j60SetBank)
    enc28j60Write                            0x08005821   Thumb Code    24  spi_enc28j60.o(i.enc28j60Write)
    enc28j60WriteBuffer                      0x08005839   Thumb Code    58  spi_enc28j60.o(i.enc28j60WriteBuffer)
    enc28j60WriteOp                          0x08005879   Thumb Code    66  spi_enc28j60.o(i.enc28j60WriteOp)
    enc28j60clkout                           0x080058c1   Thumb Code    16  spi_enc28j60.o(i.enc28j60clkout)
    eth_type_is_arp_and_my_ip                0x080058d1   Thumb Code    64  microtcpip.o(i.eth_type_is_arp_and_my_ip)
    eth_type_is_ip_and_my_ip                 0x08005915   Thumb Code    72  microtcpip.o(i.eth_type_is_ip_and_my_ip)
    fill_ip_hdr_checksum                     0x08005961   Thumb Code    44  microtcpip.o(i.fill_ip_hdr_checksum)
    get_dest_mac                             0x0800598d   Thumb Code    30  microtcpip.o(i.get_dest_mac)
    init_ip_arp_udp_tcp                      0x08005abd   Thumb Code    48  microtcpip.o(i.init_ip_arp_udp_tcp)
    init_testuart                            0x08005af9   Thumb Code    68  main.o(i.init_testuart)
    init_testuart2                           0x08005b45   Thumb Code    68  main.o(i.init_testuart2)
    los_bus_spi_devcs_init                   0x08005bc9   Thumb Code    64  los_dev_st_spi.o(i.los_bus_spi_devcs_init)
    los_bus_spi_init                         0x08005c0d   Thumb Code   270  los_dev_st_spi.o(i.los_bus_spi_init)
    los_bus_spi_rwonebyte                    0x08005d25   Thumb Code    54  los_dev_st_spi.o(i.los_bus_spi_rwonebyte)
    los_dev_uart_init                        0x08005de9   Thumb Code   442  los_dev_st_uart.o(i.los_dev_uart_init)
    los_dev_uart_irqhandler                  0x08005fad   Thumb Code   432  los_dev_st_uart.o(i.los_dev_uart_irqhandler)
    los_dev_uart_read                        0x08006161   Thumb Code  1016  los_dev_st_uart.o(i.los_dev_uart_read)
    los_dev_uart_write                       0x080065f5   Thumb Code   132  los_dev_st_uart.o(i.los_dev_uart_write)
    los_oceancon_sample                      0x08006681   Thumb Code    38  ocean_sample.o(i.los_oceancon_sample)
    main                                     0x0800680d   Thumb Code    90  main.o(i.main)
    make_arp_answer_from_request             0x08006881   Thumb Code    92  microtcpip.o(i.make_arp_answer_from_request)
    make_arp_request                         0x080068e5   Thumb Code   170  microtcpip.o(i.make_arp_request)
    make_eth                                 0x08006999   Thumb Code    30  microtcpip.o(i.make_eth)
    make_udp_and_send_pkg                    0x080069bd   Thumb Code   156  microtcpip.o(i.make_udp_and_send_pkg)
    make_udp_ip_head                         0x08006a65   Thumb Code    90  microtcpip.o(i.make_udp_ip_head)
    make_udp_send_eth                        0x08006ac9   Thumb Code    38  microtcpip.o(i.make_udp_send_eth)
    neul_bc95_active_network                 0x08006af9   Thumb Code   462  neul_bc95.o(i.neul_bc95_active_network)
    neul_bc95_get_netstat                    0x08006d09   Thumb Code   106  neul_bc95.o(i.neul_bc95_get_netstat)
    neul_bc95_get_unrmsg_count               0x08006d8d   Thumb Code   128  neul_bc95.o(i.neul_bc95_get_unrmsg_count)
    neul_bc95_hw_detect                      0x08006e7d   Thumb Code   118  neul_bc95.o(i.neul_bc95_hw_detect)
    neul_bc95_hw_init                        0x08006f11   Thumb Code    60  neul_bc95.o(i.neul_bc95_hw_init)
    neul_bc95_prepare_transmit               0x08006f4d   Thumb Code    74  neul_bc95.o(i.neul_bc95_prepare_transmit)
    neul_bc95_query_ip                       0x08006fa5   Thumb Code   106  neul_bc95.o(i.neul_bc95_query_ip)
    neul_bc95_read_coap_msg                  0x0800702d   Thumb Code   184  neul_bc95.o(i.neul_bc95_read_coap_msg)
    neul_bc95_reboot                         0x0800710d   Thumb Code   108  neul_bc95.o(i.neul_bc95_reboot)
    neul_bc95_send_coap_paylaod              0x08007191   Thumb Code   324  neul_bc95.o(i.neul_bc95_send_coap_paylaod)
    neul_bc95_set_auto_connect               0x0800731d   Thumb Code   136  neul_bc95.o(i.neul_bc95_set_auto_connect)
    neul_bc95_set_band                       0x080073ed   Thumb Code   162  neul_bc95.o(i.neul_bc95_set_band)
    neul_bc95_sleep                          0x080074ad   Thumb Code    14  neul_bc95.o(i.neul_bc95_sleep)
    ocean_dev_control                        0x08007521   Thumb Code   170  ocean_sample.o(i.ocean_dev_control)
    ocean_get_unread_pkg                     0x080075d5   Thumb Code    28  ocean_interface.o(i.ocean_get_unread_pkg)
    ocean_init_iot_addr                      0x080075f9   Thumb Code    44  ocean_interface.o(i.ocean_init_iot_addr)
    ocean_recv_data                          0x0800762d   Thumb Code    52  ocean_interface.o(i.ocean_recv_data)
    ocean_report_cmd_status                  0x0800766d   Thumb Code    80  ocean_sample.o(i.ocean_report_cmd_status)
    ocean_res_init                           0x080076bd   Thumb Code   264  ocean_interface.o(i.ocean_res_init)
    ocean_send_data                          0x080077e9   Thumb Code    54  ocean_interface.o(i.ocean_send_data)
    oceancon_sampletask                      0x08007829   Thumb Code   204  ocean_sample.o(i.oceancon_sampletask)
    osDelay                                  0x0800790d   Thumb Code    48  cmsis_liteos.o(i.osDelay)
    osHwiDefaultHandler                      0x08007941   Thumb Code     8  los_hwi.o(i.osHwiDefaultHandler)
    osHwiInit                                0x08007949   Thumb Code    26  los_hwi.o(i.osHwiInit)
    osIdleTask                               0x0800796d   Thumb Code     4  los_task.o(i.osIdleTask)
    osIdleTaskCreate                         0x08007971   Thumb Code    54  los_task.o(i.osIdleTaskCreate)
    osIntNumGet                              0x080079bd   Thumb Code    12  los_hwi.o(i.osIntNumGet)
    osMain                                   0x080079c9   Thumb Code   108  los_config.o(i.osMain)
    osMemSystemInit                          0x08007d0d   Thumb Code    26  los_memory.o(i.osMemSystemInit)
    osMuxInit                                0x08007d31   Thumb Code    74  los_mux.o(i.osMuxInit)
    osPriqueueInit                           0x08007d8d   Thumb Code    64  los_priqueue.o(i.osPriqueueInit)
    osQueueCreate                            0x08007dd5   Thumb Code   100  los_queue.o(i.osQueueCreate)
    osQueueInit                              0x08007e45   Thumb Code    44  los_queue.o(i.osQueueInit)
    osRegister                               0x08007f5d   Thumb Code    14  los_config.o(i.osRegister)
    osSchedule                               0x08007f79   Thumb Code     8  los_hw.o(i.osSchedule)
    osSemInit                                0x08007f81   Thumb Code    70  los_sem.o(i.osSemInit)
    osSwTmrInit                              0x08007fd9   Thumb Code   142  los_swtmr.o(i.osSwTmrInit)
    osSwTmrStart                             0x08008085   Thumb Code    92  los_swtmr.o(i.osSwTmrStart)
    osSwTmrTask                              0x080080e5   Thumb Code    70  los_swtmr.o(i.osSwTmrTask)
    osSwTmrTaskCreate                        0x08008135   Thumb Code    52  los_swtmr.o(i.osSwTmrTaskCreate)
    osSwtmrScan                              0x0800821d   Thumb Code    32  los_swtmr.o(i.osSwtmrScan)
    osTaskAdd2TimerList                      0x08008241   Thumb Code   188  los_task.o(i.osTaskAdd2TimerList)
    osTaskEntry                              0x08008301   Thumb Code   154  los_task.o(i.osTaskEntry)
    osTaskExit                               0x080083a5   Thumb Code     8  los_hw.o(i.osTaskExit)
    osTaskInit                               0x080083ad   Thumb Code   258  los_task.o(i.osTaskInit)
    osTaskMemUsedDec                         0x080084d5   Thumb Code    40  los_memstat.o(i.osTaskMemUsedDec)
    osTaskMemUsedInc                         0x08008509   Thumb Code    48  los_memstat.o(i.osTaskMemUsedInc)
    osTaskScan                               0x08008545   Thumb Code   214  los_task.o(i.osTaskScan)
    osTaskSelfDelete                         0x08008621   Thumb Code   236  los_task.o(i.osTaskSelfDelete)
    osThreadCreate                           0x0800871d   Thumb Code   116  cmsis_liteos.o(i.osThreadCreate)
    osTickHandler                            0x08008795   Thumb Code    34  los_tick.o(i.osTickHandler)
    osTickStart                              0x080087bd   Thumb Code    94  los_bsp_adapter.o(i.osTickStart)
    osTimerListDelete                        0x08008829   Thumb Code    66  los_task.o(i.osTimerListDelete)
    osTimesliceCheck                         0x08008871   Thumb Code    64  los_timeslice.o(i.osTimesliceCheck)
    osTimesliceInit                          0x080088bd   Thumb Code    12  los_timeslice.o(i.osTimesliceInit)
    osTskStackInit                           0x080088cd   Thumb Code   128  los_hw.o(i.osTskStackInit)
    uart_data_flush                          0x08008955   Thumb Code    16  neul_bc95.o(i.uart_data_flush)
    uart_data_read                           0x08008969   Thumb Code    68  neul_bc95.o(i.uart_data_read)
    uart_data_write                          0x080089ad   Thumb Code    36  neul_bc95.o(i.uart_data_write)
    udp_create_socket                        0x08008b01   Thumb Code    48  udp_coap_interface.o(i.udp_create_socket)
    udp_read_data                            0x08008bb9   Thumb Code   244  udp_coap_interface.o(i.udp_read_data)
    udp_send_data                            0x08008cb9   Thumb Code    22  udp_coap_interface.o(i.udp_send_data)
    udp_set_local_addr                       0x08008cd5   Thumb Code    26  udp_coap_interface.o(i.udp_set_local_addr)
    udp_stack_init                           0x08008cfd   Thumb Code    60  udp_coap_interface.o(i.udp_stack_init)
    udp_stack_process                        0x08008d51   Thumb Code   276  udp_coap_interface.o(i.udp_stack_process)
    umini_bind                               0x08008e81   Thumb Code   180  agenttiny.o(i.umini_bind)
    user_dev_get_sn                          0x08008f55   Thumb Code    34  ocean_porting.o(i.user_dev_get_sn)
    user_dev_load_data                       0x08008f7d   Thumb Code     6  ocean_porting.o(i.user_dev_load_data)
    user_dev_save_data                       0x08008f89   Thumb Code    46  ocean_porting.o(i.user_dev_save_data)
    user_recv_cmd                            0x08008fbd   Thumb Code    26  ocean_porting.o(i.user_recv_cmd)
    sys_clk_freq                             0x08008fd8   Data           4  los_bsp_adapter.o(.constdata)
    tick_per_second                          0x08008fdc   Data           4  los_bsp_adapter.o(.constdata)
    g_use_ram_vect                           0x08008fe0   Data           1  los_bsp_adapter.o(.constdata)
    AHBPrescTable                            0x08008fe1   Data          16  system_stm32f1xx.o(.constdata)
    APBPrescTable                            0x08008ff1   Data           8  system_stm32f1xx.o(.constdata)
    rsplen                                   0x08008ffc   Data           2  endpoints.o(.constdata)
    endpoints                                0x08009024   Data          80  endpoints.o(.constdata)
    __ctype_table                            0x08009074   Data         129  ctype_o.o(.constdata)
    Region$$Table$$Base                      0x08009128   Number         0  anon$$obj.o(Region$$Table)
    Region$$Table$$Limit                     0x08009148   Number         0  anon$$obj.o(Region$$Table)
    g_pstLosPriorityQueueList                0x20000000   Data           4  los_priqueue.o(.data)
    m_uwSwTmrHandlerQueue                    0x20000004   Data           4  los_swtmr.o(.data)
    m_pstSwtmrCBArray                        0x20000008   Data           4  los_swtmr.o(.data)
    m_pstSwtmrFreeList                       0x2000000c   Data           4  los_swtmr.o(.data)
    m_pstSwtmrSortList                       0x20000010   Data           4  los_swtmr.o(.data)
    g_pstTaskCBArray                         0x20000014   Data           4  los_task.o(.data)
    g_stLosTask                              0x20000018   Data           8  los_task.o(.data)
    g_usLosTaskLock                          0x20000020   Data           2  los_task.o(.data)
    g_uwTskMaxNum                            0x20000024   Data           4  los_task.o(.data)
    g_uwIdleTaskID                           0x20000028   Data           4  los_task.o(.data)
    g_uwSwtmrTaskID                          0x2000002c   Data           4  los_task.o(.data)
    g_stTaskTimerList                        0x20000030   Data           8  los_task.o(.data)
    g_stLosFreeTask                          0x20000038   Data           8  los_task.o(.data)
    g_stTskRecyleList                        0x20000040   Data           8  los_task.o(.data)
    g_stTskSortLink                          0x20000048   Data           8  los_task.o(.data)
    g_bTaskScheduled                         0x20000050   Data           4  los_task.o(.data)
    g_pfnTskSwitchHook                       0x20000054   Data           4  los_task.o(.data)
    g_ullTickCount                           0x20000058   Data           8  los_tick.o(.data)
    g_uwTicksPerSec                          0x20000060   Data           4  los_tick.o(.data)
    g_uwCyclePerSec                          0x20000064   Data           4  los_tick.o(.data)
    g_stTaskTimeSlice                        0x20000068   Data           8  los_timeslice.o(.data)
    g_pstAllMux                              0x20000070   Data           4  los_mux.o(.data)
    g_stUnusedMuxList                        0x20000074   Data           8  los_mux.o(.data)
    g_pstAllQueue                            0x2000007c   Data           4  los_queue.o(.data)
    g_stUnusedSemList                        0x20000080   Data           8  los_sem.o(.data)
    g_pstAllSem                              0x20000088   Data           4  los_sem.o(.data)
    g_uwCyclesPerTick                        0x2000008c   Data           4  los_hw_tick.o(.data)
    g_vuwIntCount                            0x20000090   Data           4  los_hwi.o(.data)
    m_aucSysMem0                             0x20000094   Data           4  los_config.o(.data)
    g_sys_mem_addr_end                       0x20000098   Data           4  los_config.o(.data)
    puarts                                   0x200000a0   Data          16  los_dev_st_uart.o(.data)
    spibus                                   0x200000b0   Data           8  los_dev_st_spi.o(.data)
    SystemCoreClock                          0x200000b8   Data           4  system_stm32f1xx.o(.data)
    g_pfnUminiOnRecv                         0x200000d4   Data           4  agenttiny.o(.data)
    g_flash                                  0x200000d8   Data           4  agenttiny.o(.data)
    g_Token                                  0x200000dc   Data           8  agenttiny.o(.data)
    g_Token_len                              0x200000e4   Data           1  agenttiny.o(.data)
    g_DeviceSNLen                            0x200000e5   Data           1  agenttiny.o(.data)
    lifetime                                 0x200000e6   Data           1  agenttiny.o(.data)
    msgid                                    0x200000e8   Data           2  agenttiny.o(.data)
    g_udp_stack_task                         0x20000128   Data           4  udp_coap_interface.o(.data)
    g_udp_rsem                               0x20000140   Data           4  udp_coap_interface.o(.data)
    g_IotIp                                  0x20000144   Data          32  coap_liteos_port.o(.data)
    g_IotPort                                0x20000164   Data           8  coap_liteos_port.o(.data)
    light_flag                               0x20000179   Data           1  endpoints.o(.data)
    get_cmd                                  0x200001cc   Data           4  ocean_sample.o(.data)
    uset_value                               0x200001d0   Data           4  ocean_sample.o(.data)
    scroll                                   0x200001d4   Data           4  ocean_sample.o(.data)
    g_local_ip                               0x200001d8   Data           4  ocean_sample.o(.data)
    g_local_gw                               0x200001dc   Data           4  ocean_sample.o(.data)
    g_local_msk                              0x200001e0   Data           4  ocean_sample.o(.data)
    g_macaddr                                0x200001e4   Data           6  ocean_sample.o(.data)
    g_devsn                                  0x200001ea   Data          16  ocean_sample.o(.data)
    m_pstHwiForm                             0x20000204   Data        1024  los_hwi.o(.vector.bss)
    m_aucSwTmrHandlerPool                    0x20000604   Data         208  los_swtmr.o(.bss)
    g_ucMemStart                             0x200006d4   Data       32768  los_memory.o(.bss)
    g_TskMemUsedInfo                         0x200086d4   Data          64  los_memstat.o(.bss)
    comx                                     0x20008714   Data         368  los_dev_st_uart.o(.bss)
    spibuses                                 0x20008884   Data         176  los_dev_st_spi.o(.bss)
    los_uart_dualbuf                         0x20008934   Data        1024  ocean_interface.o(.bss)
    g_board_func                             0x20008d78   Data          32  agenttiny.o(.bss)
    g_coap_func                              0x20008d98   Data          36  agenttiny.o(.bss)
    g_stUminiMgr                             0x20008dbc   Data        7556  agenttiny.o(.bss)
    g_DeviceSN                               0x2000ab40   Data          32  agenttiny.o(.bss)
    UM_outbuff                               0x2000ab60   Data         256  agenttiny.o(.bss)
    g_outbuf                                 0x2000ac60   Data         256  agenttiny.o(.bss)
    hrtc                                     0x2000d2fc   Data          20  main.o(.bss)
    __initial_sp                             0x2000e0e0   Data           0  startup_stm32f103xe.o(STACK)



==============================================================================

Memory Map of the image

  Image Entry point : 0x08000131

  Load Region LR_IROM1 (Base: 0x08000000, Size: 0x0000974c, Max: 0x00080000, ABSOLUTE, COMPRESSED[0x000091f8])

    Execution Region ER_IROM1 (Base: 0x08000000, Size: 0x00009148, Max: 0x00080000, ABSOLUTE)

    Base Addr    Size         Type   Attr      Idx    E Section Name        Object

    0x08000000   0x00000130   Data   RO         5446    RESET               startup_stm32f103xe.o
    0x08000130   0x00000000   Code   RO         5566  * .ARM.Collect$$$$00000000  mc_w.l(entry.o)
    0x08000130   0x00000004   Code   RO         5893    .ARM.Collect$$$$00000001  mc_w.l(entry2.o)
    0x08000134   0x00000004   Code   RO         5896    .ARM.Collect$$$$00000004  mc_w.l(entry5.o)
    0x08000138   0x00000000   Code   RO         5898    .ARM.Collect$$$$00000008  mc_w.l(entry7b.o)
    0x08000138   0x00000000   Code   RO         5900    .ARM.Collect$$$$0000000A  mc_w.l(entry8b.o)
    0x08000138   0x00000008   Code   RO         5901    .ARM.Collect$$$$0000000B  mc_w.l(entry9a.o)
    0x08000140   0x00000000   Code   RO         5903    .ARM.Collect$$$$0000000D  mc_w.l(entry10a.o)
    0x08000140   0x00000000   Code   RO         5905    .ARM.Collect$$$$0000000F  mc_w.l(entry11a.o)
    0x08000140   0x00000004   Code   RO         5894    .ARM.Collect$$$$00002712  mc_w.l(entry2.o)
    0x08000144   0x0000005c   Code   RO         1220    .text               los_dispatch_keil.o
    0x080001a0   0x00000024   Code   RO         5447    .text               startup_stm32f103xe.o
    0x080001c4   0x00000062   Code   RO         5569    .text               mc_w.l(uldiv.o)
    0x08000226   0x00000020   Code   RO         5571    .text               mc_w.l(llushr.o)
    0x08000246   0x00000002   PAD
    0x08000248   0x00000024   Code   RO         5573    .text               mc_w.l(rand.o)
    0x0800026c   0x00000024   Code   RO         5576    .text               mc_w.l(memcpya.o)
    0x08000290   0x00000024   Code   RO         5578    .text               mc_w.l(memseta.o)
    0x080002b4   0x00000024   Code   RO         5580    .text               mc_w.l(strstr.o)
    0x080002d8   0x0000000e   Code   RO         5582    .text               mc_w.l(strlen.o)
    0x080002e6   0x0000001a   Code   RO         5584    .text               mc_w.l(memcmp.o)
    0x08000300   0x00000038   Code   RO         5879    .text               mc_w.l(__0sscanf.o)
    0x08000338   0x0000014c   Code   RO         5881    .text               mc_w.l(_scanf_int.o)
    0x08000484   0x000000e0   Code   RO         5883    .text               mc_w.l(_scanf_str.o)
    0x08000564   0x0000001a   Code   RO         5885    .text               mc_w.l(atoi.o)
    0x0800057e   0x0000001e   Code   RO         5912    .text               mc_w.l(llshl.o)
    0x0800059c   0x0000001c   Code   RO         5923    .text               mc_w.l(_chval.o)
    0x080005b8   0x00000028   Code   RO         5925    .text               mc_w.l(scanf_char.o)
    0x080005e0   0x00000040   Code   RO         5927    .text               mc_w.l(_sgetc.o)
    0x08000620   0x00000070   Code   RO         5929    .text               mc_w.l(strtol.o)
    0x08000690   0x00000024   Code   RO         5940    .text               mc_w.l(init.o)
    0x080006b4   0x00000008   Code   RO         5947    .text               mc_w.l(ctype_o.o)
    0x080006bc   0x00000012   Code   RO         5969    .text               mc_w.l(isspace_o.o)
    0x080006ce   0x00000002   PAD
    0x080006d0   0x0000032c   Code   RO         5975    .text               mc_w.l(_scanf.o)
    0x080009fc   0x0000009e   Code   RO         5977    .text               mc_w.l(_strtoul.o)
    0x08000a9a   0x00000056   Code   RO         5991    .text               mc_w.l(__dczerorl2.o)
    0x08000af0   0x00000088   Code   RO         1221    KERNEL              los_dispatch_keil.o
    0x08000b78   0x00000004   Code   RO         2129    i.BusFault_Handler  stm32f1xx_it.o
    0x08000b7c   0x00000002   Code   RO         2130    i.DebugMon_Handler  stm32f1xx_it.o
    0x08000b7e   0x00000012   Code   RO         2131    i.EXTI9_5_IRQHandler  stm32f1xx_it.o
    0x08000b90   0x0000001a   Code   RO         2258    i.HAL_Delay         stm32f1xx_hal.o
    0x08000baa   0x00000002   Code   RO         2794    i.HAL_GPIO_EXTI_Callback  stm32f1xx_hal_gpio.o
    0x08000bac   0x0000001c   Code   RO         2795    i.HAL_GPIO_EXTI_IRQHandler  stm32f1xx_hal_gpio.o
    0x08000bc8   0x00000340   Code   RO         2796    i.HAL_GPIO_Init     stm32f1xx_hal_gpio.o
    0x08000f08   0x0000000c   Code   RO         2800    i.HAL_GPIO_WritePin  stm32f1xx_hal_gpio.o
    0x08000f14   0x0000000c   Code   RO         2262    i.HAL_GetTick       stm32f1xx_hal.o
    0x08000f20   0x00000010   Code   RO         2263    i.HAL_IncTick       stm32f1xx_hal.o
    0x08000f30   0x00000028   Code   RO         2264    i.HAL_Init          stm32f1xx_hal.o
    0x08000f58   0x00000024   Code   RO         2265    i.HAL_InitTick      stm32f1xx_hal.o
    0x08000f7c   0x00000078   Code   RO         2064    i.HAL_MspInit       stm32f1xx_hal_msp.o
    0x08000ff4   0x0000001a   Code   RO         2387    i.HAL_NVIC_EnableIRQ  stm32f1xx_hal_cortex.o
    0x0800100e   0x0000007c   Code   RO         2393    i.HAL_NVIC_SetPriority  stm32f1xx_hal_cortex.o
    0x0800108a   0x00000002   PAD
    0x0800108c   0x00000028   Code   RO         2394    i.HAL_NVIC_SetPriorityGrouping  stm32f1xx_hal_cortex.o
    0x080010b4   0x00000018   Code   RO         2902    i.HAL_PWR_EnableBkUpAccess  stm32f1xx_hal_pwr.o
    0x080010cc   0x00000164   Code   RO         3123    i.HAL_RCCEx_GetPeriphCLKFreq  stm32f1xx_hal_rcc_ex.o
    0x08001230   0x0000017c   Code   RO         3124    i.HAL_RCCEx_PeriphCLKConfig  stm32f1xx_hal_rcc_ex.o
    0x080013ac   0x00000298   Code   RO         3021    i.HAL_RCC_ClockConfig  stm32f1xx_hal_rcc.o
    0x08001644   0x0000000c   Code   RO         3026    i.HAL_RCC_GetHCLKFreq  stm32f1xx_hal_rcc.o
    0x08001650   0x0000002c   Code   RO         3028    i.HAL_RCC_GetPCLK1Freq  stm32f1xx_hal_rcc.o
    0x0800167c   0x0000002c   Code   RO         3029    i.HAL_RCC_GetPCLK2Freq  stm32f1xx_hal_rcc.o
    0x080016a8   0x000000b4   Code   RO         3030    i.HAL_RCC_GetSysClockFreq  stm32f1xx_hal_rcc.o
    0x0800175c   0x00000878   Code   RO         3033    i.HAL_RCC_OscConfig  stm32f1xx_hal_rcc.o
    0x08001fd4   0x00000018   Code   RO         3360    i.HAL_RTCEx_BKUPRead  stm32f1xx_hal_rtc_ex.o
    0x08001fec   0x00000018   Code   RO         3361    i.HAL_RTCEx_BKUPWrite  stm32f1xx_hal_rtc_ex.o
    0x08002004   0x000000d0   Code   RO         3168    i.HAL_RTC_Init      stm32f1xx_hal_rtc.o
    0x080020d4   0x00000050   Code   RO         2066    i.HAL_RTC_MspInit   stm32f1xx_hal_msp.o
    0x08002124   0x000000f8   Code   RO         3174    i.HAL_RTC_SetDate   stm32f1xx_hal_rtc.o
    0x0800221c   0x000000dc   Code   RO         3175    i.HAL_RTC_SetTime   stm32f1xx_hal_rtc.o
    0x080022f8   0x00000040   Code   RO         3177    i.HAL_RTC_WaitForSynchro  stm32f1xx_hal_rtc.o
    0x08002338   0x0000007c   Code   RO         3726    i.HAL_SPI_Init      stm32f1xx_hal_spi.o
    0x080023b4   0x000000b8   Code   RO         2068    i.HAL_SPI_MspInit   stm32f1xx_hal_msp.o
    0x0800246c   0x00000344   Code   RO         3735    i.HAL_SPI_TransmitReceive  stm32f1xx_hal_spi.o
    0x080027b0   0x00000028   Code   RO         2396    i.HAL_SYSTICK_CLKSourceConfig  stm32f1xx_hal_cortex.o
    0x080027d8   0x00000034   Code   RO         2398    i.HAL_SYSTICK_Config  stm32f1xx_hal_cortex.o
    0x0800280c   0x0000006e   Code   RO         3479    i.HAL_UART_Init     stm32f1xx_hal_uart.o
    0x0800287a   0x00000002   PAD
    0x0800287c   0x000000d8   Code   RO         2070    i.HAL_UART_MspInit  stm32f1xx_hal_msp.o
    0x08002954   0x0000006e   Code   RO         3489    i.HAL_UART_Transmit_IT  stm32f1xx_hal_uart.o
    0x080029c2   0x00000002   Code   RO         3490    i.HAL_UART_TxCpltCallback  stm32f1xx_hal_uart.o
    0x080029c4   0x00000004   Code   RO         2132    i.HardFault_Handler  stm32f1xx_it.o
    0x080029c8   0x0000001c   Code   RO         1088    i.LOS_Align         los_misc.o
    0x080029e4   0x0000001e   Code   RO         1056    i.LOS_DLnkInitMultiHead  los_multipledlinkhead.o
    0x08002a02   0x0000002a   Code   RO         1057    i.LOS_DLnkMultiHead  los_multipledlinkhead.o
    0x08002a2c   0x00000012   Code   RO         1227    i.LOS_EnableTick    los_config.o
    0x08002a3e   0x00000012   Code   RO         1228    i.LOS_KernelInit    los_config.o
    0x08002a50   0x0000000e   Code   RO          320    i.LOS_ListAdd       los_task.o
    0x08002a5e   0x0000000e   Code   RO          620    i.LOS_ListAdd       los_mux.o
    0x08002a6c   0x0000000e   Code   RO          694    i.LOS_ListAdd       los_queue.o
    0x08002a7a   0x0000000e   Code   RO          799    i.LOS_ListAdd       los_sem.o
    0x08002a88   0x0000000e   Code   RO          902    i.LOS_ListAdd       los_memory.o
    0x08002a96   0x00000014   Code   RO          321    i.LOS_ListDelete    los_task.o
    0x08002aaa   0x00000014   Code   RO          800    i.LOS_ListDelete    los_sem.o
    0x08002abe   0x00000014   Code   RO          903    i.LOS_ListDelete    los_memory.o
    0x08002ad2   0x00000010   Code   RO          322    i.LOS_ListEmpty     los_task.o
    0x08002ae2   0x00000010   Code   RO          695    i.LOS_ListEmpty     los_queue.o
    0x08002af2   0x00000010   Code   RO          801    i.LOS_ListEmpty     los_sem.o
    0x08002b02   0x00000006   Code   RO          323    i.LOS_ListInit      los_task.o
    0x08002b08   0x00000006   Code   RO          623    i.LOS_ListInit      los_mux.o
    0x08002b0e   0x00000006   Code   RO          696    i.LOS_ListInit      los_queue.o
    0x08002b14   0x00000006   Code   RO          802    i.LOS_ListInit      los_sem.o
    0x08002b1a   0x00000010   Code   RO          324    i.LOS_ListTailInsert  los_task.o
    0x08002b2a   0x00000010   Code   RO          624    i.LOS_ListTailInsert  los_mux.o
    0x08002b3a   0x00000010   Code   RO          803    i.LOS_ListTailInsert  los_sem.o
    0x08002b4a   0x00000002   PAD
    0x08002b4c   0x00000144   Code   RO         1058    i.LOS_Log2          los_multipledlinkhead.o
    0x08002c90   0x00000028   Code   RO          249    i.LOS_MS2Tick       los_sys.o
    0x08002cb8   0x0000003a   Code   RO          904    i.LOS_MemAlloc      los_memory.o
    0x08002cf2   0x0000006c   Code   RO          905    i.LOS_MemAllocAlign  los_memory.o
    0x08002d5e   0x00000054   Code   RO          906    i.LOS_MemFree       los_memory.o
    0x08002db2   0x000000a6   Code   RO          907    i.LOS_MemInit       los_memory.o
    0x08002e58   0x00000040   Code   RO          869    i.LOS_MemboxAlloc   los_membox.o
    0x08002e98   0x000000a4   Code   RO          871    i.LOS_MemboxFree    los_membox.o
    0x08002f3c   0x00000080   Code   RO          872    i.LOS_MemboxInit    los_membox.o
    0x08002fbc   0x00000018   Code   RO            1    i.LOS_PriqueueDequeue  los_priqueue.o
    0x08002fd4   0x00000024   Code   RO            2    i.LOS_PriqueueEnqueue  los_priqueue.o
    0x08002ff8   0x00000028   Code   RO            3    i.LOS_PriqueueSize  los_priqueue.o
    0x08003020   0x0000003c   Code   RO            4    i.LOS_PriqueueTop   los_priqueue.o
    0x0800305c   0x0000007c   Code   RO          697    i.LOS_QueueCreate   los_queue.o
    0x080030d8   0x00000130   Code   RO          699    i.LOS_QueueRead     los_queue.o
    0x08003208   0x0000013c   Code   RO          700    i.LOS_QueueWrite    los_queue.o
    0x08003344   0x00000040   Code   RO         1106    i.LOS_Schedule      los_hw.o
    0x08003384   0x0000006c   Code   RO          804    i.LOS_SemCreate     los_sem.o
    0x080033f0   0x00000100   Code   RO          806    i.LOS_SemPend       los_sem.o
    0x080034f0   0x000000b8   Code   RO          807    i.LOS_SemPost       los_sem.o
    0x080035a8   0x0000000c   Code   RO         1137    i.LOS_SetTickSycle  los_hw_tick.o
    0x080035b4   0x0000000c   Code   RO         1229    i.LOS_Start         los_config.o
    0x080035c0   0x0000009c   Code   RO          325    i.LOS_TaskCreate    los_task.o
    0x0800365c   0x00000184   Code   RO          326    i.LOS_TaskCreateOnly  los_task.o
    0x080037e0   0x00000080   Code   RO          327    i.LOS_TaskDelay     los_task.o
    0x08003860   0x00000168   Code   RO          328    i.LOS_TaskDelete    los_task.o
    0x080039c8   0x00000020   Code   RO          329    i.LOS_TaskLock      los_task.o
    0x080039e8   0x0000003c   Code   RO          334    i.LOS_TaskUnlock    los_task.o
    0x08003a24   0x00000084   Code   RO          335    i.LOS_TaskYield     los_task.o
    0x08003aa8   0x0000000c   Code   RO          252    i.LOS_TickCountGet  los_sys.o
    0x08003ab4   0x00000038   Code   RO         1138    i.LOS_TickHandler   los_hw_tick.o
    0x08003aec   0x00000002   Code   RO         1626    i.LosAdapIntInit    los_bsp_adapter.o
    0x08003aee   0x00000002   PAD
    0x08003af0   0x000000ac   Code   RO         5456    i.MX_RTC_Init       main.o
    0x08003b9c   0x00000004   Code   RO         2133    i.MemManage_Handler  stm32f1xx_it.o
    0x08003ba0   0x00000002   Code   RO         2134    i.NMI_Handler       stm32f1xx_it.o
    0x08003ba2   0x00000002   PAD
    0x08003ba4   0x00000010   Code   RO         2400    i.NVIC_GetPriorityGrouping  stm32f1xx_hal_cortex.o
    0x08003bb4   0x00000028   Code   RO         2401    i.NVIC_SetPriority  stm32f1xx_hal_cortex.o
    0x08003bdc   0x00000016   Code   RO         3179    i.RTC_Bcd2ToByte    stm32f1xx_hal_rtc.o
    0x08003bf2   0x0000003a   Code   RO         3182    i.RTC_EnterInitMode  stm32f1xx_hal_rtc.o
    0x08003c2c   0x0000003a   Code   RO         3183    i.RTC_ExitInitMode  stm32f1xx_hal_rtc.o
    0x08003c66   0x00000018   Code   RO         3185    i.RTC_ReadAlarmCounter  stm32f1xx_hal_rtc.o
    0x08003c7e   0x00000034   Code   RO         3186    i.RTC_ReadTimeCounter  stm32f1xx_hal_rtc.o
    0x08003cb2   0x00000084   Code   RO         3187    i.RTC_WeekDayNum    stm32f1xx_hal_rtc.o
    0x08003d36   0x0000002e   Code   RO         3188    i.RTC_WriteAlarmCounter  stm32f1xx_hal_rtc.o
    0x08003d64   0x0000002e   Code   RO         3189    i.RTC_WriteTimeCounter  stm32f1xx_hal_rtc.o
    0x08003d92   0x00000114   Code   RO         3757    i.SPI_WaitOnFlagUntilTimeout  stm32f1xx_hal_spi.o
    0x08003ea6   0x00000002   Code   RO         2135    i.SVC_Handler       stm32f1xx_it.o
    0x08003ea8   0x0000000c   Code   RO         1629    i.SysTick_Handler   los_bsp_adapter.o
    0x08003eb4   0x0000009c   Code   RO         5457    i.SystemClock_Config  main.o
    0x08003f50   0x00000058   Code   RO         2215    i.SystemInit        system_stm32f1xx.o
    0x08003fa8   0x0000000a   Code   RO         2136    i.UART4_IRQHandler  stm32f1xx_it.o
    0x08003fb2   0x00000030   Code   RO         3497    i.UART_EndTransmit_IT  stm32f1xx_hal_uart.o
    0x08003fe2   0x00000002   PAD
    0x08003fe4   0x000001c8   Code   RO         3500    i.UART_SetConfig    stm32f1xx_hal_uart.o
    0x080041ac   0x00000070   Code   RO         3501    i.UART_Transmit_IT  stm32f1xx_hal_uart.o
    0x0800421c   0x000000b4   Code   RO         4081    i.UMini_Initial     agenttiny.o
    0x080042d0   0x00000070   Code   RO         4082    i.UMini_NetRecv     agenttiny.o
    0x08004340   0x00000038   Code   RO         4083    i.UMini_Report      agenttiny.o
    0x08004378   0x0000000a   Code   RO         2137    i.USART2_IRQHandler  stm32f1xx_it.o
    0x08004382   0x00000004   Code   RO         2138    i.UsageFault_Handler  stm32f1xx_it.o
    0x08004386   0x00000004   Code   RO         1855    i._Error_Handler    los_bsp_uart.o
    0x0800438a   0x00000002   PAD
    0x0800438c   0x00000028   Code   RO         5799    i.__0sprintf$8      mc_w.l(printf8.o)
    0x080043b4   0x00000008   Code   RO         5916    i.__aeabi_errno_addr  mc_w.l(errno.o)
    0x080043bc   0x0000000e   Code   RO         5985    i.__scatterload_copy  mc_w.l(handlers.o)
    0x080043ca   0x00000002   Code   RO         5986    i.__scatterload_null  mc_w.l(handlers.o)
    0x080043cc   0x0000000e   Code   RO         5987    i.__scatterload_zeroinit  mc_w.l(handlers.o)
    0x080043da   0x00000002   PAD
    0x080043dc   0x00000410   Code   RO         5804    i._printf_core      mc_w.l(printf8.o)
    0x080047ec   0x00000024   Code   RO         5805    i._printf_post_padding  mc_w.l(printf8.o)
    0x08004810   0x0000002e   Code   RO         5806    i._printf_pre_padding  mc_w.l(printf8.o)
    0x0800483e   0x0000000a   Code   RO         5808    i._sputc            mc_w.l(printf8.o)
    0x08004848   0x000000cc   Code   RO         4037    i.agenttiny_res_init  agent_client_interface.o
    0x08004914   0x00000010   Code   RO         4038    i.agenttiny_set_iotaddrinfo  agent_client_interface.o
    0x08004924   0x00000054   Code   RO         4217    i.checksum          microtcpip.o
    0x08004978   0x0000002a   Code   RO         4553    i.coap_all_build    coap_liteos_port.o
    0x080049a2   0x00000002   PAD
    0x080049a4   0x000000f0   Code   RO         4554    i.coap_alloc_source  coap_liteos_port.o
    0x08004a94   0x000001e4   Code   RO         4467    i.coap_build        coap.o
    0x08004c78   0x00000046   Code   RO         4468    i.coap_findOptions  coap.o
    0x08004cbe   0x00000002   PAD
    0x08004cc0   0x0000004c   Code   RO         4555    i.coap_free_pkt     coap_liteos_port.o
    0x08004d0c   0x00000088   Code   RO         4556    i.coap_free_source  coap_liteos_port.o
    0x08004d94   0x00000024   Code   RO         4557    i.coap_get_random   coap_liteos_port.o
    0x08004db8   0x00000034   Code   RO         4558    i.coap_get_token    coap_liteos_port.o
    0x08004dec   0x000000dc   Code   RO         4469    i.coap_handle_req   coap.o
    0x08004ec8   0x00000006   Code   RO         4559    i.coap_internal_getsock  coap_liteos_port.o
    0x08004ece   0x00000002   PAD
    0x08004ed0   0x0000007c   Code   RO         4560    i.coap_lowlevel_send  coap_liteos_port.o
    0x08004f4c   0x00000076   Code   RO         4470    i.coap_make_response  coap.o
    0x08004fc2   0x00000002   PAD
    0x08004fc4   0x00000060   Code   RO         4561    i.coap_malloc_pkt   coap_liteos_port.o
    0x08005024   0x00000024   Code   RO         4473    i.coap_option_nibble  coap.o
    0x08005048   0x00000054   Code   RO         4474    i.coap_parse        coap.o
    0x0800509c   0x0000003c   Code   RO         4475    i.coap_parseHeader  coap.o
    0x080050d8   0x000000de   Code   RO         4476    i.coap_parseOption  coap.o
    0x080051b6   0x00000092   Code   RO         4477    i.coap_parseOptionsAndPayload  coap.o
    0x08005248   0x00000032   Code   RO         4478    i.coap_parseToken   coap.o
    0x0800527a   0x00000002   PAD
    0x0800527c   0x0000003c   Code   RO         4562    i.coap_resource_init  coap_liteos_port.o
    0x080052b8   0x0000001e   Code   RO         4563    i.coap_set_header   coap_liteos_port.o
    0x080052d6   0x00000002   PAD
    0x080052d8   0x00000044   Code   RO         4564    i.coap_set_iotaddr_info  coap_liteos_port.o
    0x0800531c   0x0000005c   Code   RO         4565    i.coap_set_option   coap_liteos_port.o
    0x08005378   0x0000001c   Code   RO         4566    i.coap_set_payload  coap_liteos_port.o
    0x08005394   0x00000018   Code   RO         4567    i.coap_set_token    coap_liteos_port.o
    0x080053ac   0x00000020   Code   RO         4218    i.create_micro_socket  microtcpip.o
    0x080053cc   0x000000a0   Code   RO         4085    i.dataReport        agenttiny.o
    0x0800546c   0x0000017c   Code   RO         4951    i.enc28j60Init      spi_enc28j60.o
    0x080055e8   0x000000c0   Code   RO         4952    i.enc28j60PacketReceive  spi_enc28j60.o
    0x080056a8   0x00000066   Code   RO         4953    i.enc28j60PacketSend  spi_enc28j60.o
    0x0800570e   0x00000032   Code   RO         4954    i.enc28j60PhyWrite  spi_enc28j60.o
    0x08005740   0x00000014   Code   RO         4955    i.enc28j60Read      spi_enc28j60.o
    0x08005754   0x00000044   Code   RO         4956    i.enc28j60ReadBuffer  spi_enc28j60.o
    0x08005798   0x00000054   Code   RO         4957    i.enc28j60ReadOp    spi_enc28j60.o
    0x080057ec   0x00000034   Code   RO         4958    i.enc28j60SetBank   spi_enc28j60.o
    0x08005820   0x00000018   Code   RO         4959    i.enc28j60Write     spi_enc28j60.o
    0x08005838   0x00000040   Code   RO         4960    i.enc28j60WriteBuffer  spi_enc28j60.o
    0x08005878   0x00000048   Code   RO         4961    i.enc28j60WriteOp   spi_enc28j60.o
    0x080058c0   0x00000010   Code   RO         4962    i.enc28j60clkout    spi_enc28j60.o
    0x080058d0   0x00000044   Code   RO         4219    i.eth_type_is_arp_and_my_ip  microtcpip.o
    0x08005914   0x0000004c   Code   RO         4220    i.eth_type_is_ip_and_my_ip  microtcpip.o
    0x08005960   0x0000002c   Code   RO         4221    i.fill_ip_hdr_checksum  microtcpip.o
    0x0800598c   0x00000024   Code   RO         4224    i.get_dest_mac      microtcpip.o
    0x080059b0   0x00000038   Code   RO         4668    i.handle_get_observe  endpoints.o
    0x080059e8   0x00000044   Code   RO         4669    i.handle_get_rd     endpoints.o
    0x08005a2c   0x00000044   Code   RO         4670    i.handle_get_well_known_core  endpoints.o
    0x08005a70   0x0000004c   Code   RO         4671    i.handle_post_cmd   endpoints.o
    0x08005abc   0x0000003c   Code   RO         4226    i.init_ip_arp_udp_tcp  microtcpip.o
    0x08005af8   0x0000004c   Code   RO         5458    i.init_testuart     main.o
    0x08005b44   0x0000004c   Code   RO         5459    i.init_testuart2    main.o
    0x08005b90   0x00000038   Code   RO         4397    i.is_in_same_network  udp_coap_interface.o
    0x08005bc8   0x00000044   Code   RO         2003    i.los_bus_spi_devcs_init  los_dev_st_spi.o
    0x08005c0c   0x00000118   Code   RO         2004    i.los_bus_spi_init  los_dev_st_spi.o
    0x08005d24   0x0000003c   Code   RO         2006    i.los_bus_spi_rwonebyte  los_dev_st_spi.o
    0x08005d60   0x00000048   Code   RO         2008    i.los_dev_spi_gpio_init  los_dev_st_spi.o
    0x08005da8   0x00000040   Code   RO         1936    i.los_dev_uart_gpio_init  los_dev_st_uart.o
    0x08005de8   0x000001c4   Code   RO         1937    i.los_dev_uart_init  los_dev_st_uart.o
    0x08005fac   0x000001b4   Code   RO         1938    i.los_dev_uart_irqhandler  los_dev_st_uart.o
    0x08006160   0x00000400   Code   RO         1939    i.los_dev_uart_read  los_dev_st_uart.o
    0x08006560   0x00000092   Code   RO         1940    i.los_dev_uart_start  los_dev_st_uart.o
    0x080065f2   0x00000002   PAD
    0x080065f4   0x0000008c   Code   RO         1941    i.los_dev_uart_write  los_dev_st_uart.o
    0x08006680   0x00000038   Code   RO         5517    i.los_oceancon_sample  ocean_sample.o
    0x080066b8   0x00000154   Code   RO         1942    i.los_receive_it    los_dev_st_uart.o
    0x0800680c   0x00000074   Code   RO         5460    i.main              main.o
    0x08006880   0x00000064   Code   RO         4228    i.make_arp_answer_from_request  microtcpip.o
    0x080068e4   0x000000b4   Code   RO         4229    i.make_arp_request  microtcpip.o
    0x08006998   0x00000024   Code   RO         4231    i.make_eth          microtcpip.o
    0x080069bc   0x000000a8   Code   RO         4237    i.make_udp_and_send_pkg  microtcpip.o
    0x08006a64   0x00000064   Code   RO         4238    i.make_udp_ip_head  microtcpip.o
    0x08006ac8   0x00000030   Code   RO         4240    i.make_udp_send_eth  microtcpip.o
    0x08006af8   0x00000210   Code   RO         4760    i.neul_bc95_active_network  neul_bc95.o
    0x08006d08   0x00000084   Code   RO         4764    i.neul_bc95_get_netstat  neul_bc95.o
    0x08006d8c   0x000000b0   Code   RO         4765    i.neul_bc95_get_unrmsg_count  neul_bc95.o
    0x08006e3c   0x00000040   Code   RO         4766    i.neul_bc95_hex_to_str  neul_bc95.o
    0x08006e7c   0x00000094   Code   RO         4767    i.neul_bc95_hw_detect  neul_bc95.o
    0x08006f10   0x0000003c   Code   RO         4768    i.neul_bc95_hw_init  neul_bc95.o
    0x08006f4c   0x00000058   Code   RO         4769    i.neul_bc95_prepare_transmit  neul_bc95.o
    0x08006fa4   0x00000088   Code   RO         4770    i.neul_bc95_query_ip  neul_bc95.o
    0x0800702c   0x000000e0   Code   RO         4771    i.neul_bc95_read_coap_msg  neul_bc95.o
    0x0800710c   0x00000084   Code   RO         4772    i.neul_bc95_reboot  neul_bc95.o
    0x08007190   0x0000018c   Code   RO         4774    i.neul_bc95_send_coap_paylaod  neul_bc95.o
    0x0800731c   0x000000d0   Code   RO         4775    i.neul_bc95_set_auto_connect  neul_bc95.o
    0x080073ec   0x000000c0   Code   RO         4776    i.neul_bc95_set_band  neul_bc95.o
    0x080074ac   0x0000000e   Code   RO         4781    i.neul_bc95_sleep   neul_bc95.o
    0x080074ba   0x00000064   Code   RO         4783    i.neul_bc95_str_to_hex  neul_bc95.o
    0x0800751e   0x00000002   PAD
    0x08007520   0x000000b4   Code   RO         5519    i.ocean_dev_control  ocean_sample.o
    0x080075d4   0x00000024   Code   RO         3963    i.ocean_get_unread_pkg  ocean_interface.o
    0x080075f8   0x00000034   Code   RO         3964    i.ocean_init_iot_addr  ocean_interface.o
    0x0800762c   0x00000040   Code   RO         3965    i.ocean_recv_data   ocean_interface.o
    0x0800766c   0x00000050   Code   RO         5520    i.ocean_report_cmd_status  ocean_sample.o
    0x080076bc   0x0000012c   Code   RO         3966    i.ocean_res_init    ocean_interface.o
    0x080077e8   0x00000040   Code   RO         3967    i.ocean_send_data   ocean_interface.o
    0x08007828   0x000000e4   Code   RO         5521    i.oceancon_sampletask  ocean_sample.o
    0x0800790c   0x00000034   Code   RO         1286    i.osDelay           cmsis_liteos.o
    0x08007940   0x00000008   Code   RO         1166    i.osHwiDefaultHandler  los_hwi.o
    0x08007948   0x00000024   Code   RO         1167    i.osHwiInit         los_hwi.o
    0x0800796c   0x00000004   Code   RO          336    i.osIdleTask        los_task.o
    0x08007970   0x0000004c   Code   RO          337    i.osIdleTaskCreate  los_task.o
    0x080079bc   0x0000000c   Code   RO         1168    i.osIntNumGet       los_hwi.o
    0x080079c8   0x00000070   Code   RO         1232    i.osMain            los_config.o
    0x08007a38   0x0000005c   Code   RO          909    i.osMemAllocWithCheck  los_memory.o
    0x08007a94   0x00000098   Code   RO          910    i.osMemCheckUsedNode  los_memory.o
    0x08007b2c   0x00000050   Code   RO          911    i.osMemFindSuitableFreeBlock  los_memory.o
    0x08007b7c   0x000000b2   Code   RO          912    i.osMemFreeNode     los_memory.o
    0x08007c2e   0x0000003e   Code   RO          913    i.osMemIsNodeValid  los_memory.o
    0x08007c6c   0x00000024   Code   RO          914    i.osMemMergeNode    los_memory.o
    0x08007c90   0x00000020   Code   RO          915    i.osMemSetMagicNumAndTaskid  los_memory.o
    0x08007cb0   0x0000005c   Code   RO          916    i.osMemSpitNode     los_memory.o
    0x08007d0c   0x00000024   Code   RO          917    i.osMemSystemInit   los_memory.o
    0x08007d30   0x0000005c   Code   RO          629    i.osMuxInit         los_mux.o
    0x08007d8c   0x00000048   Code   RO            6    i.osPriqueueInit    los_priqueue.o
    0x08007dd4   0x00000070   Code   RO          701    i.osQueueCreate     los_queue.o
    0x08007e44   0x00000038   Code   RO          702    i.osQueueInit       los_queue.o
    0x08007e7c   0x00000084   Code   RO          705    i.osQueuePend       los_queue.o
    0x08007f00   0x0000005a   Code   RO          706    i.osQueueWakeUp     los_queue.o
    0x08007f5a   0x00000002   PAD
    0x08007f5c   0x0000001c   Code   RO         1233    i.osRegister        los_config.o
    0x08007f78   0x00000008   Code   RO         1107    i.osSchedule        los_hw.o
    0x08007f80   0x00000058   Code   RO          808    i.osSemInit         los_sem.o
    0x08007fd8   0x000000ac   Code   RO          117    i.osSwTmrInit       los_swtmr.o
    0x08008084   0x00000060   Code   RO          118    i.osSwTmrStart      los_swtmr.o
    0x080080e4   0x00000050   Code   RO          119    i.osSwTmrTask       los_swtmr.o
    0x08008134   0x00000048   Code   RO          120    i.osSwTmrTaskCreate  los_swtmr.o
    0x0800817c   0x0000008c   Code   RO          121    i.osSwTmrTimeoutHandle  los_swtmr.o
    0x08008208   0x00000014   Code   RO          122    i.osSwtmrDelete     los_swtmr.o
    0x0800821c   0x00000024   Code   RO          123    i.osSwtmrScan       los_swtmr.o
    0x08008240   0x000000c0   Code   RO          338    i.osTaskAdd2TimerList  los_task.o
    0x08008300   0x000000a4   Code   RO          339    i.osTaskEntry       los_task.o
    0x080083a4   0x00000008   Code   RO         1108    i.osTaskExit        los_hw.o
    0x080083ac   0x00000128   Code   RO          340    i.osTaskInit        los_task.o
    0x080084d4   0x00000034   Code   RO         1027    i.osTaskMemUsedDec  los_memstat.o
    0x08008508   0x0000003c   Code   RO         1028    i.osTaskMemUsedInc  los_memstat.o
    0x08008544   0x000000dc   Code   RO          342    i.osTaskScan        los_task.o
    0x08008620   0x000000fc   Code   RO          343    i.osTaskSelfDelete  los_task.o
    0x0800871c   0x00000078   Code   RO         1315    i.osThreadCreate    cmsis_liteos.o
    0x08008794   0x00000028   Code   RO          520    i.osTickHandler     los_tick.o
    0x080087bc   0x0000006c   Code   RO         1630    i.osTickStart       los_bsp_adapter.o
    0x08008828   0x00000048   Code   RO          344    i.osTimerListDelete  los_task.o
    0x08008870   0x0000004c   Code   RO          548    i.osTimesliceCheck  los_timeslice.o
    0x080088bc   0x00000010   Code   RO          549    i.osTimesliceInit   los_timeslice.o
    0x080088cc   0x00000088   Code   RO         1109    i.osTskStackInit    los_hw.o
    0x08008954   0x00000014   Code   RO         4786    i.uart_data_flush   neul_bc95.o
    0x08008968   0x00000044   Code   RO         4787    i.uart_data_read    neul_bc95.o
    0x080089ac   0x00000024   Code   RO         4788    i.uart_data_write   neul_bc95.o
    0x080089d0   0x00000130   Code   RO         4568    i.udp_client        coap_liteos_port.o
    0x08008b00   0x00000038   Code   RO         4398    i.udp_create_socket  udp_coap_interface.o
    0x08008b38   0x00000080   Code   RO         4399    i.udp_init_ring_buf  udp_coap_interface.o
    0x08008bb8   0x00000100   Code   RO         4400    i.udp_read_data     udp_coap_interface.o
    0x08008cb8   0x0000001c   Code   RO         4401    i.udp_send_data     udp_coap_interface.o
    0x08008cd4   0x00000028   Code   RO         4402    i.udp_set_local_addr  udp_coap_interface.o
    0x08008cfc   0x00000054   Code   RO         4403    i.udp_stack_init    udp_coap_interface.o
    0x08008d50   0x00000130   Code   RO         4404    i.udp_stack_process  udp_coap_interface.o
    0x08008e80   0x000000d4   Code   RO         4086    i.umini_bind        agenttiny.o
    0x08008f54   0x00000028   Code   RO         4144    i.user_dev_get_sn   ocean_porting.o
    0x08008f7c   0x0000000c   Code   RO         4145    i.user_dev_load_data  ocean_porting.o
    0x08008f88   0x00000034   Code   RO         4146    i.user_dev_save_data  ocean_porting.o
    0x08008fbc   0x0000001a   Code   RO         4147    i.user_recv_cmd     ocean_porting.o
    0x08008fd6   0x00000002   PAD
    0x08008fd8   0x00000009   Data   RO         1631    .constdata          los_bsp_adapter.o
    0x08008fe1   0x00000018   Data   RO         2216    .constdata          system_stm32f1xx.o
    0x08008ff9   0x00000003   PAD
    0x08008ffc   0x00000078   Data   RO         4673    .constdata          endpoints.o
    0x08009074   0x00000081   Data   RO         5948    .constdata          mc_w.l(ctype_o.o)
    0x080090f5   0x00000003   PAD
    0x080090f8   0x00000004   Data   RO         5949    .constdata          mc_w.l(ctype_o.o)
    0x080090fc   0x0000002a   Data   RO         4674    .conststring        endpoints.o
    0x08009126   0x00000002   PAD
    0x08009128   0x00000020   Data   RO         5983    Region$$Table       anon$$obj.o


    Execution Region RW_IRAM1 (Base: 0x20000000, Size: 0x0000e0e0, Max: 0x00010000, ABSOLUTE, COMPRESSED[0x000000b0])

    Base Addr    Size         Type   Attr      Idx    E Section Name        Object

    0x20000000   0x00000004   Data   RW            7    .data               los_priqueue.o
    0x20000004   0x00000010   Data   RW          126    .data               los_swtmr.o
    0x20000014   0x00000044   Data   RW          345    .data               los_task.o
    0x20000058   0x00000010   Data   RW          521    .data               los_tick.o
    0x20000068   0x00000008   Data   RW          550    .data               los_timeslice.o
    0x20000070   0x0000000c   Data   RW          630    .data               los_mux.o
    0x2000007c   0x00000004   Data   RW          707    .data               los_queue.o
    0x20000080   0x0000000c   Data   RW          809    .data               los_sem.o
    0x2000008c   0x00000004   Data   RW         1139    .data               los_hw_tick.o
    0x20000090   0x00000004   Data   RW         1171    .data               los_hwi.o
    0x20000094   0x00000008   Data   RW         1234    .data               los_config.o
    0x2000009c   0x00000004   Data   RW         1632    .data               los_bsp_adapter.o
    0x200000a0   0x00000010   Data   RW         1944    .data               los_dev_st_uart.o
    0x200000b0   0x00000008   Data   RW         2010    .data               los_dev_st_spi.o
    0x200000b8   0x00000004   Data   RW         2217    .data               system_stm32f1xx.o
    0x200000bc   0x00000004   Data   RW         2270    .data               stm32f1xx_hal.o
    0x200000c0   0x0000000f   Data   RW         3969    .data               ocean_interface.o
    0x200000cf   0x00000001   PAD
    0x200000d0   0x00000004   Data   RW         4041    .data               agent_client_interface.o
    0x200000d4   0x0000002c   Data   RW         4088    .data               agenttiny.o
    0x20000100   0x00000026   Data   RW         4241    .data               microtcpip.o
    0x20000126   0x00000002   PAD
    0x20000128   0x0000001c   Data   RW         4406    .data               udp_coap_interface.o
    0x20000144   0x00000034   Data   RW         4570    .data               coap_liteos_port.o
    0x20000178   0x00000002   Data   RW         4675    .data               endpoints.o
    0x2000017a   0x00000002   PAD
    0x2000017c   0x00000048   Data   RW         4790    .data               neul_bc95.o
    0x200001c4   0x00000008   Data   RW         4964    .data               spi_enc28j60.o
    0x200001cc   0x0000002e   Data   RW         5523    .data               ocean_sample.o
    0x200001fa   0x00000002   PAD
    0x200001fc   0x00000004   Data   RW         5574    .data               mc_w.l(rand.o)
    0x20000200   0x00000004   Data   RW         5919    .data               mc_w.l(errno.o)
    0x20000204   0x00000400   Data   RW         1172    .vector.bss         los_hwi.o
    0x20000604   0x000000d0   Zero   RW          125    .bss                los_swtmr.o
    0x200006d4   0x00008000   Zero   RW          918    .bss                los_memory.o
    0x200086d4   0x00000040   Zero   RW         1029    .bss                los_memstat.o
    0x20008714   0x00000170   Zero   RW         1943    .bss                los_dev_st_uart.o
    0x20008884   0x000000b0   Zero   RW         2009    .bss                los_dev_st_spi.o
    0x20008934   0x00000400   Zero   RW         3968    .bss                ocean_interface.o
    0x20008d34   0x00000044   Zero   RW         4040    .bss                agent_client_interface.o
    0x20008d78   0x00001fe8   Zero   RW         4087    .bss                agenttiny.o
    0x2000ad60   0x00000100   Zero   RW         4148    .bss                ocean_porting.o
    0x2000ae60   0x00000848   Zero   RW         4405    .bss                udp_coap_interface.o
    0x2000b6a8   0x00000a00   Zero   RW         4569    .bss                coap_liteos_port.o
    0x2000c0a8   0x000005dc   Zero   RW         4672    .bss                endpoints.o
    0x2000c684   0x00000c78   Zero   RW         4789    .bss                neul_bc95.o
    0x2000d2fc   0x000007e4   Zero   RW         5461    .bss                main.o
    0x2000dae0   0x00000200   Zero   RW         5522    .bss                ocean_sample.o
    0x2000dce0   0x00000400   Zero   RW         5444    STACK               startup_stm32f103xe.o


==============================================================================

Image component sizes


      Code (inc. data)   RO Data    RW Data    ZI Data      Debug   Object Name

       220         68          0          4         68       5677   agent_client_interface.o
       720        108          0         44       8168      10638   agenttiny.o
       172          8          0          0          0      19859   cmsis_liteos.o
      1490         10          0          0          0       9211   coap.o
      1414         88          0         52       2560      13599   coap_liteos_port.o
       268         18        162          2       1500       8673   endpoints.o
       122         14          9          4          0     513522   los_bsp_adapter.o
         4          0          0          0          0        501   los_bsp_uart.o
       188         18          0          8          0       3612   los_config.o
       480         24          0          8        176       4374   los_dev_st_spi.o
      2602         42          0         16        368       7809   los_dev_st_uart.o
       228         30          0          0          0        740   los_dispatch_keil.o
       216         16          0          0          0       2758   los_hw.o
        68         10          0          4          0       1325   los_hw_tick.o
        56         10          0       1028          0       5038   los_hwi.o
       356         10          0          0          0       3816   los_membox.o
      1210         14          0          0      32768      15172   los_memory.o
       112         24          0          0         64       1913   los_memstat.o
        28          0          0          0          0        588   los_misc.o
       396          4          0          0          0       5052   los_multipledlinkhead.o
       128         18          0         12          0       5700   los_mux.o
       232         22          0          4          0       9626   los_priqueue.o
      1170         72          0          4          0      17853   los_queue.o
       708         56          0         12          0       7088   los_sem.o
       616         84          0         16        208      17055   los_swtmr.o
        52          6          0          0          0       1069   los_sys.o
      2604        226          0         68          0      24980   los_task.o
        40          6          0         16          0        833   los_tick.o
        92         16          0          8          0       1245   los_timeslice.o
       596         90          0          0       2020       4128   main.o
      1032         90          0         38          0      10420   microtcpip.o
      2722        466          0         72       3192      14460   neul_bc95.o
       516         74          0         15       1024      10817   ocean_interface.o
       130         18          0          0        256       6514   ocean_porting.o
       544         52          0         46        512       4154   ocean_sample.o
      1124         38          0          8          0       7919   spi_enc28j60.o
        36          8        304          0       1024        844   startup_stm32f103xe.o
       130         16          0          4          0       3938   stm32f1xx_hal.o
       338         22          0          0          0      27253   stm32f1xx_hal_cortex.o
       874         46          0          0          0       4256   stm32f1xx_hal_gpio.o
       600         60          0          0          0       3129   stm32f1xx_hal_msp.o
        24          4          0          0          0        559   stm32f1xx_hal_pwr.o
      3112        100          0          0          0       6116   stm32f1xx_hal_rcc.o
       736         46          0          0          0       2525   stm32f1xx_hal_rcc_ex.o
      1178         18          0          0          0       9728   stm32f1xx_hal_rtc.o
        48         10          0          0          0       1927   stm32f1xx_hal_rtc_ex.o
      1236          0          0          0          0       3649   stm32f1xx_hal_spi.o
       838          6          0          0          0       5029   stm32f1xx_hal_uart.o
        60          0          0          0          0       4795   stm32f1xx_it.o
        88         18         24          4          0       1287   system_stm32f1xx.o
       952        110          0         28       2120       7456   udp_coap_interface.o

    ----------------------------------------------------------------------
     32940       2314        536       1532      56028     860229   Object Totals
         0          0         32          0          0          0   (incl. Generated)
        34          0          5          7          0          0   (incl. Padding)

    ----------------------------------------------------------------------

      Code (inc. data)   RO Data    RW Data    ZI Data      Debug   Library Member Name

        56          8          0          0          0         84   __0sscanf.o
        86          0          0          0          0          0   __dczerorl2.o
        28          0          0          0          0         68   _chval.o
       812          4          0          0          0        112   _scanf.o
       332          0          0          0          0         96   _scanf_int.o
       224          0          0          0          0         96   _scanf_str.o
        64          0          0          0          0         84   _sgetc.o
       158          0          0          0          0         92   _strtoul.o
        26          0          0          0          0         80   atoi.o
         8          4        133          0          0         68   ctype_o.o
         0          0          0          0          0          0   entry.o
         0          0          0          0          0          0   entry10a.o
         0          0          0          0          0          0   entry11a.o
         8          4          0          0          0          0   entry2.o
         4          0          0          0          0          0   entry5.o
         0          0          0          0          0          0   entry7b.o
         0          0          0          0          0          0   entry8b.o
         8          4          0          0          0          0   entry9a.o
         8          4          0          4          0         68   errno.o
        30          0          0          0          0          0   handlers.o
        36          8          0          0          0         68   init.o
        18          0          0          0          0         76   isspace_o.o
        30          0          0          0          0         68   llshl.o
        32          0          0          0          0         68   llushr.o
        26          0          0          0          0         80   memcmp.o
        36          0          0          0          0         68   memcpya.o
        36          0          0          0          0        108   memseta.o
      1172         50          0          0          0        420   printf8.o
        36         10          0          4          0        136   rand.o
        40          8          0          0          0         84   scanf_char.o
        14          0          0          0          0         68   strlen.o
        36          0          0          0          0         80   strstr.o
       112          0          0          0          0         88   strtol.o
        98          0          0          0          0         92   uldiv.o

    ----------------------------------------------------------------------
      3580        104        136          8          0       2352   Library Totals
         6          0          3          0          0          0   (incl. Padding)

    ----------------------------------------------------------------------

      Code (inc. data)   RO Data    RW Data    ZI Data      Debug   Library Name

      3574        104        133          8          0       2352   mc_w.l

    ----------------------------------------------------------------------
      3580        104        136          8          0       2352   Library Totals

    ----------------------------------------------------------------------

==============================================================================


      Code (inc. data)   RO Data    RW Data    ZI Data      Debug   

     36520       2418        672       1540      56028     847057   Grand Totals
     36520       2418        672        176      56028     847057   ELF Image Totals (compressed)
     36520       2418        672        176          0          0   ROM Totals

==============================================================================

    Total RO  Size (Code + RO Data)                37192 (  36.32kB)
    Total RW  Size (RW Data + ZI Data)             57568 (  56.22kB)
    Total ROM Size (Code + RO Data + RW Data)      37368 (  36.49kB)

==============================================================================

